[INFO] [runner.py:579:main] cmd=/usr/bin/python3 -u -m phisonlib.launcher.launch --world_info=eyJsb2NhbGhvc3QiOiBbMF19 --master_addr=127.0.0.1 --master_port=8299 /home/root/aiDAPTIV2/text-generation/train.py --model_name_or_path /app/gemma-3-12b-it --optimizer_path  --max_seq_len 2048 --nvme_path /mnt/nvme0 --beta1 0.9 --beta2 0.95 --eps 1e-08 --weight_decay 0.01 --precision_mode 1 --learning_rate 7e-06 --num_train_epochs 3 --max_iter -1 --lr_scheduler_mode 1 --train_dataset_config_path /workspace/finetune/configs/dataset/qa_dataset_config.yaml --per_device_train_batch_size 1 --gradient_accumulation_steps 1 --triton --num_of_iteration_to_save_model 2 --max_num_of_saved_model_on_epoch_end 1 --max_num_of_saved_model_on_iteration 2 --output_dir /workspace/finetune/runs/gemma3-12b-smoke-007/trained-model
nnodes=1, num_local_procs=1, node_rank=0
global_rank_mapping=defaultdict(<class 'list'>, {'localhost': [0]})
dist_world_size=1
Setting CUDA_VISIBLE_DEVICES=0
#### ======== [INITIALIZE Tokenizer] ======== ####
#### ======== [INITIALIZE Dataloader] ======== ####
[INFO] get dataset name:  /workspace/finetune/datasets/fixtures/qa-smoke-variants.json  training_strategy:  qa
#### ======== [INITIALIZE Model] ======== ####
[INFO] [create_hf_model] init from pretrained
[INFO] You are loading [Gemma3ForConditionalGeneration] with FlashAttention2
[INFO] You are setting [Gemma3ForConditionalGeneration] with Gradient Checkpointing
[INFO] create current swap data path: /mnt/nvme0/phison_2561
[INFO] You are accelerating [Gemma3ForConditionalGeneration] VisionEncoder with FusedEmbedding kernel
[INFO] You are accelerating [Gemma3ForConditionalGeneration] VisionEncoder with FusedGateMLP kernel
[INFO] You are accelerating [Gemma3ForConditionalGeneration] VisionEncoder with FusedQKVOLinear kernel
[INFO] You are accelerating [Gemma3ForConditionalGeneration] VisionEncoder with FusedRoPE kernel
[INFO] You are accelerating [Gemma3ForConditionalGeneration] TextDecoder with FusedEmbedding kernel
[INFO] You are accelerating [Gemma3ForConditionalGeneration] TextDecoder with FusedGateMLP kernel
[INFO] You are accelerating [Gemma3ForConditionalGeneration] TextDecoder with FusedQKVOLinear kernel
[INFO] You are accelerating [Gemma3ForConditionalGeneration] TextDecoder with FusedRoPE kernel
[INFO] You are accelerating [Gemma3ForConditionalGeneration] TextDecoder with FusedLinearXentropy kernel
[2026-09-08 09:15:13.967325] [INFO] Enable Early-stopping: False
[INFO] The current training schedule consists of 3 epochs with 12 iterations each.
[INFO] The accumulated time is set to 1 so the training will be updated 12 times during each epoch.
[INFO] If the trained model does not show significant improvement, you may consider increasing the number of update cycles.
[INFO] If the trained model shows signs of overfitting, you should decrease the number of update cycles.
[2026-09-08 09:15:13.967470] [INFO] Beginning of Epoch 1/3, Total Micro Batches 12
[2026-09-08 09:15:13.995099] [PHISON START] Epoch: 0, Iteration: 0
[2026-09-08 09:15:13.995353] [Forward][start]
[2026-09-08 09:15:17.687241] [Forward][time spent]:3.6918697357177734
[2026-09-08 09:15:18.090934] [Loss]:7.844476222991943
[2026-09-08 09:15:18.091003] [Backward][start]
[2026-09-08 09:15:23.894143] [Backward][time spent]:5.803100347518921
[2026-09-08 09:15:23.894454] [Update][Start]
using avx512bf16
max_compute_thread = 62
[2026-09-08 09:15:54.382246] [Update][time spent]:30.487751245498657
[2026-09-08 09:15:54.382455] [PHISON END] Iteration: 0

[2026-09-08 09:15:54.382478] [INFO] Training efficiency: 50.67424389440912 (tokens/s)

[2026-09-08 09:15:54.386466] [PHISON START] Epoch: 0, Iteration: 1
[2026-09-08 09:15:54.386715] [Forward][start]
[2026-09-08 09:15:56.310418] [Forward][time spent]:1.9236814975738525
[2026-09-08 09:15:56.720346] [Loss]:11.555767059326172
[2026-09-08 09:15:56.720373] [Backward][start]
[2026-09-08 09:16:01.512943] [Backward][time spent]:4.792546272277832
[2026-09-08 09:16:01.513190] [Update][Start]
[2026-09-08 09:16:31.089842] [Update][time spent]:29.576608896255493
[2026-09-08 09:16:31.089999] [PHISON END] Iteration: 1

[2026-09-08 09:16:31.090047] [INFO] Training efficiency: 55.79232677805524 (tokens/s)

[2026-09-08 09:16:31.093659] [PHISON START] Epoch: 0, Iteration: 2
[2026-09-08 09:16:31.093880] [Forward][start]
[2026-09-08 09:16:33.016472] [Forward][time spent]:1.9225742816925049
[2026-09-08 09:16:33.426768] [Loss]:4.4419264793396
[2026-09-08 09:16:33.426786] [Backward][start]
[2026-09-08 09:16:38.312938] [Backward][time spent]:4.8861353397369385
[2026-09-08 09:16:38.313107] [Update][Start]
[2026-09-08 09:17:07.923987] [Update][time spent]:29.61084222793579
[2026-09-08 09:17:07.924210] [PHISON END] Iteration: 2

[2026-09-08 09:17:07.924234] [INFO] Training efficiency: 55.60054035851618 (tokens/s)

[2026-09-08 09:17:07.928109] [PHISON START] Epoch: 0, Iteration: 3
[2026-09-08 09:17:07.928366] [Forward][start]
[2026-09-08 09:17:09.846461] [Forward][time spent]:1.9180729389190674
[2026-09-08 09:17:10.256610] [Loss]:1.898594856262207
[2026-09-08 09:17:10.256633] [Backward][start]
[2026-09-08 09:17:15.071430] [Backward][time spent]:4.814779043197632
[2026-09-08 09:17:15.071611] [Update][Start]
[2026-09-08 09:17:44.439724] [Update][time spent]:29.36807346343994
[2026-09-08 09:17:44.439924] [PHISON END] Iteration: 3

[2026-09-08 09:17:44.439946] [INFO] Training efficiency: 56.085466649097874 (tokens/s)

[2026-09-08 09:17:44.443759] [PHISON START] Epoch: 0, Iteration: 4
[2026-09-08 09:17:44.443995] [Forward][start]
[2026-09-08 09:17:46.360328] [Forward][time spent]:1.916316032409668
[2026-09-08 09:17:46.770736] [Loss]:0.8479839563369751
[2026-09-08 09:17:46.770818] [Backward][start]
[2026-09-08 09:17:51.651607] [Backward][time spent]:4.8807690143585205
[2026-09-08 09:17:51.651794] [Update][Start]
[2026-09-08 09:18:21.193686] [Update][time spent]:29.54185175895691
[2026-09-08 09:18:21.193874] [PHISON END] Iteration: 4

[2026-09-08 09:18:21.193899] [INFO] Training efficiency: 55.721914831823234 (tokens/s)

[2026-09-08 09:18:21.197648] [PHISON START] Epoch: 0, Iteration: 5
[2026-09-08 09:18:21.197879] [Forward][start]
[2026-09-08 09:18:23.116327] [Forward][time spent]:1.918433666229248
[2026-09-08 09:18:23.526620] [Loss]:0.413160502910614
[2026-09-08 09:18:23.526656] [Backward][start]
[2026-09-08 09:18:28.304795] [Backward][time spent]:4.778118848800659
[2026-09-08 09:18:28.305002] [Update][Start]
[2026-09-08 09:18:57.841108] [Update][time spent]:29.53606605529785
[2026-09-08 09:18:57.841321] [PHISON END] Iteration: 5

[2026-09-08 09:18:57.841345] [INFO] Training efficiency: 55.8838587951295 (tokens/s)

[2026-09-08 09:18:57.844233] [PHISON START] Epoch: 0, Iteration: 6
[2026-09-08 09:18:57.844484] [Forward][start]
[2026-09-08 09:18:59.766481] [Forward][time spent]:1.9219825267791748
[2026-09-08 09:19:00.176997] [Loss]:0.005487564951181412
[2026-09-08 09:19:00.177046] [Backward][start]
[2026-09-08 09:19:05.029631] [Backward][time spent]:4.852565050125122
[2026-09-08 09:19:05.029826] [Update][Start]
[2026-09-08 09:19:34.675411] [Update][time spent]:29.64554524421692
[2026-09-08 09:19:34.675605] [PHISON END] Iteration: 6

[2026-09-08 09:19:34.675628] [INFO] Training efficiency: 55.60039712319672 (tokens/s)

[2026-09-08 09:19:34.678511] [PHISON START] Epoch: 0, Iteration: 7
[2026-09-08 09:19:34.678706] [Forward][start]
[2026-09-08 09:19:36.599728] [Forward][time spent]:1.921008825302124
[2026-09-08 09:19:37.010054] [Loss]:1.2281076908111572
[2026-09-08 09:19:37.010112] [Backward][start]
[2026-09-08 09:19:41.805456] [Backward][time spent]:4.795323371887207
[2026-09-08 09:19:41.805643] [Update][Start]
[2026-09-08 09:20:11.409635] [Update][time spent]:29.603949785232544
[2026-09-08 09:20:11.409837] [PHISON END] Iteration: 7

[2026-09-08 09:20:11.409856] [INFO] Training efficiency: 55.75183533324067 (tokens/s)

[2026-09-08 09:20:11.412753] [PHISON START] Epoch: 0, Iteration: 8
[2026-09-08 09:20:11.412980] [Forward][start]
[2026-09-08 09:20:13.329987] [Forward][time spent]:1.9169921875
[2026-09-08 09:20:13.740447] [Loss]:0.0031067044474184513
[2026-09-08 09:20:13.740516] [Backward][start]
[2026-09-08 09:20:18.546507] [Backward][time spent]:4.80597186088562
[2026-09-08 09:20:18.546738] [Update][Start]
[2026-09-08 09:20:48.079968] [Update][time spent]:29.533191919326782
[2026-09-08 09:20:48.080128] [PHISON END] Iteration: 8

[2026-09-08 09:20:48.080147] [INFO] Training efficiency: 55.84904072690648 (tokens/s)

[2026-09-08 09:20:48.082862] [PHISON START] Epoch: 0, Iteration: 9
[2026-09-08 09:20:48.083078] [Forward][start]
[2026-09-08 09:20:50.004386] [Forward][time spent]:1.9212918281555176
[2026-09-08 09:20:50.414797] [Loss]:0.002860985929146409
[2026-09-08 09:20:50.414840] [Backward][start]
[2026-09-08 09:20:55.233053] [Backward][time spent]:4.818194150924683
[2026-09-08 09:20:55.233234] [Update][Start]
[2026-09-08 09:21:24.740471] [Update][time spent]:29.507174253463745
[2026-09-08 09:21:24.740674] [PHISON END] Iteration: 9

[2026-09-08 09:21:24.740696] [INFO] Training efficiency: 55.86388400233348 (tokens/s)

[2026-09-08 09:21:24.743359] [PHISON START] Epoch: 0, Iteration: 10
[2026-09-08 09:21:24.743579] [Forward][start]
[2026-09-08 09:21:26.663874] [Forward][time spent]:1.9202802181243896
[2026-09-08 09:21:27.074420] [Loss]:0.11847645789384842
[2026-09-08 09:21:27.074464] [Backward][start]
[2026-09-08 09:21:31.855310] [Backward][time spent]:4.780828237533569
[2026-09-08 09:21:31.855501] [Update][Start]
[2026-09-08 09:22:01.361245] [Update][time spent]:29.505704164505005
[2026-09-08 09:22:01.361436] [PHISON END] Iteration: 10

[2026-09-08 09:22:01.361458] [INFO] Training efficiency: 55.92457762624858 (tokens/s)

[2026-09-08 09:22:01.364187] [PHISON START] Epoch: 0, Iteration: 11
[2026-09-08 09:22:01.364410] [Forward][start]
[2026-09-08 09:22:03.283278] [Forward][time spent]:1.9188532829284668
[2026-09-08 09:22:03.693685] [Loss]:0.013119333423674107
[2026-09-08 09:22:03.693708] [Backward][start]
[2026-09-08 09:22:08.564775] [Backward][time spent]:4.871047019958496
[2026-09-08 09:22:08.564969] [Update][Start]
[2026-09-08 09:22:37.900387] [Update][time spent]:29.335378408432007
[2026-09-08 09:22:37.900592] [PHISON END] Iteration: 11

[2026-09-08 09:22:37.900615] [INFO] Training efficiency: 56.049474615042065 (tokens/s)

[2026-09-08 09:22:37.901108] [Save Model_Checkpoint][Start]
[2026-09-08 09:23:19.778318] [Save Model_Checkpoint][time spent]:41.87717604637146
[2026-09-08 09:23:19.778498] The model stored this time includes 12 update cycles.
[2026-09-08 09:23:19.778529] [INFO] Beginning of Epoch 2/3, Total Micro Batches 12
[2026-09-08 09:23:19.791550] [PHISON START] Epoch: 1, Iteration: 0
[2026-09-08 09:23:19.791785] [Forward][start]
[2026-09-08 09:23:21.711859] [Forward][time spent]:1.920058012008667
[2026-09-08 09:23:22.122103] [Loss]:0.012123609893023968
[2026-09-08 09:23:22.122183] [Backward][start]
[2026-09-08 09:23:26.892307] [Backward][time spent]:4.770063161849976
[2026-09-08 09:23:26.892498] [Update][Start]
[2026-09-08 09:23:56.255433] [Update][time spent]:29.362895250320435
[2026-09-08 09:23:56.255632] [PHISON END] Iteration: 0

[2026-09-08 09:23:56.255653] [INFO] Training efficiency: 56.14477503888611 (tokens/s)

[2026-09-08 09:23:56.259369] [PHISON START] Epoch: 1, Iteration: 1
[2026-09-08 09:23:56.259611] [Forward][start]
[2026-09-08 09:23:58.180864] [Forward][time spent]:1.9212329387664795
[2026-09-08 09:23:58.591085] [Loss]:0.00537706445902586
[2026-09-08 09:23:58.591105] [Backward][start]
[2026-09-08 09:24:03.445764] [Backward][time spent]:4.854633569717407
[2026-09-08 09:24:03.446001] [Update][Start]
[2026-09-08 09:24:32.901144] [Update][time spent]:29.455100297927856
[2026-09-08 09:24:32.901360] [PHISON END] Iteration: 1

[2026-09-08 09:24:32.901382] [INFO] Training efficiency: 55.886479499665036 (tokens/s)

[2026-09-08 09:24:32.904997] [PHISON START] Epoch: 1, Iteration: 2
[2026-09-08 09:24:32.905236] [Forward][start]
[2026-09-08 09:24:34.826574] [Forward][time spent]:1.9213244915008545
[2026-09-08 09:24:35.236448] [Loss]:0.03863213583827019
[2026-09-08 09:24:35.236477] [Backward][start]
[2026-09-08 09:24:40.039573] [Backward][time spent]:4.803078651428223
[2026-09-08 09:24:40.039751] [Update][Start]
[2026-09-08 09:25:09.430045] [Update][time spent]:29.39025330543518
[2026-09-08 09:25:09.430285] [PHISON END] Iteration: 2

[2026-09-08 09:25:09.430309] [INFO] Training efficiency: 56.06517258479644 (tokens/s)

[2026-09-08 09:25:09.433127] [PHISON START] Epoch: 1, Iteration: 3
[2026-09-08 09:25:09.433374] [Forward][start]
[2026-09-08 09:25:11.350288] [Forward][time spent]:1.9168939590454102
[2026-09-08 09:25:11.760505] [Loss]:0.032920755445957184
[2026-09-08 09:25:11.760524] [Backward][start]
[2026-09-08 09:25:16.579953] [Backward][time spent]:4.819412469863892
[2026-09-08 09:25:16.580137] [Update][Start]
[2026-09-08 09:25:46.197362] [Update][time spent]:29.617188215255737
[2026-09-08 09:25:46.197546] [PHISON END] Iteration: 3

[2026-09-08 09:25:46.197567] [INFO] Training efficiency: 55.70175473795017 (tokens/s)

[2026-09-08 09:25:46.200411] [PHISON START] Epoch: 1, Iteration: 4
[2026-09-08 09:25:46.200626] [Forward][start]
[2026-09-08 09:25:48.121830] [Forward][time spent]:1.9211902618408203
[2026-09-08 09:25:48.532374] [Loss]:0.002957668388262391
[2026-09-08 09:25:48.532408] [Backward][start]
[2026-09-08 09:25:53.376230] [Backward][time spent]:4.843804121017456
[2026-09-08 09:25:53.376423] [Update][Start]
[2026-09-08 09:26:22.926510] [Update][time spent]:29.550046920776367
[2026-09-08 09:26:22.926710] [PHISON END] Iteration: 4

[2026-09-08 09:26:22.926733] [INFO] Training efficiency: 55.75951918959965 (tokens/s)

[2026-09-08 09:26:22.929439] [PHISON START] Epoch: 1, Iteration: 5
[2026-09-08 09:26:22.929661] [Forward][start]
[2026-09-08 09:26:24.851955] [Forward][time spent]:1.9222807884216309
[2026-09-08 09:26:25.262356] [Loss]:0.0007817228906787932
[2026-09-08 09:26:25.262381] [Backward][start]
[2026-09-08 09:26:30.035736] [Backward][time spent]:4.773336887359619
[2026-09-08 09:26:30.035925] [Update][Start]
[2026-09-08 09:26:59.481276] [Update][time spent]:29.4453125
[2026-09-08 09:26:59.481481] [PHISON END] Iteration: 5

[2026-09-08 09:26:59.481504] [INFO] Training efficiency: 56.0255398052947 (tokens/s)

[2026-09-08 09:26:59.484174] [PHISON START] Epoch: 1, Iteration: 6
[2026-09-08 09:26:59.484396] [Forward][start]
[2026-09-08 09:27:01.411730] [Forward][time spent]:1.9273202419281006
[2026-09-08 09:27:01.822216] [Loss]:0.00039553220267407596
[2026-09-08 09:27:01.822240] [Backward][start]
[2026-09-08 09:27:06.670936] [Backward][time spent]:4.848679542541504
[2026-09-08 09:27:06.671117] [Update][Start]
[2026-09-08 09:27:36.036379] [Update][time spent]:29.36522078514099
[2026-09-08 09:27:36.036571] [PHISON END] Iteration: 6

[2026-09-08 09:27:36.036592] [INFO] Training efficiency: 56.02505490839602 (tokens/s)

[2026-09-08 09:27:36.039269] [PHISON START] Epoch: 1, Iteration: 7
[2026-09-08 09:27:36.039488] [Forward][start]
[2026-09-08 09:27:37.958326] [Forward][time spent]:1.9188203811645508
[2026-09-08 09:27:38.368829] [Loss]:0.003225921653211117
[2026-09-08 09:27:38.368856] [Backward][start]
[2026-09-08 09:27:43.124206] [Backward][time spent]:4.755329608917236
[2026-09-08 09:27:43.124398] [Update][Start]
[2026-09-08 09:28:12.637148] [Update][time spent]:29.51270890235901
[2026-09-08 09:28:12.637356] [PHISON END] Iteration: 7

[2026-09-08 09:28:12.637378] [INFO] Training efficiency: 55.95510185762582 (tokens/s)

[2026-09-08 09:28:12.640049] [PHISON START] Epoch: 1, Iteration: 8
[2026-09-08 09:28:12.640269] [Forward][start]
[2026-09-08 09:28:14.562124] [Forward][time spent]:1.9218413829803467
[2026-09-08 09:28:14.972617] [Loss]:0.002414596965536475
[2026-09-08 09:28:14.972658] [Backward][start]
[2026-09-08 09:28:19.817629] [Backward][time spent]:4.844952344894409
[2026-09-08 09:28:19.817826] [Update][Start]
[2026-09-08 09:28:49.218080] [Update][time spent]:29.400214433670044
[2026-09-08 09:28:49.218266] [PHISON END] Iteration: 8

[2026-09-08 09:28:49.218288] [INFO] Training efficiency: 55.985502525200026 (tokens/s)

[2026-09-08 09:28:49.222099] [PHISON START] Epoch: 1, Iteration: 9
[2026-09-08 09:28:49.222328] [Forward][start]
[2026-09-08 09:28:51.139183] [Forward][time spent]:1.9168343544006348
[2026-09-08 09:28:51.549324] [Loss]:0.0002468400343786925
[2026-09-08 09:28:51.549376] [Backward][start]
[2026-09-08 09:28:56.353618] [Backward][time spent]:4.8041980266571045
[2026-09-08 09:28:56.353876] [Update][Start]
[2026-09-08 09:29:26.046941] [Update][time spent]:29.69302797317505
[2026-09-08 09:29:26.047153] [PHISON END] Iteration: 9

[2026-09-08 09:29:26.047176] [INFO] Training efficiency: 55.60853823493207 (tokens/s)

[2026-09-08 09:29:26.051169] [PHISON START] Epoch: 1, Iteration: 10
[2026-09-08 09:29:26.051418] [Forward][start]
[2026-09-08 09:29:27.979025] [Forward][time spent]:1.9275870323181152
[2026-09-08 09:29:28.389170] [Loss]:0.006952892988920212
[2026-09-08 09:29:28.389194] [Backward][start]
[2026-09-08 09:29:33.190939] [Backward][time spent]:4.801720142364502
[2026-09-08 09:29:33.191186] [Update][Start]
[2026-09-08 09:30:03.020339] [Update][time spent]:29.829111337661743
[2026-09-08 09:30:03.020512] [PHISON END] Iteration: 10

[2026-09-08 09:30:03.020533] [INFO] Training efficiency: 55.39125794968942 (tokens/s)

[2026-09-08 09:30:03.024192] [PHISON START] Epoch: 1, Iteration: 11
[2026-09-08 09:30:03.024423] [Forward][start]
[2026-09-08 09:30:04.961311] [Forward][time spent]:1.936873197555542
[2026-09-08 09:30:05.371528] [Loss]:0.0033822732511907816
[2026-09-08 09:30:05.371567] [Backward][start]
[2026-09-08 09:30:10.168343] [Backward][time spent]:4.79675817489624
[2026-09-08 09:30:10.168536] [Update][Start]
[2026-09-08 09:30:40.114319] [Update][time spent]:29.945743799209595
[2026-09-08 09:30:40.114468] [PHISON END] Iteration: 11

[2026-09-08 09:30:40.114490] [INFO] Training efficiency: 55.21116469005871 (tokens/s)

[2026-09-08 09:30:40.957937] [Save Model_Checkpoint][Start]
[2026-09-08 09:31:23.974727] [Save Model_Checkpoint][time spent]:43.01665687561035
[2026-09-08 09:31:23.974927] The model stored this time includes 24 update cycles.
[2026-09-08 09:31:23.974959] [INFO] Beginning of Epoch 3/3, Total Micro Batches 12
[2026-09-08 09:31:23.986969] [PHISON START] Epoch: 2, Iteration: 0
[2026-09-08 09:31:23.987208] [Forward][start]
[2026-09-08 09:31:25.904176] [Forward][time spent]:1.9169528484344482
[2026-09-08 09:31:26.314459] [Loss]:0.003804602660238743
[2026-09-08 09:31:26.314493] [Backward][start]
[2026-09-08 09:31:31.076246] [Backward][time spent]:4.761724948883057
[2026-09-08 09:31:31.076449] [Update][Start]
[2026-09-08 09:32:00.125092] [Update][time spent]:29.04860520362854
[2026-09-08 09:32:00.125245] [PHISON END] Iteration: 0

[2026-09-08 09:32:00.125280] [INFO] Training efficiency: 56.652337948001474 (tokens/s)

[2026-09-08 09:32:00.128171] [PHISON START] Epoch: 2, Iteration: 1
[2026-09-08 09:32:00.128383] [Forward][start]
[2026-09-08 09:32:02.050698] [Forward][time spent]:1.9222993850708008
[2026-09-08 09:32:02.460593] [Loss]:0.00013846428191754967
[2026-09-08 09:32:02.460639] [Backward][start]
[2026-09-08 09:32:07.187713] [Backward][time spent]:4.727038860321045
[2026-09-08 09:32:07.187927] [Update][Start]
[2026-09-08 09:32:36.688481] [Update][time spent]:29.500513315200806
[2026-09-08 09:32:36.688655] [PHISON END] Iteration: 1

[2026-09-08 09:32:36.688686] [INFO] Training efficiency: 56.01231137808328 (tokens/s)

[2026-09-08 09:32:36.695996] [PHISON START] Epoch: 2, Iteration: 2
[2026-09-08 09:32:36.696294] [Forward][start]
[2026-09-08 09:32:38.625300] [Forward][time spent]:1.9289872646331787
[2026-09-08 09:32:39.033336] [Loss]:0.0001593149936525151
[2026-09-08 09:32:39.033355] [Backward][start]
[2026-09-08 09:32:43.820129] [Backward][time spent]:4.786746263504028
[2026-09-08 09:32:43.820394] [Update][Start]
[2026-09-08 09:33:13.824607] [Update][time spent]:30.004169464111328
[2026-09-08 09:33:13.824792] [PHISON END] Iteration: 2

[2026-09-08 09:33:13.824825] [INFO] Training efficiency: 55.1484538794944 (tokens/s)

[2026-09-08 09:33:13.830184] [PHISON START] Epoch: 2, Iteration: 3
[2026-09-08 09:33:13.830454] [Forward][start]
[2026-09-08 09:33:15.757705] [Forward][time spent]:1.9272313117980957
[2026-09-08 09:33:16.166090] [Loss]:0.002805345458909869
[2026-09-08 09:33:16.166147] [Backward][start]
[2026-09-08 09:33:20.948558] [Backward][time spent]:4.782381057739258
[2026-09-08 09:33:20.948826] [Update][Start]
[2026-09-08 09:33:50.704016] [Update][time spent]:29.75515127182007
[2026-09-08 09:33:50.704177] [PHISON END] Iteration: 3

[2026-09-08 09:33:50.704208] [INFO] Training efficiency: 55.53240167053597 (tokens/s)

[2026-09-08 09:33:50.709566] [PHISON START] Epoch: 2, Iteration: 4
[2026-09-08 09:33:50.709851] [Forward][start]
[2026-09-08 09:33:52.638506] [Forward][time spent]:1.9286398887634277
[2026-09-08 09:33:53.047174] [Loss]:0.0024881393183022738
[2026-09-08 09:33:53.047207] [Backward][start]
[2026-09-08 09:33:57.869821] [Backward][time spent]:4.822585582733154
[2026-09-08 09:33:57.870064] [Update][Start]
[2026-09-08 09:34:28.679130] [Update][time spent]:30.809024572372437
[2026-09-08 09:34:28.679346] [PHISON END] Iteration: 4

[2026-09-08 09:34:28.679375] [INFO] Training efficiency: 53.92999797801777 (tokens/s)

[2026-09-08 09:34:28.692866] [PHISON START] Epoch: 2, Iteration: 5
[2026-09-08 09:34:28.693302] [Forward][start]
[2026-09-08 09:34:30.621306] [Forward][time spent]:1.927919864654541
[2026-09-08 09:34:31.027262] [Loss]:0.00011326932144584134
[2026-09-08 09:34:31.027296] [Backward][start]
[2026-09-08 09:34:35.941581] [Backward][time spent]:4.914249420166016
[2026-09-08 09:34:35.941890] [Update][Start]
[2026-09-08 09:35:08.004326] [Update][time spent]:32.062395095825195
[2026-09-08 09:35:08.004486] [PHISON END] Iteration: 5

[2026-09-08 09:35:08.004513] [INFO] Training efficiency: 52.078662854689696 (tokens/s)

[2026-09-08 09:35:08.011023] [PHISON START] Epoch: 2, Iteration: 6
[2026-09-08 09:35:08.011305] [Forward][start]
[2026-09-08 09:35:09.952797] [Forward][time spent]:1.941472053527832
[2026-09-08 09:35:10.360177] [Loss]:4.557202191790566e-05
[2026-09-08 09:35:10.360196] [Backward][start]
[2026-09-08 09:35:15.232765] [Backward][time spent]:4.872525930404663
[2026-09-08 09:35:15.233071] [Update][Start]
[2026-09-08 09:35:45.450279] [Update][time spent]:30.21716809272766
[2026-09-08 09:35:45.450425] [PHISON END] Iteration: 6

[2026-09-08 09:35:45.450453] [INFO] Training efficiency: 54.69219565840749 (tokens/s)

[2026-09-08 09:35:45.455555] [PHISON START] Epoch: 2, Iteration: 7
[2026-09-08 09:35:45.455797] [Forward][start]
[2026-09-08 09:35:47.388545] [Forward][time spent]:1.932732343673706
[2026-09-08 09:35:47.796420] [Loss]:0.0015180552145466208
[2026-09-08 09:35:47.796450] [Backward][start]
[2026-09-08 09:35:52.682945] [Backward][time spent]:4.886467218399048
[2026-09-08 09:35:52.683183] [Update][Start]
[2026-09-08 09:36:24.310714] [Update][time spent]:31.627492904663086
[2026-09-08 09:36:24.310876] [PHISON END] Iteration: 7

[2026-09-08 09:36:24.310905] [INFO] Training efficiency: 52.701410138503306 (tokens/s)

[2026-09-08 09:36:24.314741] [PHISON START] Epoch: 2, Iteration: 8
[2026-09-08 09:36:24.314971] [Forward][start]
[2026-09-08 09:36:26.251364] [Forward][time spent]:1.9363806247711182
[2026-09-08 09:36:26.659494] [Loss]:0.000405334954848513
[2026-09-08 09:36:26.659520] [Backward][start]
[2026-09-08 09:36:31.492629] [Backward][time spent]:4.833083391189575
[2026-09-08 09:36:31.492925] [Update][Start]
[2026-09-08 09:37:02.257617] [Update][time spent]:30.764657020568848
[2026-09-08 09:37:02.257782] [PHISON END] Iteration: 8

[2026-09-08 09:37:02.257811] [INFO] Training efficiency: 53.97016098391205 (tokens/s)

[2026-09-08 09:37:02.262817] [PHISON START] Epoch: 2, Iteration: 9
[2026-09-08 09:37:02.263062] [Forward][start]
[2026-09-08 09:37:04.196399] [Forward][time spent]:1.9333138465881348
[2026-09-08 09:37:04.604454] [Loss]:4.035522943013348e-05
[2026-09-08 09:37:04.604492] [Backward][start]
[2026-09-08 09:37:09.498860] [Backward][time spent]:4.8943164348602295
[2026-09-08 09:37:09.499171] [Update][Start]
[2026-09-08 09:37:40.697256] [Update][time spent]:31.198043823242188
[2026-09-08 09:37:40.697441] [PHISON END] Iteration: 9

[2026-09-08 09:37:40.697471] [INFO] Training efficiency: 53.27832688951149 (tokens/s)

[2026-09-08 09:37:40.702335] [PHISON START] Epoch: 2, Iteration: 10
[2026-09-08 09:37:40.702649] [Forward][start]
[2026-09-08 09:37:42.635685] [Forward][time spent]:1.9329936504364014
[2026-09-08 09:37:43.043022] [Loss]:0.0018688989803195
[2026-09-08 09:37:43.043064] [Backward][start]
[2026-09-08 09:37:47.900781] [Backward][time spent]:4.857691526412964
[2026-09-08 09:37:47.901026] [Update][Start]
[2026-09-08 09:38:17.933744] [Update][time spent]:30.032682418823242
[2026-09-08 09:38:17.933892] [PHISON END] Iteration: 10

[2026-09-08 09:38:17.933920] [INFO] Training efficiency: 54.999893277624956 (tokens/s)

[2026-09-08 09:38:17.937553] [PHISON START] Epoch: 2, Iteration: 11
[2026-09-08 09:38:17.937766] [Forward][start]
[2026-09-08 09:38:19.864841] [Forward][time spent]:1.9270598888397217
[2026-09-08 09:38:20.273157] [Loss]:0.00120839336887002
[2026-09-08 09:38:20.273201] [Backward][start]
[2026-09-08 09:38:25.134892] [Backward][time spent]:4.861658811569214
[2026-09-08 09:38:25.135108] [Update][Start]
[2026-09-08 09:38:56.677302] [Update][time spent]:31.542158126831055
[2026-09-08 09:38:56.677502] [PHISON END] Iteration: 11

[2026-09-08 09:38:56.677540] [INFO] Training efficiency: 52.86033149784742 (tokens/s)

[2026-09-08 09:38:58.450350] [Save Model_Checkpoint][Start]
[2026-09-08 09:39:42.283163] [Save Model_Checkpoint][time spent]:43.8326849937439
[2026-09-08 09:39:42.283341] The model stored this time includes 36 update cycles.
[2026-09-08 09:39:42.283375] [INFO] training complete!
Process 2562 exits successfully.
[INFO] remove current swap data path: /mnt/nvme0/phison_2561
