[INFO] [runner.py:579:main] cmd=/usr/bin/python3 -u -m phisonlib.launcher.launch --world_info=eyJsb2NhbGhvc3QiOiBbMF19 --master_addr=127.0.0.1 --master_port=8299 /home/root/aiDAPTIV2/text-generation/train.py --model_name_or_path /app/gemma-3-12b-it --optimizer_path  --max_seq_len 2048 --nvme_path /mnt/nvme0 --beta1 0.9 --beta2 0.95 --eps 1e-08 --weight_decay 0.01 --precision_mode 1 --learning_rate 7e-06 --num_train_epochs 1 --max_iter -1 --lr_scheduler_mode 1 --train_dataset_config_path /workspace/finetune/configs/dataset/qa_dataset_config.yaml --per_device_train_batch_size 1 --gradient_accumulation_steps 1 --triton --num_of_iteration_to_save_model 2 --max_num_of_saved_model_on_epoch_end -1 --max_num_of_saved_model_on_iteration 2 --output_dir /workspace/finetune/runs/gemma3-12b-smoke-004/trained-model
nnodes=1, num_local_procs=1, node_rank=0
global_rank_mapping=defaultdict(<class 'list'>, {'localhost': [0]})
dist_world_size=1
Setting CUDA_VISIBLE_DEVICES=0
#### ======== [INITIALIZE Tokenizer] ======== ####
#### ======== [INITIALIZE Dataloader] ======== ####
[INFO] get dataset name:  /workspace/finetune/datasets/fixtures/qa-smoke.json  training_strategy:  qa
#### ======== [INITIALIZE Model] ======== ####
[INFO] [create_hf_model] init from pretrained
[INFO] You are loading [Gemma3ForConditionalGeneration] with FlashAttention2
[INFO] You are setting [Gemma3ForConditionalGeneration] with Gradient Checkpointing
[INFO] create current swap data path: /mnt/nvme0/phison_1239
[INFO] You are accelerating [Gemma3ForConditionalGeneration] VisionEncoder with FusedEmbedding kernel
[INFO] You are accelerating [Gemma3ForConditionalGeneration] VisionEncoder with FusedGateMLP kernel
[INFO] You are accelerating [Gemma3ForConditionalGeneration] VisionEncoder with FusedQKVOLinear kernel
[INFO] You are accelerating [Gemma3ForConditionalGeneration] VisionEncoder with FusedRoPE kernel
[INFO] You are accelerating [Gemma3ForConditionalGeneration] TextDecoder with FusedEmbedding kernel
[INFO] You are accelerating [Gemma3ForConditionalGeneration] TextDecoder with FusedGateMLP kernel
[INFO] You are accelerating [Gemma3ForConditionalGeneration] TextDecoder with FusedQKVOLinear kernel
[INFO] You are accelerating [Gemma3ForConditionalGeneration] TextDecoder with FusedRoPE kernel
[INFO] You are accelerating [Gemma3ForConditionalGeneration] TextDecoder with FusedLinearXentropy kernel
[2026-09-08 03:23:20.430474] [INFO] Enable Early-stopping: False
[INFO] The current training schedule consists of 1 epochs with 8 iterations each.
[INFO] The accumulated time is set to 1 so the training will be updated 8 times during each epoch.
[INFO] If the trained model does not show significant improvement, you may consider increasing the number of update cycles.
[INFO] If the trained model shows signs of overfitting, you should decrease the number of update cycles.
[2026-09-08 03:23:20.430605] [INFO] Beginning of Epoch 1/1, Total Micro Batches 8
[2026-09-08 03:23:20.462525] [PHISON START] Epoch: 0, Iteration: 0
[2026-09-08 03:23:20.462798] [Forward][start]
Killing subprocess 1240
[INFO] remove current swap data path: /mnt/nvme0/phison_1239
['/usr/bin/python3', '-u', '/home/root/aiDAPTIV2/text-generation/train.py', '--local_rank=0', '--num_gpus=1', '--model_name_or_path', '/app/gemma-3-12b-it', '--optimizer_path', '', '--max_seq_len', '2048', '--nvme_path', '/mnt/nvme0', '--beta1', '0.9', '--beta2', '0.95', '--eps', '1e-08', '--weight_decay', '0.01', '--precision_mode', '1', '--learning_rate', '7e-06', '--num_train_epochs', '1', '--max_iter', '-1', '--lr_scheduler_mode', '1', '--train_dataset_config_path', '/workspace/finetune/configs/dataset/qa_dataset_config.yaml', '--per_device_train_batch_size', '1', '--gradient_accumulation_steps', '1', '--triton', '--num_of_iteration_to_save_model', '2', '--max_num_of_saved_model_on_epoch_end', '-1', '--max_num_of_saved_model_on_iteration', '2', '--output_dir', '/workspace/finetune/runs/gemma3-12b-smoke-004/trained-model'] exits with return code = 1
