[INFO] [runner.py:579:main] cmd=/usr/bin/python3 -u -m phisonlib.launcher.launch --world_info=eyJsb2NhbGhvc3QiOiBbMF19 --master_addr=127.0.0.1 --master_port=8299 /home/root/aiDAPTIV2/text-generation/train.py --model_name_or_path /app/gemma-3-12b-it --optimizer_path  --max_seq_len 2048 --nvme_path /mnt/nvme0 --beta1 0.9 --beta2 0.95 --eps 1e-08 --weight_decay 0.01 --precision_mode 1 --learning_rate 7e-06 --num_train_epochs 1000 --max_iter -1 --lr_scheduler_mode -1 --train_dataset_config_path /workspace/finetune/toolkit/toolkit_v2.3.1_python312/Log/Model_check_gemma-3-12b-it_2026-09-03_072913/qa_dataset_config_0.yaml --per_device_train_batch_size 1 --gradient_accumulation_steps 4 --triton --num_of_iteration_to_save_model 4 --max_num_of_saved_model_on_epoch_end -1 --max_num_of_saved_model_on_iteration 2
nnodes=1, num_local_procs=1, node_rank=0
global_rank_mapping=defaultdict(<class 'list'>, {'localhost': [0]})
dist_world_size=1
Setting CUDA_VISIBLE_DEVICES=0
#### ======== [INITIALIZE Tokenizer] ======== ####
#### ======== [INITIALIZE Dataloader] ======== ####
[INFO] get dataset name:  ../../products/aiDAPTIVLink/toolkit_dataset_10k.json  training_strategy:  QA
#### ======== [INITIALIZE Model] ======== ####
[INFO] [create_hf_model] init from pretrained
[INFO] You are loading [Gemma3ForConditionalGeneration] with FlashAttention2
[INFO] You are setting [Gemma3ForConditionalGeneration] with Gradient Checkpointing
[INFO] create current swap data path: /mnt/nvme0/phison_2828
[INFO] You are accelerating [Gemma3ForConditionalGeneration] VisionEncoder with FusedEmbedding kernel
[INFO] You are accelerating [Gemma3ForConditionalGeneration] VisionEncoder with FusedGateMLP kernel
[INFO] You are accelerating [Gemma3ForConditionalGeneration] VisionEncoder with FusedQKVOLinear kernel
[INFO] You are accelerating [Gemma3ForConditionalGeneration] VisionEncoder with FusedRoPE kernel
[INFO] You are accelerating [Gemma3ForConditionalGeneration] TextDecoder with FusedEmbedding kernel
[INFO] You are accelerating [Gemma3ForConditionalGeneration] TextDecoder with FusedGateMLP kernel
[INFO] You are accelerating [Gemma3ForConditionalGeneration] TextDecoder with FusedQKVOLinear kernel
[INFO] You are accelerating [Gemma3ForConditionalGeneration] TextDecoder with FusedRoPE kernel
[INFO] You are accelerating [Gemma3ForConditionalGeneration] TextDecoder with FusedLinearXentropy kernel
[2026-09-03 07:32:09.487514] [INFO] Enable Early-stopping: False
[INFO] The current training schedule consists of 1000 epochs with 10000 iterations each.
[INFO] The accumulated time is set to 4 so the training will be updated 2500 times during each epoch.
[INFO] If the trained model does not show significant improvement, you may consider increasing the number of update cycles.
[INFO] If the trained model shows signs of overfitting, you should decrease the number of update cycles.
[2026-09-03 07:32:09.487649] [INFO] Beginning of Epoch 1/1000, Total Micro Batches 10000
[2026-09-03 07:32:09.515425] [PHISON START] Epoch: 0, Iteration: 0
[2026-09-03 07:32:09.516040] [Forward][start]
[2026-09-03 07:32:13.582758] [Forward][time spent]:4.066694974899292
[2026-09-03 07:32:13.985569] [Loss]:18.373863220214844
[2026-09-03 07:32:13.985600] [Backward][start]
[2026-09-03 07:32:20.180103] [Backward][time spent]:6.194470167160034
[2026-09-03 07:32:20.180372] [Update][Start]
[2026-09-03 07:32:20.777961] [Update][time spent]:0.597548246383667
[2026-09-03 07:32:20.778068] [PHISON END] Iteration: 0

[2026-09-03 07:32:20.781826] [PHISON START] Epoch: 0, Iteration: 1
[2026-09-03 07:32:20.781994] [Forward][start]
[2026-09-03 07:32:22.725447] [Forward][time spent]:1.9434354305267334
[2026-09-03 07:32:23.134589] [Loss]:14.221940994262695
[2026-09-03 07:32:23.134657] [Backward][start]
[2026-09-03 07:32:31.598619] [Backward][time spent]:8.463934659957886
[2026-09-03 07:32:31.598905] [Update][Start]
[2026-09-03 07:32:32.227712] [Update][time spent]:0.6287634372711182
[2026-09-03 07:32:32.227814] [PHISON END] Iteration: 1

[2026-09-03 07:32:32.231828] [PHISON START] Epoch: 0, Iteration: 2
[2026-09-03 07:32:32.231999] [Forward][start]
[2026-09-03 07:32:34.180600] [Forward][time spent]:1.9485702514648438
[2026-09-03 07:32:34.589927] [Loss]:12.833879470825195
[2026-09-03 07:32:34.589967] [Backward][start]
[2026-09-03 07:32:42.993350] [Backward][time spent]:8.403357982635498
[2026-09-03 07:32:42.993574] [Update][Start]
[2026-09-03 07:32:43.611998] [Update][time spent]:0.6183857917785645
[2026-09-03 07:32:43.612143] [PHISON END] Iteration: 2

[2026-09-03 07:32:43.616872] [PHISON START] Epoch: 0, Iteration: 3
[2026-09-03 07:32:43.617081] [Forward][start]
[2026-09-03 07:32:45.570346] [Forward][time spent]:1.9532501697540283
[2026-09-03 07:32:45.979523] [Loss]:13.53330135345459
[2026-09-03 07:32:45.979541] [Backward][start]
[2026-09-03 07:32:54.726502] [Backward][time spent]:8.746941089630127
[2026-09-03 07:32:54.726758] [Update][Start]
using avx512bf16
max_compute_thread = 62
[2026-09-03 07:33:24.904192] [Update][time spent]:30.177393674850464
[2026-09-03 07:33:24.904328] [PHISON END] Iteration: 3

[2026-09-03 07:33:24.904352] [INFO] Training efficiency: 108.62315313942777 (tokens/s)

[2026-09-03 07:33:24.907975] [PHISON START] Epoch: 0, Iteration: 4
[2026-09-03 07:33:24.908162] [Forward][start]
[2026-09-03 07:33:26.830733] [Forward][time spent]:1.9225530624389648
[2026-09-03 07:33:27.239444] [Loss]:4.559024810791016
[2026-09-03 07:33:27.239474] [Backward][start]
[2026-09-03 07:33:32.076762] [Backward][time spent]:4.837259769439697
[2026-09-03 07:33:32.077023] [Update][Start]
[2026-09-03 07:33:32.651748] [Update][time spent]:0.5746860504150391
[2026-09-03 07:33:32.651867] [PHISON END] Iteration: 4

[2026-09-03 07:33:32.656111] [PHISON START] Epoch: 0, Iteration: 5
[2026-09-03 07:33:32.656293] [Forward][start]
[2026-09-03 07:33:34.591076] [Forward][time spent]:1.9347634315490723
[2026-09-03 07:33:34.999855] [Loss]:4.559024810791016
[2026-09-03 07:33:34.999877] [Backward][start]
[2026-09-03 07:33:43.705061] [Backward][time spent]:8.705162525177002
[2026-09-03 07:33:43.705316] [Update][Start]
[2026-09-03 07:33:44.283058] [Update][time spent]:0.5777032375335693
[2026-09-03 07:33:44.283170] [PHISON END] Iteration: 5

[2026-09-03 07:33:44.287045] [PHISON START] Epoch: 0, Iteration: 6
[2026-09-03 07:33:44.287212] [Forward][start]
[2026-09-03 07:33:46.232840] [Forward][time spent]:1.9456136226654053
[2026-09-03 07:33:46.642060] [Loss]:4.559024810791016
[2026-09-03 07:33:46.642079] [Backward][start]
[2026-09-03 07:33:54.757493] [Backward][time spent]:8.115389108657837
[2026-09-03 07:33:54.757789] [Update][Start]
[2026-09-03 07:33:55.321966] [Update][time spent]:0.5641140937805176
[2026-09-03 07:33:55.322083] [PHISON END] Iteration: 6

[2026-09-03 07:33:55.325361] [PHISON START] Epoch: 0, Iteration: 7
[2026-09-03 07:33:55.325535] [Forward][start]
[2026-09-03 07:33:57.248894] [Forward][time spent]:1.923341989517212
[2026-09-03 07:33:57.658214] [Loss]:9.134622573852539
[2026-09-03 07:33:57.658252] [Backward][start]
[2026-09-03 07:34:05.800860] [Backward][time spent]:8.142579793930054
[2026-09-03 07:34:05.801077] [Update][Start]
[2026-09-03 07:34:34.943220] [Update][time spent]:29.14210343360901
[2026-09-03 07:34:34.943356] [PHISON END] Iteration: 7

[2026-09-03 07:34:34.943384] [INFO] Training efficiency: 116.96337618350111 (tokens/s)

[2026-09-03 07:34:34.947248] [PHISON START] Epoch: 0, Iteration: 8
[2026-09-03 07:34:34.947446] [Forward][start]
[2026-09-03 07:34:36.885927] [Forward][time spent]:1.9384665489196777
[2026-09-03 07:34:37.295023] [Loss]:3.1561646461486816
[2026-09-03 07:34:37.295046] [Backward][start]
[2026-09-03 07:34:42.128433] [Backward][time spent]:4.833366394042969
[2026-09-03 07:34:42.128632] [Update][Start]
[2026-09-03 07:34:42.684418] [Update][time spent]:0.5557475090026855
[2026-09-03 07:34:42.684537] [PHISON END] Iteration: 8

[2026-09-03 07:34:42.687881] [PHISON START] Epoch: 0, Iteration: 9
[2026-09-03 07:34:42.688054] [Forward][start]
[2026-09-03 07:34:44.615149] [Forward][time spent]:1.9270803928375244
[2026-09-03 07:34:45.024547] [Loss]:6.1679768562316895
[2026-09-03 07:34:45.024575] [Backward][start]
[2026-09-03 07:34:53.213547] [Backward][time spent]:8.188934326171875
[2026-09-03 07:34:53.213793] [Update][Start]
[2026-09-03 07:34:53.790213] [Update][time spent]:0.5763845443725586
[2026-09-03 07:34:53.790333] [PHISON END] Iteration: 9

[2026-09-03 07:34:53.793709] [PHISON START] Epoch: 0, Iteration: 10
[2026-09-03 07:34:53.793877] [Forward][start]
[2026-09-03 07:34:55.725483] [Forward][time spent]:1.9315924644470215
[2026-09-03 07:34:56.134222] [Loss]:4.3817243576049805
[2026-09-03 07:34:56.134246] [Backward][start]
[2026-09-03 07:35:04.289996] [Backward][time spent]:8.155725002288818
[2026-09-03 07:35:04.290216] [Update][Start]
[2026-09-03 07:35:04.855908] [Update][time spent]:0.5656552314758301
[2026-09-03 07:35:04.856024] [PHISON END] Iteration: 10

[2026-09-03 07:35:04.858915] [PHISON START] Epoch: 0, Iteration: 11
[2026-09-03 07:35:04.859080] [Forward][start]
[2026-09-03 07:35:06.787207] [Forward][time spent]:1.928112506866455
[2026-09-03 07:35:07.196478] [Loss]:2.126364231109619
[2026-09-03 07:35:07.196500] [Backward][start]
[2026-09-03 07:35:15.372391] [Backward][time spent]:8.17586874961853
[2026-09-03 07:35:15.372611] [Update][Start]
[2026-09-03 07:35:44.862810] [Update][time spent]:29.49016284942627
[2026-09-03 07:35:44.862954] [PHISON END] Iteration: 11

[2026-09-03 07:35:44.862977] [INFO] Training efficiency: 117.16318160037927 (tokens/s)

[2026-09-03 07:35:44.865643] [PHISON START] Epoch: 0, Iteration: 12
[2026-09-03 07:35:44.865824] [Forward][start]
[2026-09-03 07:35:46.792590] [Forward][time spent]:1.9267511367797852
[2026-09-03 07:35:47.201834] [Loss]:3.026838779449463
[2026-09-03 07:35:47.201867] [Backward][start]
