[INFO] [runner.py:579:main] cmd=/usr/bin/python3 -u -m phisonlib.launcher.launch --world_info=eyJsb2NhbGhvc3QiOiBbMF19 --master_addr=127.0.0.1 --master_port=8299 /home/root/aiDAPTIV2/text-generation/train.py --model_name_or_path /app/gemma-3-12b-it --optimizer_path  --max_seq_len 2048 --nvme_path /mnt/nvme0 --beta1 0.9 --beta2 0.95 --eps 1e-08 --weight_decay 0.01 --precision_mode 1 --learning_rate 7e-06 --num_train_epochs 1 --max_iter 12 --lr_scheduler_mode -1 --train_dataset_config_path /workspace/finetune/toolkit/toolkit_v2.3.1_python312/Log/Max_batchsize_gemma-3-12b-it_2026-09-10_095521/qa_dataset_config_0.yaml --per_device_train_batch_size 47 --gradient_accumulation_steps 4 --triton --num_of_iteration_to_save_model 4 --max_num_of_saved_model_on_epoch_end -1 --max_num_of_saved_model_on_iteration 2
nnodes=1, num_local_procs=1, node_rank=0
global_rank_mapping=defaultdict(<class 'list'>, {'localhost': [0]})
dist_world_size=1
Setting CUDA_VISIBLE_DEVICES=0
#### ======== [INITIALIZE Tokenizer] ======== ####
#### ======== [INITIALIZE Dataloader] ======== ####
[INFO] get dataset name:  ../../products/aiDAPTIVLink/toolkit_dataset_10k.json  training_strategy:  QA
#### ======== [INITIALIZE Model] ======== ####
[INFO] [create_hf_model] init from pretrained
[INFO] You are loading [Gemma3ForConditionalGeneration] with FlashAttention2
[INFO] You are setting [Gemma3ForConditionalGeneration] with Gradient Checkpointing
[INFO] create current swap data path: /mnt/nvme0/phison_26883
[INFO] You are accelerating [Gemma3ForConditionalGeneration] VisionEncoder with FusedEmbedding kernel
[INFO] You are accelerating [Gemma3ForConditionalGeneration] VisionEncoder with FusedGateMLP kernel
[INFO] You are accelerating [Gemma3ForConditionalGeneration] VisionEncoder with FusedQKVOLinear kernel
[INFO] You are accelerating [Gemma3ForConditionalGeneration] VisionEncoder with FusedRoPE kernel
[INFO] You are accelerating [Gemma3ForConditionalGeneration] TextDecoder with FusedEmbedding kernel
[INFO] You are accelerating [Gemma3ForConditionalGeneration] TextDecoder with FusedGateMLP kernel
[INFO] You are accelerating [Gemma3ForConditionalGeneration] TextDecoder with FusedQKVOLinear kernel
[INFO] You are accelerating [Gemma3ForConditionalGeneration] TextDecoder with FusedRoPE kernel
[INFO] You are accelerating [Gemma3ForConditionalGeneration] TextDecoder with FusedLinearXentropy kernel
[2026-09-10 18:32:19.201136] [INFO] Enable Early-stopping: False
[INFO] The current training schedule consists of 1 epochs with 12 iterations each.
[INFO] The accumulated time is set to 4 so the training will be updated 3 times during each epoch.
[INFO] If the trained model does not show significant improvement, you may consider increasing the number of update cycles.
[INFO] If the trained model shows signs of overfitting, you should decrease the number of update cycles.
[2026-09-10 18:32:19.201271] [INFO] Beginning of Epoch 1/1, Total Micro Batches 213
[2026-09-10 18:32:19.301936] [PHISON START] Epoch: 0, Iteration: 0
[2026-09-10 18:32:19.303596] [Forward][start]
[2026-09-10 18:32:34.969161] [Forward][time spent]:15.665488719940186
[2026-09-10 18:32:39.313770] [Loss]:14.383810043334961
[2026-09-10 18:32:39.313841] [Backward][start]
[2026-09-10 18:33:12.454895] [Backward][time spent]:33.14103436470032
[2026-09-10 18:33:12.455093] [Update][Start]
[2026-09-10 18:33:13.025344] [Update][time spent]:0.5702121257781982
[2026-09-10 18:33:13.025465] [PHISON END] Iteration: 0

[2026-09-10 18:33:13.086638] [PHISON START] Epoch: 0, Iteration: 1
[2026-09-10 18:33:13.087070] [Forward][start]
[2026-09-10 18:33:23.849215] [Forward][time spent]:10.762123346328735
[2026-09-10 18:33:28.278505] [Loss]:14.809944152832031
[2026-09-10 18:33:28.278580] [Backward][start]
[2026-09-10 18:34:02.783331] [Backward][time spent]:34.50466728210449
[2026-09-10 18:34:02.783553] [Update][Start]
[2026-09-10 18:34:03.359967] [Update][time spent]:0.5763747692108154
[2026-09-10 18:34:03.360100] [PHISON END] Iteration: 1

[2026-09-10 18:34:03.421569] [PHISON START] Epoch: 0, Iteration: 2
[2026-09-10 18:34:03.421968] [Forward][start]
[2026-09-10 18:34:14.217583] [Forward][time spent]:10.795575141906738
[2026-09-10 18:34:18.647390] [Loss]:14.435037612915039
[2026-09-10 18:34:18.647441] [Backward][start]
[2026-09-10 18:34:53.141826] [Backward][time spent]:34.49436569213867
[2026-09-10 18:34:53.142025] [Update][Start]
[2026-09-10 18:34:53.716771] [Update][time spent]:0.5747077465057373
[2026-09-10 18:34:53.716905] [PHISON END] Iteration: 2

[2026-09-10 18:34:53.774337] [PHISON START] Epoch: 0, Iteration: 3
[2026-09-10 18:34:53.774726] [Forward][start]
[2026-09-10 18:35:04.573845] [Forward][time spent]:10.799104690551758
[2026-09-10 18:35:09.006211] [Loss]:14.914612770080566
[2026-09-10 18:35:09.006281] [Backward][start]
[2026-09-10 18:35:43.582342] [Backward][time spent]:34.5760235786438
[2026-09-10 18:35:43.582567] [Update][Start]
using avx512bf16
max_compute_thread = 62
[2026-09-10 18:36:14.957960] [Update][time spent]:31.37535524368286
[2026-09-10 18:36:14.958101] [PHISON END] Iteration: 3

[2026-09-10 18:36:14.958128] [INFO] Training efficiency: 1633.1402145689453 (tokens/s)

[2026-09-10 18:36:15.020354] [PHISON START] Epoch: 0, Iteration: 4
[2026-09-10 18:36:15.020694] [Forward][start]
[2026-09-10 18:36:25.813035] [Forward][time spent]:10.792324781417847
[2026-09-10 18:36:30.245442] [Loss]:6.098510265350342
[2026-09-10 18:36:30.245513] [Backward][start]
[2026-09-10 18:37:00.563711] [Backward][time spent]:30.3181791305542
[2026-09-10 18:37:00.563914] [Update][Start]
[2026-09-10 18:37:01.129927] [Update][time spent]:0.5659739971160889
[2026-09-10 18:37:01.130053] [PHISON END] Iteration: 4

[2026-09-10 18:37:01.187594] [PHISON START] Epoch: 0, Iteration: 5
[2026-09-10 18:37:01.187923] [Forward][start]
[2026-09-10 18:37:11.992703] [Forward][time spent]:10.804762125015259
[2026-09-10 18:37:16.422251] [Loss]:6.162166595458984
[2026-09-10 18:37:16.422308] [Backward][start]
[2026-09-10 18:37:50.878841] [Backward][time spent]:34.456512689590454
[2026-09-10 18:37:50.879045] [Update][Start]
[2026-09-10 18:37:51.449925] [Update][time spent]:0.5708391666412354
[2026-09-10 18:37:51.450060] [PHISON END] Iteration: 5

[2026-09-10 18:37:51.508658] [PHISON START] Epoch: 0, Iteration: 6
[2026-09-10 18:37:51.508991] [Forward][start]
[2026-09-10 18:38:02.259026] [Forward][time spent]:10.750012159347534
[2026-09-10 18:38:06.686801] [Loss]:6.1327900886535645
[2026-09-10 18:38:06.686927] [Backward][start]
[2026-09-10 18:38:41.140041] [Backward][time spent]:34.45306873321533
[2026-09-10 18:38:41.140448] [Update][Start]
[2026-09-10 18:38:41.943533] [Update][time spent]:0.8030269145965576
[2026-09-10 18:38:41.943738] [PHISON END] Iteration: 6

[2026-09-10 18:38:42.017765] [PHISON START] Epoch: 0, Iteration: 7
[2026-09-10 18:38:42.018471] [Forward][start]
[2026-09-10 18:38:52.729481] [Forward][time spent]:10.710954666137695
[2026-09-10 18:38:57.158168] [Loss]:5.814599514007568
[2026-09-10 18:38:57.158300] [Backward][start]
[2026-09-10 18:39:31.732786] [Backward][time spent]:34.57443904876709
[2026-09-10 18:39:31.733143] [Update][Start]
[2026-09-10 18:40:01.682995] [Update][time spent]:29.949808359146118
[2026-09-10 18:40:01.683158] [PHISON END] Iteration: 7

[2026-09-10 18:40:01.683188] [INFO] Training efficiency: 1698.1979263597423 (tokens/s)

[2026-09-10 18:40:01.750681] [PHISON START] Epoch: 0, Iteration: 8
[2026-09-10 18:40:01.751039] [Forward][start]
[2026-09-10 18:40:12.556238] [Forward][time spent]:10.805171966552734
[2026-09-10 18:40:16.986073] [Loss]:3.098712205886841
[2026-09-10 18:40:16.986181] [Backward][start]
[2026-09-10 18:40:47.399928] [Backward][time spent]:30.41369605064392
[2026-09-10 18:40:47.400339] [Update][Start]
[2026-09-10 18:40:48.000972] [Update][time spent]:0.6005785465240479
[2026-09-10 18:40:48.001111] [PHISON END] Iteration: 8

[2026-09-10 18:40:48.068140] [PHISON START] Epoch: 0, Iteration: 9
[2026-09-10 18:40:48.068497] [Forward][start]
[2026-09-10 18:40:58.878449] [Forward][time spent]:10.809927225112915
[2026-09-10 18:41:03.310835] [Loss]:2.873171091079712
[2026-09-10 18:41:03.310942] [Backward][start]
[2026-09-10 18:41:37.769962] [Backward][time spent]:34.45896792411804
[2026-09-10 18:41:37.770305] [Update][Start]
[2026-09-10 18:41:38.380613] [Update][time spent]:0.6102697849273682
[2026-09-10 18:41:38.380715] [PHISON END] Iteration: 9

[2026-09-10 18:41:38.445377] [PHISON START] Epoch: 0, Iteration: 10
[2026-09-10 18:41:38.445713] [Forward][start]
[2026-09-10 18:41:49.241080] [Forward][time spent]:10.795341968536377
[2026-09-10 18:41:53.670952] [Loss]:2.9344851970672607
[2026-09-10 18:41:53.671066] [Backward][start]
[2026-09-10 18:42:28.191988] [Backward][time spent]:34.520869970321655
[2026-09-10 18:42:28.192304] [Update][Start]
[2026-09-10 18:42:28.804360] [Update][time spent]:0.6120166778564453
[2026-09-10 18:42:28.804486] [PHISON END] Iteration: 10

[2026-09-10 18:42:28.869446] [PHISON START] Epoch: 0, Iteration: 11
[2026-09-10 18:42:28.869789] [Forward][start]
[2026-09-10 18:42:39.671757] [Forward][time spent]:10.801941871643066
[2026-09-10 18:42:44.103926] [Loss]:2.888856887817383
[2026-09-10 18:42:44.104036] [Backward][start]
[2026-09-10 18:43:18.784369] [Backward][time spent]:34.680280685424805
[2026-09-10 18:43:18.784661] [Update][Start]
[2026-09-10 18:43:48.766012] [Update][time spent]:29.98131227493286
[2026-09-10 18:43:48.766151] [PHISON END] Iteration: 11

[2026-09-10 18:43:48.766178] [INFO] Training efficiency: 1695.5212260795265 (tokens/s)

[2026-09-10 18:43:48.766277] [INFO] training complete!
Process 26884 exits successfully.
[INFO] remove current swap data path: /mnt/nvme0/phison_26883
