[INFO] [runner.py:579:main] cmd=/usr/bin/python3 -u -m phisonlib.launcher.launch --world_info=eyJsb2NhbGhvc3QiOiBbMF19 --master_addr=127.0.0.1 --master_port=8299 /home/root/aiDAPTIV2/text-generation/train.py --model_name_or_path /app/gemma-3-12b-it --optimizer_path  --max_seq_len 2048 --nvme_path /mnt/nvme0 --beta1 0.9 --beta2 0.95 --eps 1e-08 --weight_decay 0.01 --precision_mode 1 --learning_rate 7e-06 --num_train_epochs 1 --max_iter 12 --lr_scheduler_mode -1 --train_dataset_config_path /workspace/finetune/toolkit/toolkit_v2.3.1_python312/Log/Max_batchsize_gemma-3-12b-it_2026-09-10_095521/qa_dataset_config_0.yaml --per_device_train_batch_size 29 --gradient_accumulation_steps 4 --triton --num_of_iteration_to_save_model 4 --max_num_of_saved_model_on_epoch_end -1 --max_num_of_saved_model_on_iteration 2
nnodes=1, num_local_procs=1, node_rank=0
global_rank_mapping=defaultdict(<class 'list'>, {'localhost': [0]})
dist_world_size=1
Setting CUDA_VISIBLE_DEVICES=0
#### ======== [INITIALIZE Tokenizer] ======== ####
#### ======== [INITIALIZE Dataloader] ======== ####
[INFO] get dataset name:  ../../products/aiDAPTIVLink/toolkit_dataset_10k.json  training_strategy:  QA
#### ======== [INITIALIZE Model] ======== ####
[INFO] [create_hf_model] init from pretrained
[INFO] You are loading [Gemma3ForConditionalGeneration] with FlashAttention2
[INFO] You are setting [Gemma3ForConditionalGeneration] with Gradient Checkpointing
[INFO] create current swap data path: /mnt/nvme0/phison_18542
[INFO] You are accelerating [Gemma3ForConditionalGeneration] VisionEncoder with FusedEmbedding kernel
[INFO] You are accelerating [Gemma3ForConditionalGeneration] VisionEncoder with FusedGateMLP kernel
[INFO] You are accelerating [Gemma3ForConditionalGeneration] VisionEncoder with FusedQKVOLinear kernel
[INFO] You are accelerating [Gemma3ForConditionalGeneration] VisionEncoder with FusedRoPE kernel
[INFO] You are accelerating [Gemma3ForConditionalGeneration] TextDecoder with FusedEmbedding kernel
[INFO] You are accelerating [Gemma3ForConditionalGeneration] TextDecoder with FusedGateMLP kernel
[INFO] You are accelerating [Gemma3ForConditionalGeneration] TextDecoder with FusedQKVOLinear kernel
[INFO] You are accelerating [Gemma3ForConditionalGeneration] TextDecoder with FusedRoPE kernel
[INFO] You are accelerating [Gemma3ForConditionalGeneration] TextDecoder with FusedLinearXentropy kernel
[2026-09-10 14:25:44.632304] [INFO] Enable Early-stopping: False
[INFO] The current training schedule consists of 1 epochs with 12 iterations each.
[INFO] The accumulated time is set to 4 so the training will be updated 3 times during each epoch.
[INFO] If the trained model does not show significant improvement, you may consider increasing the number of update cycles.
[INFO] If the trained model shows signs of overfitting, you should decrease the number of update cycles.
[2026-09-10 14:25:44.632720] [INFO] Beginning of Epoch 1/1, Total Micro Batches 345
[2026-09-10 14:25:44.758611] [PHISON START] Epoch: 0, Iteration: 0
[2026-09-10 14:25:44.760062] [Forward][start]
[2026-09-10 14:25:55.782207] [Forward][time spent]:11.02207088470459
[2026-09-10 14:25:58.540204] [Loss]:14.11788558959961
[2026-09-10 14:25:58.540312] [Backward][start]
[2026-09-10 14:26:20.618295] [Backward][time spent]:22.077909231185913
[2026-09-10 14:26:20.618723] [Update][Start]
[2026-09-10 14:26:21.390935] [Update][time spent]:0.772174596786499
[2026-09-10 14:26:21.391104] [PHISON END] Iteration: 0

[2026-09-10 14:26:21.434291] [PHISON START] Epoch: 0, Iteration: 1
[2026-09-10 14:26:21.434655] [Forward][start]
[2026-09-10 14:26:28.501106] [Forward][time spent]:7.066434144973755
[2026-09-10 14:26:31.300074] [Loss]:15.020246505737305
[2026-09-10 14:26:31.300171] [Backward][start]
[2026-09-10 14:26:55.010338] [Backward][time spent]:23.710121631622314
[2026-09-10 14:26:55.010746] [Update][Start]
[2026-09-10 14:26:55.599626] [Update][time spent]:0.588836669921875
[2026-09-10 14:26:55.599799] [PHISON END] Iteration: 1

[2026-09-10 14:26:55.643439] [PHISON START] Epoch: 0, Iteration: 2
[2026-09-10 14:26:55.643836] [Forward][start]
[2026-09-10 14:27:02.728436] [Forward][time spent]:7.084548711776733
[2026-09-10 14:27:05.529573] [Loss]:14.38932991027832
[2026-09-10 14:27:05.529657] [Backward][start]
[2026-09-10 14:27:29.583161] [Backward][time spent]:24.053447008132935
[2026-09-10 14:27:29.583586] [Update][Start]
[2026-09-10 14:27:30.199666] [Update][time spent]:0.6160359382629395
[2026-09-10 14:27:30.199849] [PHISON END] Iteration: 2

[2026-09-10 14:27:30.244750] [PHISON START] Epoch: 0, Iteration: 3
[2026-09-10 14:27:30.245174] [Forward][start]
[2026-09-10 14:27:37.342396] [Forward][time spent]:7.097205638885498
[2026-09-10 14:27:40.142536] [Loss]:14.969158172607422
[2026-09-10 14:27:40.142697] [Backward][start]
[2026-09-10 14:28:04.211991] [Backward][time spent]:24.06923484802246
[2026-09-10 14:28:04.212431] [Update][Start]
using avx512bf16
max_compute_thread = 62
[2026-09-10 14:28:34.820252] [Update][time spent]:30.607773303985596
[2026-09-10 14:28:34.820465] [PHISON END] Iteration: 3

[2026-09-10 14:28:34.820499] [INFO] Training efficiency: 1395.91694612536 (tokens/s)

[2026-09-10 14:28:34.863150] [PHISON START] Epoch: 0, Iteration: 4
[2026-09-10 14:28:34.863609] [Forward][start]
[2026-09-10 14:28:41.932362] [Forward][time spent]:7.068729639053345
[2026-09-10 14:28:44.732788] [Loss]:6.025633811950684
[2026-09-10 14:28:44.732890] [Backward][start]
[2026-09-10 14:29:04.757390] [Backward][time spent]:20.02446150779724
[2026-09-10 14:29:04.757708] [Update][Start]
[2026-09-10 14:29:05.333328] [Update][time spent]:0.5755777359008789
[2026-09-10 14:29:05.333503] [PHISON END] Iteration: 4

[2026-09-10 14:29:05.373957] [PHISON START] Epoch: 0, Iteration: 5
[2026-09-10 14:29:05.374380] [Forward][start]
[2026-09-10 14:29:12.451436] [Forward][time spent]:7.077034950256348
[2026-09-10 14:29:15.251671] [Loss]:6.276045322418213
[2026-09-10 14:29:15.251749] [Backward][start]
[2026-09-10 14:29:39.186302] [Backward][time spent]:23.934489250183105
[2026-09-10 14:29:39.186608] [Update][Start]
[2026-09-10 14:29:39.770955] [Update][time spent]:0.5843055248260498
[2026-09-10 14:29:39.771100] [PHISON END] Iteration: 5

[2026-09-10 14:29:39.811255] [PHISON START] Epoch: 0, Iteration: 6
[2026-09-10 14:29:39.811670] [Forward][start]
[2026-09-10 14:29:46.885002] [Forward][time spent]:7.073314666748047
[2026-09-10 14:29:49.685008] [Loss]:5.814702987670898
[2026-09-10 14:29:49.685086] [Backward][start]
[2026-09-10 14:30:13.642893] [Backward][time spent]:23.957765102386475
[2026-09-10 14:30:13.643192] [Update][Start]
[2026-09-10 14:30:14.239240] [Update][time spent]:0.5960071086883545
[2026-09-10 14:30:14.239435] [PHISON END] Iteration: 6

[2026-09-10 14:30:14.279387] [PHISON START] Epoch: 0, Iteration: 7
[2026-09-10 14:30:14.279770] [Forward][start]
[2026-09-10 14:30:21.340513] [Forward][time spent]:7.060725450515747
[2026-09-10 14:30:24.141138] [Loss]:6.398227691650391
[2026-09-10 14:30:24.141216] [Backward][start]
[2026-09-10 14:30:48.162304] [Backward][time spent]:24.02101469039917
[2026-09-10 14:30:48.162620] [Update][Start]
[2026-09-10 14:31:17.893026] [Update][time spent]:29.730364322662354
[2026-09-10 14:31:17.893223] [PHISON END] Iteration: 7

[2026-09-10 14:31:17.893255] [INFO] Training efficiency: 1456.822297258736 (tokens/s)

[2026-09-10 14:31:17.933594] [PHISON START] Epoch: 0, Iteration: 8
[2026-09-10 14:31:17.933994] [Forward][start]
[2026-09-10 14:31:25.004994] [Forward][time spent]:7.070979118347168
[2026-09-10 14:31:27.805236] [Loss]:3.2569026947021484
[2026-09-10 14:31:27.805319] [Backward][start]
[2026-09-10 14:31:47.802292] [Backward][time spent]:19.99691081047058
[2026-09-10 14:31:47.802594] [Update][Start]
[2026-09-10 14:31:48.390363] [Update][time spent]:0.5877265930175781
[2026-09-10 14:31:48.390542] [PHISON END] Iteration: 8

[2026-09-10 14:31:48.430112] [PHISON START] Epoch: 0, Iteration: 9
[2026-09-10 14:31:48.430517] [Forward][start]
[2026-09-10 14:31:55.509543] [Forward][time spent]:7.07900595664978
[2026-09-10 14:31:58.310296] [Loss]:3.242671489715576
[2026-09-10 14:31:58.310437] [Backward][start]
[2026-09-10 14:32:22.253459] [Backward][time spent]:23.942965030670166
[2026-09-10 14:32:22.253833] [Update][Start]
[2026-09-10 14:32:22.907445] [Update][time spent]:0.6535739898681641
[2026-09-10 14:32:22.907628] [PHISON END] Iteration: 9

[2026-09-10 14:32:22.954585] [PHISON START] Epoch: 0, Iteration: 10
[2026-09-10 14:32:22.954964] [Forward][start]
[2026-09-10 14:32:30.031161] [Forward][time spent]:7.076175212860107
[2026-09-10 14:32:32.829688] [Loss]:3.0347771644592285
[2026-09-10 14:32:32.829843] [Backward][start]
[2026-09-10 14:32:56.576096] [Backward][time spent]:23.74619698524475
[2026-09-10 14:32:56.576500] [Update][Start]
[2026-09-10 14:32:57.265062] [Update][time spent]:0.688518762588501
[2026-09-10 14:32:57.265237] [PHISON END] Iteration: 10

[2026-09-10 14:32:57.312387] [PHISON START] Epoch: 0, Iteration: 11
[2026-09-10 14:32:57.312767] [Forward][start]
[2026-09-10 14:33:04.390405] [Forward][time spent]:7.0776143074035645
[2026-09-10 14:33:07.188962] [Loss]:3.0665721893310547
[2026-09-10 14:33:07.189127] [Backward][start]
[2026-09-10 14:33:31.116415] [Backward][time spent]:23.927252769470215
[2026-09-10 14:33:31.116705] [Update][Start]
[2026-09-10 14:34:00.921940] [Update][time spent]:29.805192470550537
[2026-09-10 14:34:00.922162] [PHISON END] Iteration: 11

[2026-09-10 14:34:00.922192] [INFO] Training efficiency: 1457.2141990047344 (tokens/s)

[2026-09-10 14:34:00.922338] [INFO] training complete!
