[INFO] [runner.py:579:main] cmd=/usr/bin/python3 -u -m phisonlib.launcher.launch --world_info=eyJsb2NhbGhvc3QiOiBbMF19 --master_addr=127.0.0.1 --master_port=8299 /home/root/aiDAPTIV2/text-generation/train.py --model_name_or_path /app/gemma-3-12b-it --optimizer_path  --max_seq_len 2048 --nvme_path /mnt/nvme0 --beta1 0.9 --beta2 0.95 --eps 1e-08 --weight_decay 0.01 --precision_mode 1 --learning_rate 7e-06 --num_train_epochs 1 --max_iter 12 --lr_scheduler_mode -1 --train_dataset_config_path /workspace/finetune/toolkit/toolkit_v2.3.1_python312/Log/Max_batchsize_gemma-3-12b-it_2026-09-10_095521/qa_dataset_config_0.yaml --per_device_train_batch_size 24 --gradient_accumulation_steps 4 --triton --num_of_iteration_to_save_model 4 --max_num_of_saved_model_on_epoch_end -1 --max_num_of_saved_model_on_iteration 2
nnodes=1, num_local_procs=1, node_rank=0
global_rank_mapping=defaultdict(<class 'list'>, {'localhost': [0]})
dist_world_size=1
Setting CUDA_VISIBLE_DEVICES=0
#### ======== [INITIALIZE Tokenizer] ======== ####
#### ======== [INITIALIZE Dataloader] ======== ####
[INFO] get dataset name:  ../../products/aiDAPTIVLink/toolkit_dataset_10k.json  training_strategy:  QA
#### ======== [INITIALIZE Model] ======== ####
[INFO] [create_hf_model] init from pretrained
[INFO] You are loading [Gemma3ForConditionalGeneration] with FlashAttention2
[INFO] You are setting [Gemma3ForConditionalGeneration] with Gradient Checkpointing
[INFO] create current swap data path: /mnt/nvme0/phison_16226
[INFO] You are accelerating [Gemma3ForConditionalGeneration] VisionEncoder with FusedEmbedding kernel
[INFO] You are accelerating [Gemma3ForConditionalGeneration] VisionEncoder with FusedGateMLP kernel
[INFO] You are accelerating [Gemma3ForConditionalGeneration] VisionEncoder with FusedQKVOLinear kernel
[INFO] You are accelerating [Gemma3ForConditionalGeneration] VisionEncoder with FusedRoPE kernel
[INFO] You are accelerating [Gemma3ForConditionalGeneration] TextDecoder with FusedEmbedding kernel
[INFO] You are accelerating [Gemma3ForConditionalGeneration] TextDecoder with FusedGateMLP kernel
[INFO] You are accelerating [Gemma3ForConditionalGeneration] TextDecoder with FusedQKVOLinear kernel
[INFO] You are accelerating [Gemma3ForConditionalGeneration] TextDecoder with FusedRoPE kernel
[INFO] You are accelerating [Gemma3ForConditionalGeneration] TextDecoder with FusedLinearXentropy kernel
[2026-09-10 13:28:03.105480] [INFO] Enable Early-stopping: False
[INFO] The current training schedule consists of 1 epochs with 12 iterations each.
[INFO] The accumulated time is set to 4 so the training will be updated 3 times during each epoch.
[INFO] If the trained model does not show significant improvement, you may consider increasing the number of update cycles.
[INFO] If the trained model shows signs of overfitting, you should decrease the number of update cycles.
[2026-09-10 13:28:03.105618] [INFO] Beginning of Epoch 1/1, Total Micro Batches 417
[2026-09-10 13:28:03.174857] [PHISON START] Epoch: 0, Iteration: 0
[2026-09-10 13:28:03.176392] [Forward][start]
[2026-09-10 13:28:12.761792] [Forward][time spent]:9.585321187973022
[2026-09-10 13:28:15.047001] [Loss]:14.160470008850098
[2026-09-10 13:28:15.047104] [Backward][start]
[2026-09-10 13:28:34.053072] [Backward][time spent]:19.005939245224
[2026-09-10 13:28:34.053630] [Update][Start]
[2026-09-10 13:28:34.642073] [Update][time spent]:0.5884006023406982
[2026-09-10 13:28:34.642174] [PHISON END] Iteration: 0

[2026-09-10 13:28:34.677607] [PHISON START] Epoch: 0, Iteration: 1
[2026-09-10 13:28:34.677904] [Forward][start]
[2026-09-10 13:28:40.833974] [Forward][time spent]:6.156051158905029
[2026-09-10 13:28:43.157938] [Loss]:14.764399528503418
[2026-09-10 13:28:43.157984] [Backward][start]
[2026-09-10 13:29:03.849035] [Backward][time spent]:20.691030263900757
[2026-09-10 13:29:03.849227] [Update][Start]
[2026-09-10 13:29:04.416308] [Update][time spent]:0.5670008659362793
[2026-09-10 13:29:04.416440] [PHISON END] Iteration: 1

[2026-09-10 13:29:04.449102] [PHISON START] Epoch: 0, Iteration: 2
[2026-09-10 13:29:04.449389] [Forward][start]
[2026-09-10 13:29:10.589416] [Forward][time spent]:6.1399877071380615
[2026-09-10 13:29:12.912875] [Loss]:14.522037506103516
[2026-09-10 13:29:12.912941] [Backward][start]
[2026-09-10 13:29:33.498050] [Backward][time spent]:20.585087299346924
[2026-09-10 13:29:33.498295] [Update][Start]
[2026-09-10 13:29:34.064902] [Update][time spent]:0.5665662288665771
[2026-09-10 13:29:34.065031] [PHISON END] Iteration: 2

[2026-09-10 13:29:34.098005] [PHISON START] Epoch: 0, Iteration: 3
[2026-09-10 13:29:34.098305] [Forward][start]
[2026-09-10 13:29:40.233896] [Forward][time spent]:6.135573863983154
[2026-09-10 13:29:42.557836] [Loss]:14.90727424621582
[2026-09-10 13:29:42.557901] [Backward][start]
[2026-09-10 13:30:03.039947] [Backward][time spent]:20.482025384902954
[2026-09-10 13:30:03.040140] [Update][Start]
using avx512bf16
max_compute_thread = 62
[2026-09-10 13:30:34.468671] [Update][time spent]:31.428491830825806
[2026-09-10 13:30:34.468817] [PHISON END] Iteration: 3

[2026-09-10 13:30:34.468842] [INFO] Training efficiency: 1298.915254216571 (tokens/s)

[2026-09-10 13:30:34.503098] [PHISON START] Epoch: 0, Iteration: 4
[2026-09-10 13:30:34.503415] [Forward][start]
[2026-09-10 13:30:40.708337] [Forward][time spent]:6.204900026321411
[2026-09-10 13:30:43.033925] [Loss]:5.609796524047852
[2026-09-10 13:30:43.034006] [Backward][start]
[2026-09-10 13:30:59.992605] [Backward][time spent]:16.958579063415527
[2026-09-10 13:30:59.992834] [Update][Start]
[2026-09-10 13:31:00.564011] [Update][time spent]:0.5711395740509033
[2026-09-10 13:31:00.564140] [PHISON END] Iteration: 4

[2026-09-10 13:31:00.598209] [PHISON START] Epoch: 0, Iteration: 5
[2026-09-10 13:31:00.598494] [Forward][start]
[2026-09-10 13:31:06.728687] [Forward][time spent]:6.130177974700928
[2026-09-10 13:31:09.053254] [Loss]:6.103222846984863
[2026-09-10 13:31:09.053321] [Backward][start]
[2026-09-10 13:31:29.609900] [Backward][time spent]:20.556559801101685
[2026-09-10 13:31:29.610080] [Update][Start]
[2026-09-10 13:31:30.168200] [Update][time spent]:0.5580837726593018
[2026-09-10 13:31:30.168325] [PHISON END] Iteration: 5

[2026-09-10 13:31:30.199772] [PHISON START] Epoch: 0, Iteration: 6
[2026-09-10 13:31:30.200063] [Forward][start]
[2026-09-10 13:31:36.315178] [Forward][time spent]:6.115097999572754
[2026-09-10 13:31:38.639284] [Loss]:6.449198246002197
[2026-09-10 13:31:38.639330] [Backward][start]
[2026-09-10 13:31:58.957870] [Backward][time spent]:20.318522214889526
[2026-09-10 13:31:58.958062] [Update][Start]
[2026-09-10 13:31:59.511096] [Update][time spent]:0.5529959201812744
[2026-09-10 13:31:59.511226] [PHISON END] Iteration: 6

[2026-09-10 13:31:59.541978] [PHISON START] Epoch: 0, Iteration: 7
[2026-09-10 13:31:59.542236] [Forward][start]
[2026-09-10 13:32:05.666452] [Forward][time spent]:6.1242005825042725
[2026-09-10 13:32:07.989757] [Loss]:5.886550426483154
[2026-09-10 13:32:07.989798] [Backward][start]
[2026-09-10 13:32:28.618511] [Backward][time spent]:20.62869429588318
[2026-09-10 13:32:28.618709] [Update][Start]
[2026-09-10 13:32:58.667196] [Update][time spent]:30.048447608947754
[2026-09-10 13:32:58.667353] [PHISON END] Iteration: 7

[2026-09-10 13:32:58.667385] [INFO] Training efficiency: 1363.453589346599 (tokens/s)

[2026-09-10 13:32:58.702320] [PHISON START] Epoch: 0, Iteration: 8
[2026-09-10 13:32:58.702636] [Forward][start]
[2026-09-10 13:33:04.839616] [Forward][time spent]:6.136950254440308
[2026-09-10 13:33:07.163648] [Loss]:2.9510059356689453
[2026-09-10 13:33:07.163705] [Backward][start]
[2026-09-10 13:33:24.095541] [Backward][time spent]:16.931782007217407
[2026-09-10 13:33:24.095840] [Update][Start]
[2026-09-10 13:33:24.675804] [Update][time spent]:0.5799250602722168
[2026-09-10 13:33:24.675931] [PHISON END] Iteration: 8

[2026-09-10 13:33:24.711055] [PHISON START] Epoch: 0, Iteration: 9
[2026-09-10 13:33:24.711357] [Forward][start]
[2026-09-10 13:33:30.848517] [Forward][time spent]:6.137133598327637
[2026-09-10 13:33:33.171748] [Loss]:2.986290216445923
[2026-09-10 13:33:33.171815] [Backward][start]
[2026-09-10 13:33:54.011853] [Backward][time spent]:20.840003728866577
[2026-09-10 13:33:54.012149] [Update][Start]
[2026-09-10 13:33:54.591965] [Update][time spent]:0.5797789096832275
[2026-09-10 13:33:54.592097] [PHISON END] Iteration: 9

[2026-09-10 13:33:54.627232] [PHISON START] Epoch: 0, Iteration: 10
[2026-09-10 13:33:54.627544] [Forward][start]
[2026-09-10 13:34:00.784201] [Forward][time spent]:6.156630516052246
[2026-09-10 13:34:03.106507] [Loss]:3.1494088172912598
[2026-09-10 13:34:03.106588] [Backward][start]
[2026-09-10 13:34:23.891653] [Backward][time spent]:20.785013437271118
[2026-09-10 13:34:23.891923] [Update][Start]
[2026-09-10 13:34:24.482248] [Update][time spent]:0.5902910232543945
[2026-09-10 13:34:24.482373] [PHISON END] Iteration: 10

[2026-09-10 13:34:24.516621] [PHISON START] Epoch: 0, Iteration: 11
[2026-09-10 13:34:24.516904] [Forward][start]
[2026-09-10 13:34:30.659534] [Forward][time spent]:6.142602920532227
[2026-09-10 13:34:32.982964] [Loss]:3.097712516784668
[2026-09-10 13:34:32.983045] [Backward][start]
[2026-09-10 13:34:53.893155] [Backward][time spent]:20.910059213638306
[2026-09-10 13:34:53.893502] [Update][Start]
[2026-09-10 13:35:24.072246] [Update][time spent]:30.17870330810547
[2026-09-10 13:35:24.072413] [PHISON END] Iteration: 11

[2026-09-10 13:35:24.072439] [INFO] Training efficiency: 1352.1402272833134 (tokens/s)

[2026-09-10 13:35:24.072575] [INFO] training complete!
Process 16227 exits successfully.
[INFO] remove current swap data path: /mnt/nvme0/phison_16226
