[INFO] [runner.py:579:main] cmd=/usr/bin/python3 -u -m phisonlib.launcher.launch --world_info=eyJsb2NhbGhvc3QiOiBbMF19 --master_addr=127.0.0.1 --master_port=8299 /home/root/aiDAPTIV2/text-generation/train.py --model_name_or_path /app/gemma-3-12b-it --optimizer_path  --max_seq_len 2048 --nvme_path /mnt/nvme0 --beta1 0.9 --beta2 0.95 --eps 1e-08 --weight_decay 0.01 --precision_mode 1 --learning_rate 7e-06 --num_train_epochs 1 --max_iter 12 --lr_scheduler_mode -1 --train_dataset_config_path /workspace/finetune/toolkit/toolkit_v2.3.1_python312/Log/Max_batchsize_gemma-3-12b-it_2026-09-10_095521/qa_dataset_config_0.yaml --per_device_train_batch_size 55 --gradient_accumulation_steps 4 --triton --num_of_iteration_to_save_model 4 --max_num_of_saved_model_on_epoch_end -1 --max_num_of_saved_model_on_iteration 2
nnodes=1, num_local_procs=1, node_rank=0
global_rank_mapping=defaultdict(<class 'list'>, {'localhost': [0]})
dist_world_size=1
Setting CUDA_VISIBLE_DEVICES=0
#### ======== [INITIALIZE Tokenizer] ======== ####
#### ======== [INITIALIZE Dataloader] ======== ####
[INFO] get dataset name:  ../../products/aiDAPTIVLink/toolkit_dataset_10k.json  training_strategy:  QA
#### ======== [INITIALIZE Model] ======== ####
[INFO] [create_hf_model] init from pretrained
[INFO] You are loading [Gemma3ForConditionalGeneration] with FlashAttention2
[INFO] You are setting [Gemma3ForConditionalGeneration] with Gradient Checkpointing
[INFO] create current swap data path: /mnt/nvme0/phison_30606
[INFO] You are accelerating [Gemma3ForConditionalGeneration] VisionEncoder with FusedEmbedding kernel
[INFO] You are accelerating [Gemma3ForConditionalGeneration] VisionEncoder with FusedGateMLP kernel
[INFO] You are accelerating [Gemma3ForConditionalGeneration] VisionEncoder with FusedQKVOLinear kernel
[INFO] You are accelerating [Gemma3ForConditionalGeneration] VisionEncoder with FusedRoPE kernel
[INFO] You are accelerating [Gemma3ForConditionalGeneration] TextDecoder with FusedEmbedding kernel
[INFO] You are accelerating [Gemma3ForConditionalGeneration] TextDecoder with FusedGateMLP kernel
[INFO] You are accelerating [Gemma3ForConditionalGeneration] TextDecoder with FusedQKVOLinear kernel
[INFO] You are accelerating [Gemma3ForConditionalGeneration] TextDecoder with FusedRoPE kernel
[INFO] You are accelerating [Gemma3ForConditionalGeneration] TextDecoder with FusedLinearXentropy kernel
[2026-09-10 20:40:43.512927] [INFO] Enable Early-stopping: False
[INFO] The current training schedule consists of 1 epochs with 12 iterations each.
[INFO] The accumulated time is set to 4 so the training will be updated 3 times during each epoch.
[INFO] If the trained model does not show significant improvement, you may consider increasing the number of update cycles.
[INFO] If the trained model shows signs of overfitting, you should decrease the number of update cycles.
[2026-09-10 20:40:43.513060] [INFO] Beginning of Epoch 1/1, Total Micro Batches 182
[2026-09-10 20:40:43.625455] [PHISON START] Epoch: 0, Iteration: 0
[2026-09-10 20:40:43.626879] [Forward][start]
[2026-09-10 20:41:01.566783] [Forward][time spent]:17.939862489700317
[2026-09-10 20:41:06.662376] [Loss]:14.465546607971191
[2026-09-10 20:41:06.662504] [Backward][start]
[2026-09-10 20:41:44.648947] [Backward][time spent]:37.986407995224
[2026-09-10 20:41:44.649191] [Update][Start]
[2026-09-10 20:41:45.262452] [Update][time spent]:0.6132237911224365
[2026-09-10 20:41:45.262572] [PHISON END] Iteration: 0

[2026-09-10 20:41:45.333871] [PHISON START] Epoch: 0, Iteration: 1
[2026-09-10 20:41:45.334365] [Forward][start]
[2026-09-10 20:41:57.743697] [Forward][time spent]:12.409315347671509
[2026-09-10 20:42:02.923645] [Loss]:14.732645034790039
[2026-09-10 20:42:02.923761] [Backward][start]
[2026-09-10 20:42:42.146479] [Backward][time spent]:39.22266340255737
[2026-09-10 20:42:42.146764] [Update][Start]
[2026-09-10 20:42:42.763623] [Update][time spent]:0.616818904876709
[2026-09-10 20:42:42.763750] [PHISON END] Iteration: 1

[2026-09-10 20:42:42.834360] [PHISON START] Epoch: 0, Iteration: 2
[2026-09-10 20:42:42.834793] [Forward][start]
[2026-09-10 20:42:55.234118] [Forward][time spent]:12.399285554885864
[2026-09-10 20:43:00.408164] [Loss]:14.717172622680664
[2026-09-10 20:43:00.408252] [Backward][start]
[2026-09-10 20:43:39.589484] [Backward][time spent]:39.18116736412048
[2026-09-10 20:43:39.589773] [Update][Start]
[2026-09-10 20:43:40.205019] [Update][time spent]:0.6152081489562988
[2026-09-10 20:43:40.205149] [PHISON END] Iteration: 2

[2026-09-10 20:43:40.276348] [PHISON START] Epoch: 0, Iteration: 3
[2026-09-10 20:43:40.276774] [Forward][start]
[2026-09-10 20:43:52.692443] [Forward][time spent]:12.415652513504028
[2026-09-10 20:43:57.868320] [Loss]:14.790699005126953
[2026-09-10 20:43:57.868382] [Backward][start]
[2026-09-10 20:44:37.053797] [Backward][time spent]:39.18538308143616
[2026-09-10 20:44:37.054052] [Update][Start]
using avx512bf16
max_compute_thread = 62
[2026-09-10 20:45:08.252114] [Update][time spent]:31.198019981384277
[2026-09-10 20:45:08.252265] [PHISON END] Iteration: 3

[2026-09-10 20:45:08.252294] [INFO] Training efficiency: 1701.9011321865066 (tokens/s)

[2026-09-10 20:45:08.322804] [PHISON START] Epoch: 0, Iteration: 4
[2026-09-10 20:45:08.323143] [Forward][start]
[2026-09-10 20:45:20.720570] [Forward][time spent]:12.397409200668335
[2026-09-10 20:45:25.900625] [Loss]:6.300398826599121
[2026-09-10 20:45:25.900703] [Backward][start]
[2026-09-10 20:46:00.924867] [Backward][time spent]:35.02412509918213
[2026-09-10 20:46:00.925127] [Update][Start]
[2026-09-10 20:46:01.521359] [Update][time spent]:0.5961875915527344
[2026-09-10 20:46:01.521490] [PHISON END] Iteration: 4

[2026-09-10 20:46:01.593078] [PHISON START] Epoch: 0, Iteration: 5
[2026-09-10 20:46:01.593424] [Forward][start]
[2026-09-10 20:46:13.974303] [Forward][time spent]:12.380859375
[2026-09-10 20:46:19.151640] [Loss]:6.054689407348633
[2026-09-10 20:46:19.151748] [Backward][start]
[2026-09-10 20:46:58.304384] [Backward][time spent]:39.15259790420532
[2026-09-10 20:46:58.304643] [Update][Start]
[2026-09-10 20:46:58.889860] [Update][time spent]:0.5851795673370361
[2026-09-10 20:46:58.889969] [PHISON END] Iteration: 5

[2026-09-10 20:46:58.962143] [PHISON START] Epoch: 0, Iteration: 6
[2026-09-10 20:46:58.962516] [Forward][start]
[2026-09-10 20:47:11.387186] [Forward][time spent]:12.424651384353638
[2026-09-10 20:47:16.565504] [Loss]:5.83942985534668
[2026-09-10 20:47:16.565610] [Backward][start]
[2026-09-10 20:47:55.771641] [Backward][time spent]:39.205994844436646
[2026-09-10 20:47:55.771897] [Update][Start]
[2026-09-10 20:47:56.375806] [Update][time spent]:0.6038706302642822
[2026-09-10 20:47:56.375931] [PHISON END] Iteration: 6

[2026-09-10 20:47:56.447356] [PHISON START] Epoch: 0, Iteration: 7
[2026-09-10 20:47:56.447700] [Forward][start]
[2026-09-10 20:48:08.848227] [Forward][time spent]:12.400505781173706
[2026-09-10 20:48:14.022050] [Loss]:6.173974990844727
[2026-09-10 20:48:14.022161] [Backward][start]
[2026-09-10 20:48:53.190528] [Backward][time spent]:39.168330669403076
[2026-09-10 20:48:53.190792] [Update][Start]
[2026-09-10 20:49:23.334371] [Update][time spent]:30.14354133605957
[2026-09-10 20:49:23.334505] [PHISON END] Iteration: 7

[2026-09-10 20:49:23.334536] [INFO] Training efficiency: 1766.3324128395147 (tokens/s)

[2026-09-10 20:49:23.404578] [PHISON START] Epoch: 0, Iteration: 8
[2026-09-10 20:49:23.404936] [Forward][start]
[2026-09-10 20:49:35.824166] [Forward][time spent]:12.419208765029907
[2026-09-10 20:49:41.006583] [Loss]:2.9676523208618164
[2026-09-10 20:49:41.006676] [Backward][start]
[2026-09-10 20:50:16.053202] [Backward][time spent]:35.046483755111694
[2026-09-10 20:50:16.053644] [Update][Start]
[2026-09-10 20:50:16.661794] [Update][time spent]:0.6080560684204102
[2026-09-10 20:50:16.661929] [PHISON END] Iteration: 8

[2026-09-10 20:50:16.733910] [PHISON START] Epoch: 0, Iteration: 9
[2026-09-10 20:50:16.734275] [Forward][start]
[2026-09-10 20:50:29.132497] [Forward][time spent]:12.398199319839478
[2026-09-10 20:50:34.308585] [Loss]:2.871325969696045
[2026-09-10 20:50:34.308674] [Backward][start]
[2026-09-10 20:51:13.549928] [Backward][time spent]:39.24121975898743
[2026-09-10 20:51:13.550219] [Update][Start]
[2026-09-10 20:51:14.164431] [Update][time spent]:0.6141772270202637
[2026-09-10 20:51:14.164556] [PHISON END] Iteration: 9

[2026-09-10 20:51:14.237281] [PHISON START] Epoch: 0, Iteration: 10
[2026-09-10 20:51:14.237641] [Forward][start]
[2026-09-10 20:51:26.638357] [Forward][time spent]:12.400696516036987
[2026-09-10 20:51:31.813543] [Loss]:2.899580955505371
[2026-09-10 20:51:31.813648] [Backward][start]
[2026-09-10 20:52:11.023736] [Backward][time spent]:39.21005034446716
[2026-09-10 20:52:11.024000] [Update][Start]
[2026-09-10 20:52:11.617983] [Update][time spent]:0.5939452648162842
[2026-09-10 20:52:11.618105] [PHISON END] Iteration: 10

[2026-09-10 20:52:11.689434] [PHISON START] Epoch: 0, Iteration: 11
[2026-09-10 20:52:11.689812] [Forward][start]
[2026-09-10 20:52:24.095681] [Forward][time spent]:12.405848979949951
[2026-09-10 20:52:29.271342] [Loss]:3.0420351028442383
[2026-09-10 20:52:29.271433] [Backward][start]
[2026-09-10 20:53:08.510640] [Backward][time spent]:39.239173889160156
[2026-09-10 20:53:08.510902] [Update][Start]
[2026-09-10 20:53:38.696897] [Update][time spent]:30.185955286026
[2026-09-10 20:53:38.697038] [PHISON END] Iteration: 11

[2026-09-10 20:53:38.697065] [INFO] Training efficiency: 1764.3936686459163 (tokens/s)

[2026-09-10 20:53:38.697153] [INFO] training complete!
Process 30607 exits successfully.
