[INFO] [runner.py:579:main] cmd=/usr/bin/python3 -u -m phisonlib.launcher.launch --world_info=eyJsb2NhbGhvc3QiOiBbMF19 --master_addr=127.0.0.1 --master_port=8299 /home/root/aiDAPTIV2/text-generation/train.py --model_name_or_path /app/gemma-3-12b-it --optimizer_path  --max_seq_len 2048 --nvme_path /mnt/nvme0 --beta1 0.9 --beta2 0.95 --eps 1e-08 --weight_decay 0.01 --precision_mode 1 --learning_rate 7e-06 --num_train_epochs 1 --max_iter 12 --lr_scheduler_mode -1 --train_dataset_config_path /workspace/finetune/toolkit/toolkit_v2.3.1_python312/Log/Max_batchsize_gemma-3-12b-it_2026-09-10_095521/qa_dataset_config_0.yaml --per_device_train_batch_size 66 --gradient_accumulation_steps 4 --triton --num_of_iteration_to_save_model 4 --max_num_of_saved_model_on_epoch_end -1 --max_num_of_saved_model_on_iteration 2
nnodes=1, num_local_procs=1, node_rank=0
global_rank_mapping=defaultdict(<class 'list'>, {'localhost': [0]})
dist_world_size=1
Setting CUDA_VISIBLE_DEVICES=0
#### ======== [INITIALIZE Tokenizer] ======== ####
#### ======== [INITIALIZE Dataloader] ======== ####
[INFO] get dataset name:  ../../products/aiDAPTIVLink/toolkit_dataset_10k.json  training_strategy:  QA
#### ======== [INITIALIZE Model] ======== ####
[INFO] [create_hf_model] init from pretrained
[INFO] You are loading [Gemma3ForConditionalGeneration] with FlashAttention2
[INFO] You are setting [Gemma3ForConditionalGeneration] with Gradient Checkpointing
[INFO] create current swap data path: /mnt/nvme0/phison_35731
[INFO] You are accelerating [Gemma3ForConditionalGeneration] VisionEncoder with FusedEmbedding kernel
[INFO] You are accelerating [Gemma3ForConditionalGeneration] VisionEncoder with FusedGateMLP kernel
[INFO] You are accelerating [Gemma3ForConditionalGeneration] VisionEncoder with FusedQKVOLinear kernel
[INFO] You are accelerating [Gemma3ForConditionalGeneration] VisionEncoder with FusedRoPE kernel
[INFO] You are accelerating [Gemma3ForConditionalGeneration] TextDecoder with FusedEmbedding kernel
[INFO] You are accelerating [Gemma3ForConditionalGeneration] TextDecoder with FusedGateMLP kernel
[INFO] You are accelerating [Gemma3ForConditionalGeneration] TextDecoder with FusedQKVOLinear kernel
[INFO] You are accelerating [Gemma3ForConditionalGeneration] TextDecoder with FusedRoPE kernel
[INFO] You are accelerating [Gemma3ForConditionalGeneration] TextDecoder with FusedLinearXentropy kernel
[2026-09-10 23:55:45.465877] [INFO] Enable Early-stopping: False
[INFO] The current training schedule consists of 1 epochs with 12 iterations each.
[INFO] The accumulated time is set to 4 so the training will be updated 3 times during each epoch.
[INFO] If the trained model does not show significant improvement, you may consider increasing the number of update cycles.
[INFO] If the trained model shows signs of overfitting, you should decrease the number of update cycles.
[2026-09-10 23:55:45.466014] [INFO] Beginning of Epoch 1/1, Total Micro Batches 152
[2026-09-10 23:55:45.597510] [PHISON START] Epoch: 0, Iteration: 0
[2026-09-10 23:55:45.599148] [Forward][start]
[2026-09-10 23:56:06.377178] [Forward][time spent]:20.77798581123352
[2026-09-10 23:56:12.519041] [Loss]:14.498416900634766
[2026-09-10 23:56:12.519144] [Backward][start]
[2026-09-10 23:56:57.415338] [Backward][time spent]:44.89615988731384
[2026-09-10 23:56:57.415592] [Update][Start]
[2026-09-10 23:56:58.032573] [Update][time spent]:0.6169416904449463
[2026-09-10 23:56:58.032685] [PHISON END] Iteration: 0

[2026-09-10 23:56:58.120763] [PHISON START] Epoch: 0, Iteration: 1
[2026-09-10 23:56:58.121325] [Forward][start]
[2026-09-10 23:57:12.786688] [Forward][time spent]:14.665339469909668
[2026-09-10 23:57:19.015942] [Loss]:14.760350227355957
[2026-09-10 23:57:19.016045] [Backward][start]
[2026-09-10 23:58:05.191111] [Backward][time spent]:46.175015926361084
[2026-09-10 23:58:05.191433] [Update][Start]
[2026-09-10 23:58:05.801180] [Update][time spent]:0.609705924987793
[2026-09-10 23:58:05.801316] [PHISON END] Iteration: 1

[2026-09-10 23:58:05.885934] [PHISON START] Epoch: 0, Iteration: 2
[2026-09-10 23:58:05.886454] [Forward][start]
[2026-09-10 23:58:20.542432] [Forward][time spent]:14.65592622756958
[2026-09-10 23:58:26.770970] [Loss]:14.637481689453125
[2026-09-10 23:58:26.771080] [Backward][start]
[2026-09-10 23:59:12.352799] [Backward][time spent]:45.581668853759766
[2026-09-10 23:59:12.353082] [Update][Start]
[2026-09-10 23:59:12.958149] [Update][time spent]:0.6050279140472412
[2026-09-10 23:59:12.958289] [PHISON END] Iteration: 2

[2026-09-10 23:59:13.043038] [PHISON START] Epoch: 0, Iteration: 3
[2026-09-10 23:59:13.043566] [Forward][start]
[2026-09-10 23:59:27.700778] [Forward][time spent]:14.65718674659729
[2026-09-10 23:59:33.926539] [Loss]:15.293179512023926
[2026-09-10 23:59:33.926668] [Backward][start]
[2026-09-11 00:00:19.525924] [Backward][time spent]:45.59921979904175
[2026-09-11 00:00:19.526180] [Update][Start]
using avx512bf16
max_compute_thread = 62
[2026-09-11 00:00:50.475796] [Update][time spent]:30.949575901031494
[2026-09-11 00:00:50.475946] [PHISON END] Iteration: 3

[2026-09-11 00:00:50.475975] [INFO] Training efficiency: 1772.637195563047 (tokens/s)

[2026-09-11 00:00:50.558431] [PHISON START] Epoch: 0, Iteration: 4
[2026-09-11 00:00:50.558829] [Forward][start]
[2026-09-11 00:01:05.218018] [Forward][time spent]:14.659161806106567
[2026-09-11 00:01:11.443729] [Loss]:5.998674392700195
[2026-09-11 00:01:11.443867] [Backward][start]
[2026-09-11 00:01:52.924808] [Backward][time spent]:41.48088765144348
[2026-09-11 00:01:52.925074] [Update][Start]
[2026-09-11 00:01:53.529184] [Update][time spent]:0.6040713787078857
[2026-09-11 00:01:53.529322] [PHISON END] Iteration: 4

[2026-09-11 00:01:53.615100] [PHISON START] Epoch: 0, Iteration: 5
[2026-09-11 00:01:53.615502] [Forward][start]
[2026-09-11 00:02:08.254722] [Forward][time spent]:14.63919186592102
[2026-09-11 00:02:14.477855] [Loss]:5.829137802124023
[2026-09-11 00:02:14.477992] [Backward][start]
[2026-09-11 00:03:00.163377] [Backward][time spent]:45.68533396720886
[2026-09-11 00:03:00.163655] [Update][Start]
[2026-09-11 00:03:00.768277] [Update][time spent]:0.6045854091644287
[2026-09-11 00:03:00.768412] [PHISON END] Iteration: 5

[2026-09-11 00:03:00.852558] [PHISON START] Epoch: 0, Iteration: 6
[2026-09-11 00:03:00.852955] [Forward][start]
[2026-09-11 00:03:15.493172] [Forward][time spent]:14.64020037651062
[2026-09-11 00:03:21.720976] [Loss]:6.070371150970459
[2026-09-11 00:03:21.721047] [Backward][start]
[2026-09-11 00:04:07.346715] [Backward][time spent]:45.625648021698
[2026-09-11 00:04:07.346915] [Update][Start]
[2026-09-11 00:04:07.924170] [Update][time spent]:0.5772156715393066
[2026-09-11 00:04:07.924313] [PHISON END] Iteration: 6

[2026-09-11 00:04:08.006475] [PHISON START] Epoch: 0, Iteration: 7
[2026-09-11 00:04:08.006860] [Forward][start]
[2026-09-11 00:04:22.670753] [Forward][time spent]:14.663874864578247
[2026-09-11 00:04:28.900447] [Loss]:5.8848090171813965
[2026-09-11 00:04:28.900506] [Backward][start]
[2026-09-11 00:05:14.494628] [Backward][time spent]:45.594101667404175
[2026-09-11 00:05:14.494837] [Update][Start]
[2026-09-11 00:05:44.522673] [Update][time spent]:30.02779722213745
[2026-09-11 00:05:44.522807] [PHISON END] Iteration: 7

[2026-09-11 00:05:44.522834] [INFO] Training efficiency: 1838.727450974486 (tokens/s)

[2026-09-11 00:05:44.601738] [PHISON START] Epoch: 0, Iteration: 8
[2026-09-11 00:05:44.602115] [Forward][start]
[2026-09-11 00:05:59.245200] [Forward][time spent]:14.64306640625
[2026-09-11 00:06:05.475553] [Loss]:2.910858631134033
[2026-09-11 00:06:05.475620] [Backward][start]
[2026-09-11 00:06:46.917228] [Backward][time spent]:41.44158720970154
[2026-09-11 00:06:46.917565] [Update][Start]
[2026-09-11 00:06:47.483566] [Update][time spent]:0.5659613609313965
[2026-09-11 00:06:47.483697] [PHISON END] Iteration: 8

[2026-09-11 00:06:47.562408] [PHISON START] Epoch: 0, Iteration: 9
[2026-09-11 00:06:47.562776] [Forward][start]
[2026-09-11 00:07:02.176194] [Forward][time spent]:14.61340069770813
[2026-09-11 00:07:08.407301] [Loss]:3.0193707942962646
[2026-09-11 00:07:08.407369] [Backward][start]
[2026-09-11 00:07:53.931412] [Backward][time spent]:45.52402424812317
[2026-09-11 00:07:53.931678] [Update][Start]
[2026-09-11 00:07:54.502314] [Update][time spent]:0.5705993175506592
[2026-09-11 00:07:54.502441] [PHISON END] Iteration: 9

[2026-09-11 00:07:54.581512] [PHISON START] Epoch: 0, Iteration: 10
[2026-09-11 00:07:54.581892] [Forward][start]
[2026-09-11 00:08:09.216308] [Forward][time spent]:14.63439655303955
[2026-09-11 00:08:15.446522] [Loss]:2.9560492038726807
[2026-09-11 00:08:15.446590] [Backward][start]
[2026-09-11 00:09:00.990511] [Backward][time spent]:45.54387140274048
[2026-09-11 00:09:00.990873] [Update][Start]
[2026-09-11 00:09:01.618919] [Update][time spent]:0.6280059814453125
[2026-09-11 00:09:01.619048] [PHISON END] Iteration: 10

[2026-09-11 00:09:01.703551] [PHISON START] Epoch: 0, Iteration: 11
[2026-09-11 00:09:01.703939] [Forward][start]
[2026-09-11 00:09:16.371162] [Forward][time spent]:14.66719675064087
[2026-09-11 00:09:22.602104] [Loss]:3.075453042984009
[2026-09-11 00:09:22.602254] [Backward][start]
[2026-09-11 00:10:08.320196] [Backward][time spent]:45.71788430213928
[2026-09-11 00:10:08.320584] [Update][Start]
[2026-09-11 00:10:37.973434] [Update][time spent]:29.652808904647827
[2026-09-11 00:10:37.973570] [PHISON END] Iteration: 11

[2026-09-11 00:10:37.973597] [INFO] Training efficiency: 1842.4625163179005 (tokens/s)

[2026-09-11 00:10:37.973694] [INFO] training complete!
Process 35732 exits successfully.
[INFO] remove current swap data path: /mnt/nvme0/phison_35731
