[INFO] [runner.py:579:main] cmd=/usr/bin/python3 -u -m phisonlib.launcher.launch --world_info=eyJsb2NhbGhvc3QiOiBbMF19 --master_addr=127.0.0.1 --master_port=8299 /home/root/aiDAPTIV2/text-generation/train.py --model_name_or_path /app/gemma-3-12b-it --optimizer_path  --max_seq_len 2048 --nvme_path /mnt/nvme0 --beta1 0.9 --beta2 0.95 --eps 1e-08 --weight_decay 0.01 --precision_mode 1 --learning_rate 7e-06 --num_train_epochs 1 --max_iter 12 --lr_scheduler_mode -1 --train_dataset_config_path /workspace/finetune/toolkit/toolkit_v2.3.1_python312/Log/Max_batchsize_gemma-3-12b-it_2026-09-10_095521/qa_dataset_config_0.yaml --per_device_train_batch_size 51 --gradient_accumulation_steps 4 --triton --num_of_iteration_to_save_model 4 --max_num_of_saved_model_on_epoch_end -1 --max_num_of_saved_model_on_iteration 2
nnodes=1, num_local_procs=1, node_rank=0
global_rank_mapping=defaultdict(<class 'list'>, {'localhost': [0]})
dist_world_size=1
Setting CUDA_VISIBLE_DEVICES=0
#### ======== [INITIALIZE Tokenizer] ======== ####
#### ======== [INITIALIZE Dataloader] ======== ####
[INFO] get dataset name:  ../../products/aiDAPTIVLink/toolkit_dataset_10k.json  training_strategy:  QA
#### ======== [INITIALIZE Model] ======== ####
[INFO] [create_hf_model] init from pretrained
[INFO] You are loading [Gemma3ForConditionalGeneration] with FlashAttention2
[INFO] You are setting [Gemma3ForConditionalGeneration] with Gradient Checkpointing
[INFO] create current swap data path: /mnt/nvme0/phison_28739
[INFO] You are accelerating [Gemma3ForConditionalGeneration] VisionEncoder with FusedEmbedding kernel
[INFO] You are accelerating [Gemma3ForConditionalGeneration] VisionEncoder with FusedGateMLP kernel
[INFO] You are accelerating [Gemma3ForConditionalGeneration] VisionEncoder with FusedQKVOLinear kernel
[INFO] You are accelerating [Gemma3ForConditionalGeneration] VisionEncoder with FusedRoPE kernel
[INFO] You are accelerating [Gemma3ForConditionalGeneration] TextDecoder with FusedEmbedding kernel
[INFO] You are accelerating [Gemma3ForConditionalGeneration] TextDecoder with FusedGateMLP kernel
[INFO] You are accelerating [Gemma3ForConditionalGeneration] TextDecoder with FusedQKVOLinear kernel
[INFO] You are accelerating [Gemma3ForConditionalGeneration] TextDecoder with FusedRoPE kernel
[INFO] You are accelerating [Gemma3ForConditionalGeneration] TextDecoder with FusedLinearXentropy kernel
[2026-09-10 19:35:00.261469] [INFO] Enable Early-stopping: False
[INFO] The current training schedule consists of 1 epochs with 12 iterations each.
[INFO] The accumulated time is set to 4 so the training will be updated 3 times during each epoch.
[INFO] If the trained model does not show significant improvement, you may consider increasing the number of update cycles.
[INFO] If the trained model shows signs of overfitting, you should decrease the number of update cycles.
[2026-09-10 19:35:00.261653] [INFO] Beginning of Epoch 1/1, Total Micro Batches 197
[2026-09-10 19:35:00.372973] [PHISON START] Epoch: 0, Iteration: 0
[2026-09-10 19:35:00.374381] [Forward][start]
[2026-09-10 19:35:17.225717] [Forward][time spent]:16.851295232772827
[2026-09-10 19:35:21.947287] [Loss]:14.480224609375
[2026-09-10 19:35:21.947392] [Backward][start]
[2026-09-10 19:35:57.535397] [Backward][time spent]:35.587974071502686
[2026-09-10 19:35:57.535714] [Update][Start]
[2026-09-10 19:35:58.157662] [Update][time spent]:0.6219089031219482
[2026-09-10 19:35:58.157791] [PHISON END] Iteration: 0

[2026-09-10 19:35:58.226130] [PHISON START] Epoch: 0, Iteration: 1
[2026-09-10 19:35:58.226564] [Forward][start]
[2026-09-10 19:36:09.845553] [Forward][time spent]:11.618968963623047
[2026-09-10 19:36:14.651016] [Loss]:14.61439323425293
[2026-09-10 19:36:14.651111] [Backward][start]
[2026-09-10 19:36:51.387557] [Backward][time spent]:36.73642587661743
[2026-09-10 19:36:51.387782] [Update][Start]
[2026-09-10 19:36:51.962961] [Update][time spent]:0.5751383304595947
[2026-09-10 19:36:51.963086] [PHISON END] Iteration: 1

[2026-09-10 19:36:52.027309] [PHISON START] Epoch: 0, Iteration: 2
[2026-09-10 19:36:52.027710] [Forward][start]
[2026-09-10 19:37:03.632485] [Forward][time spent]:11.60473084449768
[2026-09-10 19:37:08.437458] [Loss]:14.759801864624023
[2026-09-10 19:37:08.437524] [Backward][start]
[2026-09-10 19:37:45.025331] [Backward][time spent]:36.58778953552246
[2026-09-10 19:37:45.025530] [Update][Start]
[2026-09-10 19:37:45.597551] [Update][time spent]:0.5719842910766602
[2026-09-10 19:37:45.597676] [PHISON END] Iteration: 2

[2026-09-10 19:37:45.659866] [PHISON START] Epoch: 0, Iteration: 3
[2026-09-10 19:37:45.660283] [Forward][start]
[2026-09-10 19:37:57.262622] [Forward][time spent]:11.60232424736023
[2026-09-10 19:38:02.062272] [Loss]:14.738475799560547
[2026-09-10 19:38:02.062326] [Backward][start]
[2026-09-10 19:38:39.011407] [Backward][time spent]:36.94906282424927
[2026-09-10 19:38:39.011604] [Update][Start]
using avx512bf16
max_compute_thread = 62
[2026-09-10 19:39:09.302811] [Update][time spent]:30.291168928146362
[2026-09-10 19:39:09.302947] [PHISON END] Iteration: 3

[2026-09-10 19:39:09.302971] [INFO] Training efficiency: 1677.6011509100135 (tokens/s)

[2026-09-10 19:39:09.365925] [PHISON START] Epoch: 0, Iteration: 4
[2026-09-10 19:39:09.366273] [Forward][start]
[2026-09-10 19:39:20.940936] [Forward][time spent]:11.574645042419434
[2026-09-10 19:39:25.750061] [Loss]:6.28825044631958
[2026-09-10 19:39:25.750115] [Backward][start]
[2026-09-10 19:39:58.482405] [Backward][time spent]:32.732237577438354
[2026-09-10 19:39:58.482703] [Update][Start]
[2026-09-10 19:39:59.082703] [Update][time spent]:0.599961519241333
[2026-09-10 19:39:59.082839] [PHISON END] Iteration: 4

[2026-09-10 19:39:59.151155] [PHISON START] Epoch: 0, Iteration: 5
[2026-09-10 19:39:59.151523] [Forward][start]
[2026-09-10 19:40:10.755899] [Forward][time spent]:11.604350090026855
[2026-09-10 19:40:15.556431] [Loss]:6.142908096313477
[2026-09-10 19:40:15.556536] [Backward][start]
[2026-09-10 19:40:52.374914] [Backward][time spent]:36.81832313537598
[2026-09-10 19:40:52.375203] [Update][Start]
[2026-09-10 19:40:52.975756] [Update][time spent]:0.6005148887634277
[2026-09-10 19:40:52.975881] [PHISON END] Iteration: 5

[2026-09-10 19:40:53.044354] [PHISON START] Epoch: 0, Iteration: 6
[2026-09-10 19:40:53.044710] [Forward][start]
[2026-09-10 19:41:04.648394] [Forward][time spent]:11.603658437728882
[2026-09-10 19:41:09.448465] [Loss]:5.886154651641846
[2026-09-10 19:41:09.448589] [Backward][start]
[2026-09-10 19:41:46.369088] [Backward][time spent]:36.920461893081665
[2026-09-10 19:41:46.369402] [Update][Start]
[2026-09-10 19:41:46.967346] [Update][time spent]:0.5979034900665283
[2026-09-10 19:41:46.967476] [PHISON END] Iteration: 6

[2026-09-10 19:41:47.034410] [PHISON START] Epoch: 0, Iteration: 7
[2026-09-10 19:41:47.034766] [Forward][start]
[2026-09-10 19:41:58.637991] [Forward][time spent]:11.603200435638428
[2026-09-10 19:42:03.437536] [Loss]:6.281007289886475
[2026-09-10 19:42:03.437631] [Backward][start]
[2026-09-10 19:42:40.232694] [Backward][time spent]:36.79502749443054
[2026-09-10 19:42:40.232975] [Update][Start]
[2026-09-10 19:43:10.211482] [Update][time spent]:29.978463172912598
[2026-09-10 19:43:10.211618] [PHISON END] Iteration: 7

[2026-09-10 19:43:10.211645] [INFO] Training efficiency: 1734.2340544341475 (tokens/s)

[2026-09-10 19:43:10.277419] [PHISON START] Epoch: 0, Iteration: 8
[2026-09-10 19:43:10.277782] [Forward][start]
[2026-09-10 19:43:21.884408] [Forward][time spent]:11.606602907180786
[2026-09-10 19:43:26.688056] [Loss]:2.8676793575286865
[2026-09-10 19:43:26.688161] [Backward][start]
[2026-09-10 19:43:59.392755] [Backward][time spent]:32.704548835754395
[2026-09-10 19:43:59.393092] [Update][Start]
[2026-09-10 19:44:00.054926] [Update][time spent]:0.6617934703826904
[2026-09-10 19:44:00.055046] [PHISON END] Iteration: 8

[2026-09-10 19:44:00.124866] [PHISON START] Epoch: 0, Iteration: 9
[2026-09-10 19:44:00.125241] [Forward][start]
[2026-09-10 19:44:11.723472] [Forward][time spent]:11.59820818901062
[2026-09-10 19:44:16.523732] [Loss]:2.8647592067718506
[2026-09-10 19:44:16.523863] [Backward][start]
[2026-09-10 19:44:53.446048] [Backward][time spent]:36.92213201522827
[2026-09-10 19:44:53.446410] [Update][Start]
[2026-09-10 19:44:54.061388] [Update][time spent]:0.614938497543335
[2026-09-10 19:44:54.061516] [PHISON END] Iteration: 9

[2026-09-10 19:44:54.129343] [PHISON START] Epoch: 0, Iteration: 10
[2026-09-10 19:44:54.129705] [Forward][start]
[2026-09-10 19:45:05.734681] [Forward][time spent]:11.604952096939087
[2026-09-10 19:45:10.536353] [Loss]:2.818429946899414
[2026-09-10 19:45:10.536492] [Backward][start]
[2026-09-10 19:45:47.403096] [Backward][time spent]:36.86655116081238
[2026-09-10 19:45:47.403426] [Update][Start]
[2026-09-10 19:45:48.018310] [Update][time spent]:0.6148452758789062
[2026-09-10 19:45:48.018434] [PHISON END] Iteration: 10

[2026-09-10 19:45:48.087763] [PHISON START] Epoch: 0, Iteration: 11
[2026-09-10 19:45:48.088122] [Forward][start]
[2026-09-10 19:45:59.695434] [Forward][time spent]:11.607288122177124
[2026-09-10 19:46:04.499849] [Loss]:2.917304277420044
[2026-09-10 19:46:04.499951] [Backward][start]
[2026-09-10 19:46:41.480252] [Backward][time spent]:36.98026490211487
[2026-09-10 19:46:41.480562] [Update][Start]
[2026-09-10 19:47:11.434859] [Update][time spent]:29.954259395599365
[2026-09-10 19:47:11.435002] [PHISON END] Iteration: 11

[2026-09-10 19:47:11.435025] [INFO] Training efficiency: 1731.9715426317807 (tokens/s)

[2026-09-10 19:47:11.435135] [INFO] training complete!
Process 28740 exits successfully.
[INFO] remove current swap data path: /mnt/nvme0/phison_28739
