[INFO] [runner.py:579:main] cmd=/usr/bin/python3 -u -m phisonlib.launcher.launch --world_info=eyJsb2NhbGhvc3QiOiBbMF19 --master_addr=127.0.0.1 --master_port=8299 /home/root/aiDAPTIV2/text-generation/train.py --model_name_or_path /app/gemma-3-12b-it --optimizer_path  --max_seq_len 2048 --nvme_path /mnt/nvme0 --beta1 0.9 --beta2 0.95 --eps 1e-08 --weight_decay 0.01 --precision_mode 1 --learning_rate 7e-06 --num_train_epochs 1 --max_iter 12 --lr_scheduler_mode -1 --train_dataset_config_path /workspace/finetune/toolkit/toolkit_v2.3.1_python312/Log/Max_batchsize_gemma-3-12b-it_2026-09-10_095521/qa_dataset_config_0.yaml --per_device_train_batch_size 54 --gradient_accumulation_steps 4 --triton --num_of_iteration_to_save_model 4 --max_num_of_saved_model_on_epoch_end -1 --max_num_of_saved_model_on_iteration 2
nnodes=1, num_local_procs=1, node_rank=0
global_rank_mapping=defaultdict(<class 'list'>, {'localhost': [0]})
dist_world_size=1
Setting CUDA_VISIBLE_DEVICES=0
#### ======== [INITIALIZE Tokenizer] ======== ####
#### ======== [INITIALIZE Dataloader] ======== ####
[INFO] get dataset name:  ../../products/aiDAPTIVLink/toolkit_dataset_10k.json  training_strategy:  QA
#### ======== [INITIALIZE Model] ======== ####
[INFO] [create_hf_model] init from pretrained
[INFO] You are loading [Gemma3ForConditionalGeneration] with FlashAttention2
[INFO] You are setting [Gemma3ForConditionalGeneration] with Gradient Checkpointing
[INFO] create current swap data path: /mnt/nvme0/phison_30139
[INFO] You are accelerating [Gemma3ForConditionalGeneration] VisionEncoder with FusedEmbedding kernel
[INFO] You are accelerating [Gemma3ForConditionalGeneration] VisionEncoder with FusedGateMLP kernel
[INFO] You are accelerating [Gemma3ForConditionalGeneration] VisionEncoder with FusedQKVOLinear kernel
[INFO] You are accelerating [Gemma3ForConditionalGeneration] VisionEncoder with FusedRoPE kernel
[INFO] You are accelerating [Gemma3ForConditionalGeneration] TextDecoder with FusedEmbedding kernel
[INFO] You are accelerating [Gemma3ForConditionalGeneration] TextDecoder with FusedGateMLP kernel
[INFO] You are accelerating [Gemma3ForConditionalGeneration] TextDecoder with FusedQKVOLinear kernel
[INFO] You are accelerating [Gemma3ForConditionalGeneration] TextDecoder with FusedRoPE kernel
[INFO] You are accelerating [Gemma3ForConditionalGeneration] TextDecoder with FusedLinearXentropy kernel
[2026-09-10 20:24:00.470594] [INFO] Enable Early-stopping: False
[INFO] The current training schedule consists of 1 epochs with 12 iterations each.
[INFO] The accumulated time is set to 4 so the training will be updated 3 times during each epoch.
[INFO] If the trained model does not show significant improvement, you may consider increasing the number of update cycles.
[INFO] If the trained model shows signs of overfitting, you should decrease the number of update cycles.
[2026-09-10 20:24:00.470768] [INFO] Beginning of Epoch 1/1, Total Micro Batches 186
[2026-09-10 20:24:00.589631] [PHISON START] Epoch: 0, Iteration: 0
[2026-09-10 20:24:00.591599] [Forward][start]
[2026-09-10 20:24:18.306273] [Forward][time spent]:17.7145893573761
[2026-09-10 20:24:23.301331] [Loss]:14.421594619750977
[2026-09-10 20:24:23.301425] [Backward][start]
[2026-09-10 20:25:00.730338] [Backward][time spent]:37.42889332771301
[2026-09-10 20:25:00.730471] [Update][Start]
[2026-09-10 20:25:01.348623] [Update][time spent]:0.6181380748748779
[2026-09-10 20:25:01.348744] [PHISON END] Iteration: 0

[2026-09-10 20:25:01.421060] [PHISON START] Epoch: 0, Iteration: 1
[2026-09-10 20:25:01.421536] [Forward][start]
[2026-09-10 20:25:13.659754] [Forward][time spent]:12.238193273544312
[2026-09-10 20:25:18.741396] [Loss]:14.719051361083984
[2026-09-10 20:25:18.741476] [Backward][start]
[2026-09-10 20:25:57.401245] [Backward][time spent]:38.65974140167236
[2026-09-10 20:25:57.401431] [Update][Start]
[2026-09-10 20:25:58.034250] [Update][time spent]:0.632807731628418
[2026-09-10 20:25:58.034371] [PHISON END] Iteration: 1

[2026-09-10 20:25:58.104979] [PHISON START] Epoch: 0, Iteration: 2
[2026-09-10 20:25:58.105451] [Forward][start]
[2026-09-10 20:26:10.330481] [Forward][time spent]:12.224990367889404
[2026-09-10 20:26:15.405681] [Loss]:14.772695541381836
[2026-09-10 20:26:15.405791] [Backward][start]
[2026-09-10 20:26:53.965775] [Backward][time spent]:38.55994772911072
[2026-09-10 20:26:53.966038] [Update][Start]
[2026-09-10 20:26:54.562781] [Update][time spent]:0.596705436706543
[2026-09-10 20:26:54.562918] [PHISON END] Iteration: 2

[2026-09-10 20:26:54.633663] [PHISON START] Epoch: 0, Iteration: 3
[2026-09-10 20:26:54.634137] [Forward][start]
[2026-09-10 20:27:06.861353] [Forward][time spent]:12.227192401885986
[2026-09-10 20:27:11.936617] [Loss]:14.804291725158691
[2026-09-10 20:27:11.936748] [Backward][start]
[2026-09-10 20:27:50.552966] [Backward][time spent]:38.61616110801697
[2026-09-10 20:27:50.553283] [Update][Start]
using avx512bf16
max_compute_thread = 62
[2026-09-10 20:28:22.112034] [Update][time spent]:31.55866026878357
[2026-09-10 20:28:22.112180] [PHISON END] Iteration: 3

[2026-09-10 20:28:22.112205] [INFO] Training efficiency: 1690.7413679988035 (tokens/s)

[2026-09-10 20:28:22.183801] [PHISON START] Epoch: 0, Iteration: 4
[2026-09-10 20:28:22.184149] [Forward][start]
[2026-09-10 20:28:34.409724] [Forward][time spent]:12.225559711456299
[2026-09-10 20:28:39.488256] [Loss]:6.297767639160156
[2026-09-10 20:28:39.488324] [Backward][start]
[2026-09-10 20:29:13.931602] [Backward][time spent]:34.4432590007782
[2026-09-10 20:29:13.931809] [Update][Start]
[2026-09-10 20:29:14.520997] [Update][time spent]:0.5891499519348145
[2026-09-10 20:29:14.521131] [PHISON END] Iteration: 4

[2026-09-10 20:29:14.589027] [PHISON START] Epoch: 0, Iteration: 5
[2026-09-10 20:29:14.589391] [Forward][start]
[2026-09-10 20:29:26.761473] [Forward][time spent]:12.172063112258911
[2026-09-10 20:29:31.838978] [Loss]:6.082614421844482
[2026-09-10 20:29:31.839053] [Backward][start]
[2026-09-10 20:30:10.390118] [Backward][time spent]:38.551045417785645
[2026-09-10 20:30:10.390430] [Update][Start]
[2026-09-10 20:30:10.965293] [Update][time spent]:0.5748255252838135
[2026-09-10 20:30:10.965414] [PHISON END] Iteration: 5

[2026-09-10 20:30:11.033248] [PHISON START] Epoch: 0, Iteration: 6
[2026-09-10 20:30:11.033626] [Forward][start]
[2026-09-10 20:30:23.209305] [Forward][time spent]:12.17566204071045
[2026-09-10 20:30:28.284277] [Loss]:5.859986305236816
[2026-09-10 20:30:28.284361] [Backward][start]
[2026-09-10 20:31:06.863352] [Backward][time spent]:38.57893776893616
[2026-09-10 20:31:06.863710] [Update][Start]
[2026-09-10 20:31:07.479063] [Update][time spent]:0.6153147220611572
[2026-09-10 20:31:07.479194] [PHISON END] Iteration: 6

[2026-09-10 20:31:07.551120] [PHISON START] Epoch: 0, Iteration: 7
[2026-09-10 20:31:07.551488] [Forward][start]
[2026-09-10 20:31:19.772424] [Forward][time spent]:12.220909833908081
[2026-09-10 20:31:24.846899] [Loss]:6.2955322265625
[2026-09-10 20:31:24.847036] [Backward][start]
[2026-09-10 20:32:03.660590] [Backward][time spent]:38.813520431518555
[2026-09-10 20:32:03.660919] [Update][Start]
[2026-09-10 20:32:34.150993] [Update][time spent]:30.49003505706787
[2026-09-10 20:32:34.151145] [PHISON END] Iteration: 7

[2026-09-10 20:32:34.151173] [INFO] Training efficiency: 1755.1572651784577 (tokens/s)

[2026-09-10 20:32:34.221496] [PHISON START] Epoch: 0, Iteration: 8
[2026-09-10 20:32:34.221870] [Forward][start]
[2026-09-10 20:32:46.433367] [Forward][time spent]:12.211471557617188
[2026-09-10 20:32:51.512575] [Loss]:2.862182855606079
[2026-09-10 20:32:51.512698] [Backward][start]
[2026-09-10 20:33:26.026095] [Backward][time spent]:34.5133421421051
[2026-09-10 20:33:26.026466] [Update][Start]
[2026-09-10 20:33:26.626231] [Update][time spent]:0.599729061126709
[2026-09-10 20:33:26.626365] [PHISON END] Iteration: 8

[2026-09-10 20:33:26.697875] [PHISON START] Epoch: 0, Iteration: 9
[2026-09-10 20:33:26.698242] [Forward][start]
[2026-09-10 20:33:38.910344] [Forward][time spent]:12.212076187133789
[2026-09-10 20:33:43.985111] [Loss]:2.8734116554260254
[2026-09-10 20:33:43.985200] [Backward][start]
[2026-09-10 20:34:22.804968] [Backward][time spent]:38.819748878479004
[2026-09-10 20:34:22.805177] [Update][Start]
[2026-09-10 20:34:23.367234] [Update][time spent]:0.5620238780975342
[2026-09-10 20:34:23.367366] [PHISON END] Iteration: 9

[2026-09-10 20:34:23.438124] [PHISON START] Epoch: 0, Iteration: 10
[2026-09-10 20:34:23.438498] [Forward][start]
[2026-09-10 20:34:35.651675] [Forward][time spent]:12.21315622329712
[2026-09-10 20:34:40.732239] [Loss]:2.833265781402588
[2026-09-10 20:34:40.732337] [Backward][start]
[2026-09-10 20:35:19.260770] [Backward][time spent]:38.528409481048584
[2026-09-10 20:35:19.260984] [Update][Start]
[2026-09-10 20:35:19.832007] [Update][time spent]:0.5709865093231201
[2026-09-10 20:35:19.832142] [PHISON END] Iteration: 10

[2026-09-10 20:35:19.904253] [PHISON START] Epoch: 0, Iteration: 11
[2026-09-10 20:35:19.904641] [Forward][start]
[2026-09-10 20:35:32.112121] [Forward][time spent]:12.207458972930908
[2026-09-10 20:35:37.191868] [Loss]:2.8712518215179443
[2026-09-10 20:35:37.191973] [Backward][start]
[2026-09-10 20:36:16.067059] [Backward][time spent]:38.87505292892456
[2026-09-10 20:36:16.067343] [Update][Start]
[2026-09-10 20:36:46.210271] [Update][time spent]:30.14288878440857
[2026-09-10 20:36:46.210416] [PHISON END] Iteration: 11

[2026-09-10 20:36:46.210442] [INFO] Training efficiency: 1755.015896422695 (tokens/s)

[2026-09-10 20:36:46.210532] [INFO] training complete!
Process 30140 exits successfully.
[INFO] remove current swap data path: /mnt/nvme0/phison_30139
