[INFO] [runner.py:579:main] cmd=/usr/bin/python3 -u -m phisonlib.launcher.launch --world_info=eyJsb2NhbGhvc3QiOiBbMF19 --master_addr=127.0.0.1 --master_port=8299 /home/root/aiDAPTIV2/text-generation/train.py --model_name_or_path /app/gemma-3-12b-it --optimizer_path  --max_seq_len 2048 --nvme_path /mnt/nvme0 --beta1 0.9 --beta2 0.95 --eps 1e-08 --weight_decay 0.01 --precision_mode 1 --learning_rate 7e-06 --num_train_epochs 1 --max_iter 12 --lr_scheduler_mode -1 --train_dataset_config_path /workspace/finetune/toolkit/toolkit_v2.3.1_python312/Log/Max_batchsize_gemma-3-12b-it_2026-09-10_095521/qa_dataset_config_0.yaml --per_device_train_batch_size 19 --gradient_accumulation_steps 4 --triton --num_of_iteration_to_save_model 4 --max_num_of_saved_model_on_epoch_end -1 --max_num_of_saved_model_on_iteration 2
nnodes=1, num_local_procs=1, node_rank=0
global_rank_mapping=defaultdict(<class 'list'>, {'localhost': [0]})
dist_world_size=1
Setting CUDA_VISIBLE_DEVICES=0
#### ======== [INITIALIZE Tokenizer] ======== ####
#### ======== [INITIALIZE Dataloader] ======== ####
[INFO] get dataset name:  ../../products/aiDAPTIVLink/toolkit_dataset_10k.json  training_strategy:  QA
#### ======== [INITIALIZE Model] ======== ####
[INFO] [create_hf_model] init from pretrained
[INFO] You are loading [Gemma3ForConditionalGeneration] with FlashAttention2
[INFO] You are setting [Gemma3ForConditionalGeneration] with Gradient Checkpointing
[INFO] create current swap data path: /mnt/nvme0/phison_13904
[INFO] You are accelerating [Gemma3ForConditionalGeneration] VisionEncoder with FusedEmbedding kernel
[INFO] You are accelerating [Gemma3ForConditionalGeneration] VisionEncoder with FusedGateMLP kernel
[INFO] You are accelerating [Gemma3ForConditionalGeneration] VisionEncoder with FusedQKVOLinear kernel
[INFO] You are accelerating [Gemma3ForConditionalGeneration] VisionEncoder with FusedRoPE kernel
[INFO] You are accelerating [Gemma3ForConditionalGeneration] TextDecoder with FusedEmbedding kernel
[INFO] You are accelerating [Gemma3ForConditionalGeneration] TextDecoder with FusedGateMLP kernel
[INFO] You are accelerating [Gemma3ForConditionalGeneration] TextDecoder with FusedQKVOLinear kernel
[INFO] You are accelerating [Gemma3ForConditionalGeneration] TextDecoder with FusedRoPE kernel
[INFO] You are accelerating [Gemma3ForConditionalGeneration] TextDecoder with FusedLinearXentropy kernel
[2026-09-10 12:34:56.482041] [INFO] Enable Early-stopping: False
[INFO] The current training schedule consists of 1 epochs with 12 iterations each.
[INFO] The accumulated time is set to 4 so the training will be updated 3 times during each epoch.
[INFO] If the trained model does not show significant improvement, you may consider increasing the number of update cycles.
[INFO] If the trained model shows signs of overfitting, you should decrease the number of update cycles.
[2026-09-10 12:34:56.482175] [INFO] Beginning of Epoch 1/1, Total Micro Batches 527
[2026-09-10 12:34:56.544204] [PHISON START] Epoch: 0, Iteration: 0
[2026-09-10 12:34:56.545066] [Forward][start]
[2026-09-10 12:35:04.646314] [Forward][time spent]:8.101222515106201
[2026-09-10 12:35:06.438839] [Loss]:14.148948669433594
[2026-09-10 12:35:06.438901] [Backward][start]
[2026-09-10 12:35:22.192177] [Backward][time spent]:15.753251552581787
[2026-09-10 12:35:22.192435] [Update][Start]
[2026-09-10 12:35:22.747911] [Update][time spent]:0.5554335117340088
[2026-09-10 12:35:22.748032] [PHISON END] Iteration: 0

[2026-09-10 12:35:22.775583] [PHISON START] Epoch: 0, Iteration: 1
[2026-09-10 12:35:22.775893] [Forward][start]
[2026-09-10 12:35:27.930664] [Forward][time spent]:5.154748916625977
[2026-09-10 12:35:29.766612] [Loss]:14.086563110351562
[2026-09-10 12:35:29.766675] [Backward][start]
[2026-09-10 12:35:47.204189] [Backward][time spent]:17.437469959259033
[2026-09-10 12:35:47.204529] [Update][Start]
[2026-09-10 12:35:47.790697] [Update][time spent]:0.5861279964447021
[2026-09-10 12:35:47.790826] [PHISON END] Iteration: 1

[2026-09-10 12:35:47.818167] [PHISON START] Epoch: 0, Iteration: 2
[2026-09-10 12:35:47.818479] [Forward][start]
[2026-09-10 12:35:53.013161] [Forward][time spent]:5.19463324546814
[2026-09-10 12:35:54.849914] [Loss]:15.610464096069336
[2026-09-10 12:35:54.850013] [Backward][start]
[2026-09-10 12:36:12.274122] [Backward][time spent]:17.424089908599854
[2026-09-10 12:36:12.274349] [Update][Start]
[2026-09-10 12:36:12.836400] [Update][time spent]:0.5620100498199463
[2026-09-10 12:36:12.836521] [PHISON END] Iteration: 2

[2026-09-10 12:36:12.863831] [PHISON START] Epoch: 0, Iteration: 3
[2026-09-10 12:36:12.864100] [Forward][start]
[2026-09-10 12:36:18.048729] [Forward][time spent]:5.184613227844238
[2026-09-10 12:36:19.885369] [Loss]:14.167296409606934
[2026-09-10 12:36:19.885422] [Backward][start]
[2026-09-10 12:36:37.329873] [Backward][time spent]:17.4444317817688
[2026-09-10 12:36:37.330068] [Update][Start]
using avx512bf16
max_compute_thread = 62
[2026-09-10 12:37:08.647929] [Update][time spent]:31.317822456359863
[2026-09-10 12:37:08.648073] [PHISON END] Iteration: 3

[2026-09-10 12:37:08.648100] [INFO] Training efficiency: 1177.6711839556583 (tokens/s)

[2026-09-10 12:37:08.676055] [PHISON START] Epoch: 0, Iteration: 4
[2026-09-10 12:37:08.676350] [Forward][start]
[2026-09-10 12:37:13.858232] [Forward][time spent]:5.1818623542785645
[2026-09-10 12:37:15.693580] [Loss]:6.629650592803955
[2026-09-10 12:37:15.693662] [Backward][start]
[2026-09-10 12:37:29.701803] [Backward][time spent]:14.008105516433716
[2026-09-10 12:37:29.702101] [Update][Start]
[2026-09-10 12:37:30.295652] [Update][time spent]:0.5935103893280029
[2026-09-10 12:37:30.295786] [PHISON END] Iteration: 4

[2026-09-10 12:37:30.325557] [PHISON START] Epoch: 0, Iteration: 5
[2026-09-10 12:37:30.325838] [Forward][start]
[2026-09-10 12:37:35.496490] [Forward][time spent]:5.170632600784302
[2026-09-10 12:37:37.332903] [Loss]:6.052779197692871
[2026-09-10 12:37:37.332978] [Backward][start]
[2026-09-10 12:37:54.781455] [Backward][time spent]:17.44844341278076
[2026-09-10 12:37:54.781731] [Update][Start]
[2026-09-10 12:37:55.356114] [Update][time spent]:0.5743446350097656
[2026-09-10 12:37:55.356245] [PHISON END] Iteration: 5

[2026-09-10 12:37:55.385142] [PHISON START] Epoch: 0, Iteration: 6
[2026-09-10 12:37:55.385436] [Forward][start]
[2026-09-10 12:38:00.571754] [Forward][time spent]:5.186291217803955
[2026-09-10 12:38:02.406644] [Loss]:6.040411949157715
[2026-09-10 12:38:02.406713] [Backward][start]
[2026-09-10 12:38:19.857178] [Backward][time spent]:17.450432300567627
[2026-09-10 12:38:19.857537] [Update][Start]
[2026-09-10 12:38:20.442311] [Update][time spent]:0.584735631942749
[2026-09-10 12:38:20.442439] [PHISON END] Iteration: 6

[2026-09-10 12:38:20.471571] [PHISON START] Epoch: 0, Iteration: 7
[2026-09-10 12:38:20.471860] [Forward][start]
[2026-09-10 12:38:25.655598] [Forward][time spent]:5.183714151382446
[2026-09-10 12:38:27.491406] [Loss]:6.8604960441589355
[2026-09-10 12:38:27.491488] [Backward][start]
[2026-09-10 12:38:45.039581] [Backward][time spent]:17.548058032989502
[2026-09-10 12:38:45.039840] [Update][Start]
[2026-09-10 12:39:14.756994] [Update][time spent]:29.7171151638031
[2026-09-10 12:39:14.757140] [PHISON END] Iteration: 7

[2026-09-10 12:39:14.757166] [INFO] Training efficiency: 1234.2333966774802 (tokens/s)

[2026-09-10 12:39:14.786679] [PHISON START] Epoch: 0, Iteration: 8
[2026-09-10 12:39:14.786986] [Forward][start]
[2026-09-10 12:39:19.935590] [Forward][time spent]:5.1485795974731445
[2026-09-10 12:39:21.770683] [Loss]:2.9642114639282227
[2026-09-10 12:39:21.770783] [Backward][start]
[2026-09-10 12:39:35.801756] [Backward][time spent]:14.030937671661377
[2026-09-10 12:39:35.802050] [Update][Start]
[2026-09-10 12:39:36.381842] [Update][time spent]:0.5797522068023682
[2026-09-10 12:39:36.381960] [PHISON END] Iteration: 8

[2026-09-10 12:39:36.410694] [PHISON START] Epoch: 0, Iteration: 9
[2026-09-10 12:39:36.410992] [Forward][start]
[2026-09-10 12:39:41.564472] [Forward][time spent]:5.153456211090088
[2026-09-10 12:39:43.400156] [Loss]:2.768535852432251
[2026-09-10 12:39:43.400235] [Backward][start]
[2026-09-10 12:40:00.782709] [Backward][time spent]:17.38245391845703
[2026-09-10 12:40:00.782948] [Update][Start]
[2026-09-10 12:40:01.355317] [Update][time spent]:0.5723321437835693
[2026-09-10 12:40:01.355428] [PHISON END] Iteration: 9

[2026-09-10 12:40:01.383772] [PHISON START] Epoch: 0, Iteration: 10
[2026-09-10 12:40:01.384043] [Forward][start]
[2026-09-10 12:40:06.533961] [Forward][time spent]:5.149900436401367
[2026-09-10 12:40:08.370228] [Loss]:2.9860029220581055
[2026-09-10 12:40:08.370283] [Backward][start]
[2026-09-10 12:40:25.750630] [Backward][time spent]:17.380327463150024
[2026-09-10 12:40:25.750825] [Update][Start]
[2026-09-10 12:40:26.314357] [Update][time spent]:0.5634958744049072
[2026-09-10 12:40:26.314473] [PHISON END] Iteration: 10

[2026-09-10 12:40:26.340339] [PHISON START] Epoch: 0, Iteration: 11
[2026-09-10 12:40:26.340621] [Forward][start]
[2026-09-10 12:40:31.496922] [Forward][time spent]:5.156282424926758
[2026-09-10 12:40:33.333839] [Loss]:2.8643136024475098
[2026-09-10 12:40:33.333888] [Backward][start]
[2026-09-10 12:40:50.827361] [Backward][time spent]:17.493454456329346
[2026-09-10 12:40:50.827561] [Update][Start]
[2026-09-10 12:41:20.250546] [Update][time spent]:29.42294716835022
[2026-09-10 12:41:20.250690] [PHISON END] Iteration: 11

[2026-09-10 12:41:20.250717] [INFO] Training efficiency: 1240.286982737338 (tokens/s)

[2026-09-10 12:41:20.250819] [INFO] training complete!
Process 13905 exits successfully.
