[INFO] [runner.py:579:main] cmd=/usr/bin/python3 -u -m phisonlib.launcher.launch --world_info=eyJsb2NhbGhvc3QiOiBbMF19 --master_addr=127.0.0.1 --master_port=8299 /home/root/aiDAPTIV2/text-generation/train.py --model_name_or_path /app/gemma-3-12b-it --optimizer_path  --max_seq_len 2048 --nvme_path /mnt/nvme0 --beta1 0.9 --beta2 0.95 --eps 1e-08 --weight_decay 0.01 --precision_mode 1 --learning_rate 7e-06 --num_train_epochs 1 --max_iter 12 --lr_scheduler_mode -1 --train_dataset_config_path /workspace/finetune/toolkit/toolkit_v2.3.1_python312/Log/Max_batchsize_gemma-3-12b-it_2026-09-10_095521/qa_dataset_config_0.yaml --per_device_train_batch_size 22 --gradient_accumulation_steps 4 --triton --num_of_iteration_to_save_model 4 --max_num_of_saved_model_on_epoch_end -1 --max_num_of_saved_model_on_iteration 2
nnodes=1, num_local_procs=1, node_rank=0
global_rank_mapping=defaultdict(<class 'list'>, {'localhost': [0]})
dist_world_size=1
Setting CUDA_VISIBLE_DEVICES=0
#### ======== [INITIALIZE Tokenizer] ======== ####
#### ======== [INITIALIZE Dataloader] ======== ####
[INFO] get dataset name:  ../../products/aiDAPTIVLink/toolkit_dataset_10k.json  training_strategy:  QA
#### ======== [INITIALIZE Model] ======== ####
[INFO] [create_hf_model] init from pretrained
[INFO] You are loading [Gemma3ForConditionalGeneration] with FlashAttention2
[INFO] You are setting [Gemma3ForConditionalGeneration] with Gradient Checkpointing
[INFO] create current swap data path: /mnt/nvme0/phison_15294
[INFO] You are accelerating [Gemma3ForConditionalGeneration] VisionEncoder with FusedEmbedding kernel
[INFO] You are accelerating [Gemma3ForConditionalGeneration] VisionEncoder with FusedGateMLP kernel
[INFO] You are accelerating [Gemma3ForConditionalGeneration] VisionEncoder with FusedQKVOLinear kernel
[INFO] You are accelerating [Gemma3ForConditionalGeneration] VisionEncoder with FusedRoPE kernel
[INFO] You are accelerating [Gemma3ForConditionalGeneration] TextDecoder with FusedEmbedding kernel
[INFO] You are accelerating [Gemma3ForConditionalGeneration] TextDecoder with FusedGateMLP kernel
[INFO] You are accelerating [Gemma3ForConditionalGeneration] TextDecoder with FusedQKVOLinear kernel
[INFO] You are accelerating [Gemma3ForConditionalGeneration] TextDecoder with FusedRoPE kernel
[INFO] You are accelerating [Gemma3ForConditionalGeneration] TextDecoder with FusedLinearXentropy kernel
[2026-09-10 13:06:17.314566] [INFO] Enable Early-stopping: False
[INFO] The current training schedule consists of 1 epochs with 12 iterations each.
[INFO] The accumulated time is set to 4 so the training will be updated 3 times during each epoch.
[INFO] If the trained model does not show significant improvement, you may consider increasing the number of update cycles.
[INFO] If the trained model shows signs of overfitting, you should decrease the number of update cycles.
[2026-09-10 13:06:17.314700] [INFO] Beginning of Epoch 1/1, Total Micro Batches 455
[2026-09-10 13:06:17.381561] [PHISON START] Epoch: 0, Iteration: 0
[2026-09-10 13:06:17.382698] [Forward][start]
[2026-09-10 13:06:26.323373] [Forward][time spent]:8.94064998626709
[2026-09-10 13:06:28.406881] [Loss]:14.172165870666504
[2026-09-10 13:06:28.406930] [Backward][start]
[2026-09-10 13:06:46.010371] [Backward][time spent]:17.60341787338257
[2026-09-10 13:06:46.010608] [Update][Start]
[2026-09-10 13:06:46.621276] [Update][time spent]:0.6106283664703369
[2026-09-10 13:06:46.621403] [PHISON END] Iteration: 0

[2026-09-10 13:06:46.655590] [PHISON START] Epoch: 0, Iteration: 1
[2026-09-10 13:06:46.655898] [Forward][start]
[2026-09-10 13:06:52.377588] [Forward][time spent]:5.721662998199463
[2026-09-10 13:06:54.505141] [Loss]:14.75180721282959
[2026-09-10 13:06:54.505190] [Backward][start]
[2026-09-10 13:07:13.754220] [Backward][time spent]:19.248984575271606
[2026-09-10 13:07:13.754541] [Update][Start]
[2026-09-10 13:07:14.363372] [Update][time spent]:0.6087899208068848
[2026-09-10 13:07:14.363501] [PHISON END] Iteration: 1

[2026-09-10 13:07:14.395011] [PHISON START] Epoch: 0, Iteration: 2
[2026-09-10 13:07:14.395313] [Forward][start]
[2026-09-10 13:07:20.143589] [Forward][time spent]:5.748234987258911
[2026-09-10 13:07:22.270966] [Loss]:14.601576805114746
[2026-09-10 13:07:22.271027] [Backward][start]
[2026-09-10 13:07:41.506805] [Backward][time spent]:19.23575735092163
[2026-09-10 13:07:41.507016] [Update][Start]
[2026-09-10 13:07:42.065669] [Update][time spent]:0.55861496925354
[2026-09-10 13:07:42.065798] [PHISON END] Iteration: 2

[2026-09-10 13:07:42.096247] [PHISON START] Epoch: 0, Iteration: 3
[2026-09-10 13:07:42.096567] [Forward][start]
[2026-09-10 13:07:47.820498] [Forward][time spent]:5.723913908004761
[2026-09-10 13:07:49.948339] [Loss]:14.58034896850586
[2026-09-10 13:07:49.948399] [Backward][start]
[2026-09-10 13:08:09.205610] [Backward][time spent]:19.257173776626587
[2026-09-10 13:08:09.205859] [Update][Start]
using avx512bf16
max_compute_thread = 62
[2026-09-10 13:08:39.860209] [Update][time spent]:30.65430974960327
[2026-09-10 13:08:39.860363] [PHISON END] Iteration: 3

[2026-09-10 13:08:39.860393] [INFO] Training efficiency: 1264.3244247725804 (tokens/s)

[2026-09-10 13:08:39.892388] [PHISON START] Epoch: 0, Iteration: 4
[2026-09-10 13:08:39.892705] [Forward][start]
[2026-09-10 13:08:45.611327] [Forward][time spent]:5.718598127365112
[2026-09-10 13:08:47.738311] [Loss]:6.006141662597656
[2026-09-10 13:08:47.738364] [Backward][start]
[2026-09-10 13:09:03.457990] [Backward][time spent]:15.719604730606079
[2026-09-10 13:09:03.458214] [Update][Start]
[2026-09-10 13:09:04.017389] [Update][time spent]:0.559135913848877
[2026-09-10 13:09:04.017514] [PHISON END] Iteration: 4

[2026-09-10 13:09:04.050716] [PHISON START] Epoch: 0, Iteration: 5
[2026-09-10 13:09:04.051002] [Forward][start]
[2026-09-10 13:09:09.764002] [Forward][time spent]:5.712978839874268
[2026-09-10 13:09:11.891869] [Loss]:5.945446968078613
[2026-09-10 13:09:11.891932] [Backward][start]
[2026-09-10 13:09:31.195363] [Backward][time spent]:19.30341076850891
[2026-09-10 13:09:31.195561] [Update][Start]
[2026-09-10 13:09:31.747710] [Update][time spent]:0.5521097183227539
[2026-09-10 13:09:31.747834] [PHISON END] Iteration: 5

[2026-09-10 13:09:31.777402] [PHISON START] Epoch: 0, Iteration: 6
[2026-09-10 13:09:31.777681] [Forward][start]
[2026-09-10 13:09:37.493155] [Forward][time spent]:5.715456485748291
[2026-09-10 13:09:39.621082] [Loss]:6.5426836013793945
[2026-09-10 13:09:39.621134] [Backward][start]
[2026-09-10 13:09:58.884121] [Backward][time spent]:19.262966871261597
[2026-09-10 13:09:58.884372] [Update][Start]
[2026-09-10 13:09:59.440305] [Update][time spent]:0.5558915138244629
[2026-09-10 13:09:59.440417] [PHISON END] Iteration: 6

[2026-09-10 13:09:59.470855] [PHISON START] Epoch: 0, Iteration: 7
[2026-09-10 13:09:59.471169] [Forward][start]
[2026-09-10 13:10:05.187693] [Forward][time spent]:5.716503858566284
[2026-09-10 13:10:07.314828] [Loss]:5.985294818878174
[2026-09-10 13:10:07.314901] [Backward][start]
[2026-09-10 13:10:26.631432] [Backward][time spent]:19.316511154174805
[2026-09-10 13:10:26.631622] [Update][Start]
[2026-09-10 13:10:57.284841] [Update][time spent]:30.65318012237549
[2026-09-10 13:10:57.284990] [PHISON END] Iteration: 7

[2026-09-10 13:10:57.285016] [INFO] Training efficiency: 1311.4390965723037 (tokens/s)

[2026-09-10 13:10:57.314948] [PHISON START] Epoch: 0, Iteration: 8
[2026-09-10 13:10:57.315223] [Forward][start]
[2026-09-10 13:11:03.060815] [Forward][time spent]:5.745571851730347
[2026-09-10 13:11:05.188469] [Loss]:2.9482154846191406
[2026-09-10 13:11:05.188509] [Backward][start]
[2026-09-10 13:11:20.913250] [Backward][time spent]:15.724720239639282
[2026-09-10 13:11:20.913510] [Update][Start]
[2026-09-10 13:11:21.469984] [Update][time spent]:0.5564351081848145
[2026-09-10 13:11:21.470115] [PHISON END] Iteration: 8

[2026-09-10 13:11:21.499478] [PHISON START] Epoch: 0, Iteration: 9
[2026-09-10 13:11:21.499758] [Forward][start]
[2026-09-10 13:11:27.222030] [Forward][time spent]:5.7222514152526855
[2026-09-10 13:11:29.349897] [Loss]:2.9271814823150635
[2026-09-10 13:11:29.349941] [Backward][start]
[2026-09-10 13:11:48.654430] [Backward][time spent]:19.304469108581543
[2026-09-10 13:11:48.654655] [Update][Start]
[2026-09-10 13:11:49.215383] [Update][time spent]:0.56069016456604
[2026-09-10 13:11:49.215509] [PHISON END] Iteration: 9

[2026-09-10 13:11:49.244857] [PHISON START] Epoch: 0, Iteration: 10
[2026-09-10 13:11:49.245126] [Forward][start]
[2026-09-10 13:11:54.976572] [Forward][time spent]:5.731429815292358
[2026-09-10 13:11:57.103991] [Loss]:2.8988077640533447
[2026-09-10 13:11:57.104032] [Backward][start]
[2026-09-10 13:12:16.426348] [Backward][time spent]:19.322296380996704
[2026-09-10 13:12:16.426550] [Update][Start]
[2026-09-10 13:12:16.980173] [Update][time spent]:0.5535871982574463
[2026-09-10 13:12:16.980307] [PHISON END] Iteration: 10

[2026-09-10 13:12:17.009470] [PHISON START] Epoch: 0, Iteration: 11
[2026-09-10 13:12:17.009746] [Forward][start]
[2026-09-10 13:12:22.729088] [Forward][time spent]:5.719319581985474
[2026-09-10 13:12:24.855858] [Loss]:3.1416499614715576
[2026-09-10 13:12:24.855904] [Backward][start]
[2026-09-10 13:12:44.189946] [Backward][time spent]:19.33402109146118
[2026-09-10 13:12:44.190149] [Update][Start]
[2026-09-10 13:13:13.711773] [Update][time spent]:29.521585702896118
[2026-09-10 13:13:13.711914] [PHISON END] Iteration: 11

[2026-09-10 13:13:13.711940] [INFO] Training efficiency: 1321.0297262140327 (tokens/s)

[2026-09-10 13:13:13.712042] [INFO] training complete!
