[INFO] [runner.py:579:main] cmd=/usr/bin/python3 -u -m phisonlib.launcher.launch --world_info=eyJsb2NhbGhvc3QiOiBbMF19 --master_addr=127.0.0.1 --master_port=8299 /home/root/aiDAPTIV2/text-generation/train.py --model_name_or_path /app/gemma-3-12b-it --optimizer_path  --max_seq_len 2048 --nvme_path /mnt/nvme0 --beta1 0.9 --beta2 0.95 --eps 1e-08 --weight_decay 0.01 --precision_mode 1 --learning_rate 7e-06 --num_train_epochs 1 --max_iter 12 --lr_scheduler_mode -1 --train_dataset_config_path /workspace/finetune/toolkit/toolkit_v2.3.1_python312/Log/Max_batchsize_gemma-3-12b-it_2026-09-10_095521/qa_dataset_config_0.yaml --per_device_train_batch_size 1 --gradient_accumulation_steps 4 --triton --num_of_iteration_to_save_model 4 --max_num_of_saved_model_on_epoch_end -1 --max_num_of_saved_model_on_iteration 2
nnodes=1, num_local_procs=1, node_rank=0
global_rank_mapping=defaultdict(<class 'list'>, {'localhost': [0]})
dist_world_size=1
Setting CUDA_VISIBLE_DEVICES=0
#### ======== [INITIALIZE Tokenizer] ======== ####
#### ======== [INITIALIZE Dataloader] ======== ####
[INFO] get dataset name:  ../../products/aiDAPTIVLink/toolkit_dataset_10k.json  training_strategy:  QA
#### ======== [INITIALIZE Model] ======== ####
[INFO] [create_hf_model] init from pretrained
[INFO] You are loading [Gemma3ForConditionalGeneration] with FlashAttention2
[INFO] You are setting [Gemma3ForConditionalGeneration] with Gradient Checkpointing
[INFO] create current swap data path: /mnt/nvme0/phison_5683
[INFO] You are accelerating [Gemma3ForConditionalGeneration] VisionEncoder with FusedEmbedding kernel
[INFO] You are accelerating [Gemma3ForConditionalGeneration] VisionEncoder with FusedGateMLP kernel
[INFO] You are accelerating [Gemma3ForConditionalGeneration] VisionEncoder with FusedQKVOLinear kernel
[INFO] You are accelerating [Gemma3ForConditionalGeneration] VisionEncoder with FusedRoPE kernel
[INFO] You are accelerating [Gemma3ForConditionalGeneration] TextDecoder with FusedEmbedding kernel
[INFO] You are accelerating [Gemma3ForConditionalGeneration] TextDecoder with FusedGateMLP kernel
[INFO] You are accelerating [Gemma3ForConditionalGeneration] TextDecoder with FusedQKVOLinear kernel
[INFO] You are accelerating [Gemma3ForConditionalGeneration] TextDecoder with FusedRoPE kernel
[INFO] You are accelerating [Gemma3ForConditionalGeneration] TextDecoder with FusedLinearXentropy kernel
[2026-09-10 09:58:32.002632] [INFO] Enable Early-stopping: False
[INFO] The current training schedule consists of 1 epochs with 12 iterations each.
[INFO] The accumulated time is set to 4 so the training will be updated 3 times during each epoch.
[INFO] If the trained model does not show significant improvement, you may consider increasing the number of update cycles.
[INFO] If the trained model shows signs of overfitting, you should decrease the number of update cycles.
[2026-09-10 09:58:32.002785] [INFO] Beginning of Epoch 1/1, Total Micro Batches 10000
[2026-09-10 09:58:32.034720] [PHISON START] Epoch: 0, Iteration: 0
[2026-09-10 09:58:32.035411] [Forward][start]
[2026-09-10 09:58:36.790163] [Forward][time spent]:4.754726886749268
[2026-09-10 09:58:37.193048] [Loss]:18.373863220214844
[2026-09-10 09:58:37.193104] [Backward][start]
[2026-09-10 09:58:43.794256] [Backward][time spent]:6.601135015487671
[2026-09-10 09:58:43.794419] [Update][Start]
[2026-09-10 09:58:44.353559] [Update][time spent]:0.5591299533843994
[2026-09-10 09:58:44.353679] [PHISON END] Iteration: 0

[2026-09-10 09:58:44.356959] [PHISON START] Epoch: 0, Iteration: 1
[2026-09-10 09:58:44.357122] [Forward][start]
[2026-09-10 09:58:46.301439] [Forward][time spent]:1.9442989826202393
[2026-09-10 09:58:46.710729] [Loss]:14.221940994262695
[2026-09-10 09:58:46.710836] [Backward][start]
[2026-09-10 09:58:55.135572] [Backward][time spent]:8.424686908721924
[2026-09-10 09:58:55.135871] [Update][Start]
[2026-09-10 09:58:55.729214] [Update][time spent]:0.5933029651641846
[2026-09-10 09:58:55.729338] [PHISON END] Iteration: 1

[2026-09-10 09:58:55.733449] [PHISON START] Epoch: 0, Iteration: 2
[2026-09-10 09:58:55.733626] [Forward][start]
[2026-09-10 09:58:57.673280] [Forward][time spent]:1.9396185874938965
[2026-09-10 09:58:58.082390] [Loss]:12.833879470825195
[2026-09-10 09:58:58.082419] [Backward][start]
[2026-09-10 09:59:06.363220] [Backward][time spent]:8.280770540237427
[2026-09-10 09:59:06.363513] [Update][Start]
[2026-09-10 09:59:06.936587] [Update][time spent]:0.5730364322662354
[2026-09-10 09:59:06.936698] [PHISON END] Iteration: 2

[2026-09-10 09:59:06.940933] [PHISON START] Epoch: 0, Iteration: 3
[2026-09-10 09:59:06.941101] [Forward][start]
[2026-09-10 09:59:08.881232] [Forward][time spent]:1.9401133060455322
[2026-09-10 09:59:09.290208] [Loss]:13.53330135345459
[2026-09-10 09:59:09.290225] [Backward][start]
[2026-09-10 09:59:17.552166] [Backward][time spent]:8.261922121047974
[2026-09-10 09:59:17.552405] [Update][Start]
using avx512bf16
max_compute_thread = 62
[2026-09-10 09:59:48.486053] [Update][time spent]:30.933607816696167
[2026-09-10 09:59:48.486202] [PHISON END] Iteration: 3

[2026-09-10 09:59:48.486229] [INFO] Training efficiency: 107.10814985509367 (tokens/s)

[2026-09-10 09:59:48.489879] [PHISON START] Epoch: 0, Iteration: 4
[2026-09-10 09:59:48.490074] [Forward][start]
[2026-09-10 09:59:50.422818] [Forward][time spent]:1.9327280521392822
[2026-09-10 09:59:50.831126] [Loss]:4.559024810791016
[2026-09-10 09:59:50.831174] [Backward][start]
[2026-09-10 09:59:55.789941] [Backward][time spent]:4.958745002746582
[2026-09-10 09:59:55.790151] [Update][Start]
[2026-09-10 09:59:56.331043] [Update][time spent]:0.5408523082733154
[2026-09-10 09:59:56.331162] [PHISON END] Iteration: 4

[2026-09-10 09:59:56.333961] [PHISON START] Epoch: 0, Iteration: 5
[2026-09-10 09:59:56.334135] [Forward][start]
[2026-09-10 09:59:58.285607] [Forward][time spent]:1.9514567852020264
[2026-09-10 09:59:58.694678] [Loss]:4.559024810791016
[2026-09-10 09:59:58.694725] [Backward][start]
[2026-09-10 10:00:07.006234] [Backward][time spent]:8.311489343643188
[2026-09-10 10:00:07.006456] [Update][Start]
[2026-09-10 10:00:07.567629] [Update][time spent]:0.5611329078674316
[2026-09-10 10:00:07.567748] [PHISON END] Iteration: 5

[2026-09-10 10:00:07.570463] [PHISON START] Epoch: 0, Iteration: 6
[2026-09-10 10:00:07.570632] [Forward][start]
[2026-09-10 10:00:09.514740] [Forward][time spent]:1.9440937042236328
[2026-09-10 10:00:09.923838] [Loss]:4.559024810791016
[2026-09-10 10:00:09.923867] [Backward][start]
[2026-09-10 10:00:18.329977] [Backward][time spent]:8.406091213226318
[2026-09-10 10:00:18.330168] [Update][Start]
[2026-09-10 10:00:18.894642] [Update][time spent]:0.5644376277923584
[2026-09-10 10:00:18.894748] [PHISON END] Iteration: 6

[2026-09-10 10:00:18.897698] [PHISON START] Epoch: 0, Iteration: 7
[2026-09-10 10:00:18.897874] [Forward][start]
[2026-09-10 10:00:20.851563] [Forward][time spent]:1.9536738395690918
[2026-09-10 10:00:21.260645] [Loss]:9.134622573852539
[2026-09-10 10:00:21.260678] [Backward][start]
[2026-09-10 10:00:29.616972] [Backward][time spent]:8.356276035308838
[2026-09-10 10:00:29.617162] [Update][Start]
[2026-09-10 10:00:59.509608] [Update][time spent]:29.89240789413452
[2026-09-10 10:00:59.509752] [PHISON END] Iteration: 7

[2026-09-10 10:00:59.509778] [INFO] Training efficiency: 115.34205402438708 (tokens/s)

[2026-09-10 10:00:59.512452] [PHISON START] Epoch: 0, Iteration: 8
[2026-09-10 10:00:59.512625] [Forward][start]
[2026-09-10 10:01:01.439594] [Forward][time spent]:1.9269559383392334
[2026-09-10 10:01:01.848854] [Loss]:3.1561646461486816
[2026-09-10 10:01:01.848872] [Backward][start]
[2026-09-10 10:01:06.666880] [Backward][time spent]:4.817997932434082
[2026-09-10 10:01:06.666970] [Update][Start]
[2026-09-10 10:01:07.209370] [Update][time spent]:0.5423886775970459
[2026-09-10 10:01:07.209491] [PHISON END] Iteration: 8

[2026-09-10 10:01:07.212288] [PHISON START] Epoch: 0, Iteration: 9
[2026-09-10 10:01:07.212448] [Forward][start]
[2026-09-10 10:01:09.154003] [Forward][time spent]:1.9415392875671387
[2026-09-10 10:01:09.563365] [Loss]:6.1679768562316895
[2026-09-10 10:01:09.563382] [Backward][start]
[2026-09-10 10:01:17.957748] [Backward][time spent]:8.394347190856934
[2026-09-10 10:01:17.957962] [Update][Start]
[2026-09-10 10:01:18.513299] [Update][time spent]:0.5552999973297119
[2026-09-10 10:01:18.513424] [PHISON END] Iteration: 9

[2026-09-10 10:01:18.516245] [PHISON START] Epoch: 0, Iteration: 10
[2026-09-10 10:01:18.516415] [Forward][start]
[2026-09-10 10:01:20.461622] [Forward][time spent]:1.945192813873291
[2026-09-10 10:01:20.870607] [Loss]:4.3817243576049805
[2026-09-10 10:01:20.870630] [Backward][start]
[2026-09-10 10:01:29.221170] [Backward][time spent]:8.350523233413696
[2026-09-10 10:01:29.221377] [Update][Start]
[2026-09-10 10:01:29.775452] [Update][time spent]:0.5540404319763184
[2026-09-10 10:01:29.775566] [PHISON END] Iteration: 10

[2026-09-10 10:01:29.778199] [PHISON START] Epoch: 0, Iteration: 11
[2026-09-10 10:01:29.778370] [Forward][start]
[2026-09-10 10:01:31.719559] [Forward][time spent]:1.941174030303955
[2026-09-10 10:01:32.128916] [Loss]:2.126364231109619
[2026-09-10 10:01:32.128952] [Backward][start]
[2026-09-10 10:01:40.496970] [Backward][time spent]:8.368000268936157
[2026-09-10 10:01:40.497164] [Update][Start]
[2026-09-10 10:02:10.515451] [Update][time spent]:30.018250465393066
[2026-09-10 10:02:10.515597] [PHISON END] Iteration: 11

[2026-09-10 10:02:10.515620] [INFO] Training efficiency: 115.3708113029564 (tokens/s)

[2026-09-10 10:02:10.515736] [INFO] training complete!
Process 5684 exits successfully.
[INFO] remove current swap data path: /mnt/nvme0/phison_5683
