[INFO] [runner.py:579:main] cmd=/usr/bin/python3 -u -m phisonlib.launcher.launch --world_info=eyJsb2NhbGhvc3QiOiBbMF19 --master_addr=127.0.0.1 --master_port=8299 /home/root/aiDAPTIV2/text-generation/train.py --model_name_or_path /app/gemma-3-12b-it --optimizer_path  --max_seq_len 2048 --nvme_path /mnt/nvme0 --beta1 0.9 --beta2 0.95 --eps 1e-08 --weight_decay 0.01 --precision_mode 1 --learning_rate 7e-06 --num_train_epochs 1 --max_iter 12 --lr_scheduler_mode -1 --train_dataset_config_path /workspace/finetune/toolkit/toolkit_v2.3.1_python312/Log/Max_batchsize_gemma-3-12b-it_2026-09-10_095521/qa_dataset_config_0.yaml --per_device_train_batch_size 15 --gradient_accumulation_steps 4 --triton --num_of_iteration_to_save_model 4 --max_num_of_saved_model_on_epoch_end -1 --max_num_of_saved_model_on_iteration 2
nnodes=1, num_local_procs=1, node_rank=0
global_rank_mapping=defaultdict(<class 'list'>, {'localhost': [0]})
dist_world_size=1
Setting CUDA_VISIBLE_DEVICES=0
#### ======== [INITIALIZE Tokenizer] ======== ####
#### ======== [INITIALIZE Dataloader] ======== ####
[INFO] get dataset name:  ../../products/aiDAPTIVLink/toolkit_dataset_10k.json  training_strategy:  QA
#### ======== [INITIALIZE Model] ======== ####
[INFO] [create_hf_model] init from pretrained
[INFO] You are loading [Gemma3ForConditionalGeneration] with FlashAttention2
[INFO] You are setting [Gemma3ForConditionalGeneration] with Gradient Checkpointing
[INFO] create current swap data path: /mnt/nvme0/phison_12047
[INFO] You are accelerating [Gemma3ForConditionalGeneration] VisionEncoder with FusedEmbedding kernel
[INFO] You are accelerating [Gemma3ForConditionalGeneration] VisionEncoder with FusedGateMLP kernel
[INFO] You are accelerating [Gemma3ForConditionalGeneration] VisionEncoder with FusedQKVOLinear kernel
[INFO] You are accelerating [Gemma3ForConditionalGeneration] VisionEncoder with FusedRoPE kernel
[INFO] You are accelerating [Gemma3ForConditionalGeneration] TextDecoder with FusedEmbedding kernel
[INFO] You are accelerating [Gemma3ForConditionalGeneration] TextDecoder with FusedGateMLP kernel
[INFO] You are accelerating [Gemma3ForConditionalGeneration] TextDecoder with FusedQKVOLinear kernel
[INFO] You are accelerating [Gemma3ForConditionalGeneration] TextDecoder with FusedRoPE kernel
[INFO] You are accelerating [Gemma3ForConditionalGeneration] TextDecoder with FusedLinearXentropy kernel
[2026-09-10 11:55:49.808779] [INFO] Enable Early-stopping: False
[INFO] The current training schedule consists of 1 epochs with 12 iterations each.
[INFO] The accumulated time is set to 4 so the training will be updated 3 times during each epoch.
[INFO] If the trained model does not show significant improvement, you may consider increasing the number of update cycles.
[INFO] If the trained model shows signs of overfitting, you should decrease the number of update cycles.
[2026-09-10 11:55:49.808901] [INFO] Beginning of Epoch 1/1, Total Micro Batches 667
[2026-09-10 11:55:49.861069] [PHISON START] Epoch: 0, Iteration: 0
[2026-09-10 11:55:49.862251] [Forward][start]
[2026-09-10 11:55:56.895014] [Forward][time spent]:7.032675266265869
[2026-09-10 11:55:58.383035] [Loss]:13.9520845413208
[2026-09-10 11:55:58.383074] [Backward][start]
[2026-09-10 11:56:11.755637] [Backward][time spent]:13.372543096542358
[2026-09-10 11:56:11.755826] [Update][Start]
[2026-09-10 11:56:12.310963] [Update][time spent]:0.5551004409790039
[2026-09-10 11:56:12.311078] [PHISON END] Iteration: 0

[2026-09-10 11:56:12.330723] [PHISON START] Epoch: 0, Iteration: 1
[2026-09-10 11:56:12.330948] [Forward][start]
[2026-09-10 11:56:16.788198] [Forward][time spent]:4.457234144210815
[2026-09-10 11:56:18.296245] [Loss]:14.25401496887207
[2026-09-10 11:56:18.296309] [Backward][start]
[2026-09-10 11:56:33.200504] [Backward][time spent]:14.904175043106079
[2026-09-10 11:56:33.200707] [Update][Start]
[2026-09-10 11:56:33.757521] [Update][time spent]:0.5567729473114014
[2026-09-10 11:56:33.757652] [PHISON END] Iteration: 1

[2026-09-10 11:56:33.776999] [PHISON START] Epoch: 0, Iteration: 2
[2026-09-10 11:56:33.777234] [Forward][start]
[2026-09-10 11:56:38.232797] [Forward][time spent]:4.455512285232544
[2026-09-10 11:56:39.740632] [Loss]:15.15390682220459
[2026-09-10 11:56:39.740679] [Backward][start]
[2026-09-10 11:56:54.659574] [Backward][time spent]:14.91887378692627
[2026-09-10 11:56:54.659767] [Update][Start]
[2026-09-10 11:56:55.215309] [Update][time spent]:0.5555052757263184
[2026-09-10 11:56:55.215434] [PHISON END] Iteration: 2

[2026-09-10 11:56:55.234274] [PHISON START] Epoch: 0, Iteration: 3
[2026-09-10 11:56:55.234507] [Forward][start]
[2026-09-10 11:56:59.673433] [Forward][time spent]:4.438908576965332
[2026-09-10 11:57:01.181508] [Loss]:14.775399208068848
[2026-09-10 11:57:01.181572] [Backward][start]
[2026-09-10 11:57:16.178388] [Backward][time spent]:14.996786117553711
[2026-09-10 11:57:16.178640] [Update][Start]
using avx512bf16
max_compute_thread = 62
[2026-09-10 11:57:46.561802] [Update][time spent]:30.383122205734253
[2026-09-10 11:57:46.561938] [PHISON END] Iteration: 3

[2026-09-10 11:57:46.561965] [INFO] Training efficiency: 1052.4777370215115 (tokens/s)

[2026-09-10 11:57:46.583564] [PHISON START] Epoch: 0, Iteration: 4
[2026-09-10 11:57:46.583813] [Forward][start]
[2026-09-10 11:57:51.029066] [Forward][time spent]:4.445231914520264
[2026-09-10 11:57:52.536381] [Loss]:5.731208324432373
[2026-09-10 11:57:52.536435] [Backward][start]
[2026-09-10 11:58:04.243200] [Backward][time spent]:11.706743717193604
[2026-09-10 11:58:04.243457] [Update][Start]
[2026-09-10 11:58:04.794309] [Update][time spent]:0.5508112907409668
[2026-09-10 11:58:04.794422] [PHISON END] Iteration: 4

[2026-09-10 11:58:04.815613] [PHISON START] Epoch: 0, Iteration: 5
[2026-09-10 11:58:04.815845] [Forward][start]
[2026-09-10 11:58:09.283225] [Forward][time spent]:4.467366456985474
[2026-09-10 11:58:10.791001] [Loss]:6.294187068939209
[2026-09-10 11:58:10.791059] [Backward][start]
[2026-09-10 11:58:25.702463] [Backward][time spent]:14.911384582519531
[2026-09-10 11:58:25.702669] [Update][Start]
[2026-09-10 11:58:26.263564] [Update][time spent]:0.5608503818511963
[2026-09-10 11:58:26.263690] [PHISON END] Iteration: 5

[2026-09-10 11:58:26.283167] [PHISON START] Epoch: 0, Iteration: 6
[2026-09-10 11:58:26.283414] [Forward][start]
[2026-09-10 11:58:30.758755] [Forward][time spent]:4.475325584411621
[2026-09-10 11:58:32.267567] [Loss]:6.292211532592773
[2026-09-10 11:58:32.267620] [Backward][start]
[2026-09-10 11:58:47.160546] [Backward][time spent]:14.892906188964844
[2026-09-10 11:58:47.160737] [Update][Start]
[2026-09-10 11:58:47.722060] [Update][time spent]:0.5612852573394775
[2026-09-10 11:58:47.722185] [PHISON END] Iteration: 6

[2026-09-10 11:58:47.741013] [PHISON START] Epoch: 0, Iteration: 7
[2026-09-10 11:58:47.741243] [Forward][start]
[2026-09-10 11:58:52.190443] [Forward][time spent]:4.449184894561768
[2026-09-10 11:58:53.698540] [Loss]:5.739058971405029
[2026-09-10 11:58:53.698581] [Backward][start]
[2026-09-10 11:59:08.665024] [Backward][time spent]:14.966424703598022
[2026-09-10 11:59:08.665224] [Update][Start]
[2026-09-10 11:59:38.599407] [Update][time spent]:29.934120178222656
[2026-09-10 11:59:38.599547] [PHISON END] Iteration: 7

[2026-09-10 11:59:38.599572] [INFO] Training efficiency: 1096.7747355160468 (tokens/s)

[2026-09-10 11:59:38.618798] [PHISON START] Epoch: 0, Iteration: 8
[2026-09-10 11:59:38.619032] [Forward][start]
[2026-09-10 11:59:43.081951] [Forward][time spent]:4.462903261184692
[2026-09-10 11:59:44.589452] [Loss]:2.8894364833831787
[2026-09-10 11:59:44.589522] [Backward][start]
[2026-09-10 11:59:56.165328] [Backward][time spent]:11.575785636901855
[2026-09-10 11:59:56.165522] [Update][Start]
[2026-09-10 11:59:56.720561] [Update][time spent]:0.5550012588500977
[2026-09-10 11:59:56.720673] [PHISON END] Iteration: 8

[2026-09-10 11:59:56.740207] [PHISON START] Epoch: 0, Iteration: 9
[2026-09-10 11:59:56.740447] [Forward][start]
[2026-09-10 12:00:01.201353] [Forward][time spent]:4.460890054702759
[2026-09-10 12:00:02.709371] [Loss]:3.0471854209899902
[2026-09-10 12:00:02.709414] [Backward][start]
[2026-09-10 12:00:17.717305] [Backward][time spent]:15.007860660552979
[2026-09-10 12:00:17.717601] [Update][Start]
[2026-09-10 12:00:18.302426] [Update][time spent]:0.5847792625427246
[2026-09-10 12:00:18.302545] [PHISON END] Iteration: 9

[2026-09-10 12:00:18.326188] [PHISON START] Epoch: 0, Iteration: 10
[2026-09-10 12:00:18.326440] [Forward][start]
[2026-09-10 12:00:22.774687] [Forward][time spent]:4.448227167129517
[2026-09-10 12:00:24.282756] [Loss]:2.9761595726013184
[2026-09-10 12:00:24.282821] [Backward][start]
[2026-09-10 12:00:39.287145] [Backward][time spent]:15.004301309585571
[2026-09-10 12:00:39.287369] [Update][Start]
[2026-09-10 12:00:39.848846] [Update][time spent]:0.5614409446716309
[2026-09-10 12:00:39.848951] [PHISON END] Iteration: 10

[2026-09-10 12:00:39.870701] [PHISON START] Epoch: 0, Iteration: 11
[2026-09-10 12:00:39.870926] [Forward][start]
[2026-09-10 12:00:44.328394] [Forward][time spent]:4.457452297210693
[2026-09-10 12:00:45.836674] [Loss]:2.707082509994507
[2026-09-10 12:00:45.836746] [Backward][start]
[2026-09-10 12:01:00.787415] [Backward][time spent]:14.950649976730347
[2026-09-10 12:01:00.787620] [Update][Start]
[2026-09-10 12:01:30.525406] [Update][time spent]:29.737748861312866
[2026-09-10 12:01:30.525546] [PHISON END] Iteration: 11

[2026-09-10 12:01:30.525571] [INFO] Training efficiency: 1097.868385219388 (tokens/s)

[2026-09-10 12:01:30.525671] [INFO] training complete!
Process 12048 exits successfully.
