[INFO] [runner.py:579:main] cmd=/usr/bin/python3 -u -m phisonlib.launcher.launch --world_info=eyJsb2NhbGhvc3QiOiBbMF19 --master_addr=127.0.0.1 --master_port=8299 /home/root/aiDAPTIV2/text-generation/train.py --model_name_or_path /app/gemma-3-12b-it --optimizer_path  --max_seq_len 2048 --nvme_path /mnt/nvme0 --beta1 0.9 --beta2 0.95 --eps 1e-08 --weight_decay 0.01 --precision_mode 1 --learning_rate 7e-06 --num_train_epochs 1 --max_iter 12 --lr_scheduler_mode -1 --train_dataset_config_path /workspace/finetune/toolkit/toolkit_v2.3.1_python312/Log/Max_batchsize_gemma-3-12b-it_2026-09-10_095521/qa_dataset_config_0.yaml --per_device_train_batch_size 78 --gradient_accumulation_steps 4 --triton --num_of_iteration_to_save_model 4 --max_num_of_saved_model_on_epoch_end -1 --max_num_of_saved_model_on_iteration 2
nnodes=1, num_local_procs=1, node_rank=0
global_rank_mapping=defaultdict(<class 'list'>, {'localhost': [0]})
dist_world_size=1
Setting CUDA_VISIBLE_DEVICES=0
#### ======== [INITIALIZE Tokenizer] ======== ####
#### ======== [INITIALIZE Dataloader] ======== ####
[INFO] get dataset name:  ../../products/aiDAPTIVLink/toolkit_dataset_10k.json  training_strategy:  QA
#### ======== [INITIALIZE Model] ======== ####
[INFO] [create_hf_model] init from pretrained
[INFO] You are loading [Gemma3ForConditionalGeneration] with FlashAttention2
[INFO] You are setting [Gemma3ForConditionalGeneration] with Gradient Checkpointing
[INFO] create current swap data path: /mnt/nvme0/phison_41339
[INFO] You are accelerating [Gemma3ForConditionalGeneration] VisionEncoder with FusedEmbedding kernel
[INFO] You are accelerating [Gemma3ForConditionalGeneration] VisionEncoder with FusedGateMLP kernel
[INFO] You are accelerating [Gemma3ForConditionalGeneration] VisionEncoder with FusedQKVOLinear kernel
[INFO] You are accelerating [Gemma3ForConditionalGeneration] VisionEncoder with FusedRoPE kernel
[INFO] You are accelerating [Gemma3ForConditionalGeneration] TextDecoder with FusedEmbedding kernel
[INFO] You are accelerating [Gemma3ForConditionalGeneration] TextDecoder with FusedGateMLP kernel
[INFO] You are accelerating [Gemma3ForConditionalGeneration] TextDecoder with FusedQKVOLinear kernel
[INFO] You are accelerating [Gemma3ForConditionalGeneration] TextDecoder with FusedRoPE kernel
[INFO] You are accelerating [Gemma3ForConditionalGeneration] TextDecoder with FusedLinearXentropy kernel
[2026-09-11 04:00:41.269835] [INFO] Enable Early-stopping: False
[INFO] The current training schedule consists of 1 epochs with 12 iterations each.
[INFO] The accumulated time is set to 4 so the training will be updated 3 times during each epoch.
[INFO] If the trained model does not show significant improvement, you may consider increasing the number of update cycles.
[INFO] If the trained model shows signs of overfitting, you should decrease the number of update cycles.
[2026-09-11 04:00:41.269984] [INFO] Beginning of Epoch 1/1, Total Micro Batches 129
[2026-09-11 04:00:41.415523] [PHISON START] Epoch: 0, Iteration: 0
[2026-09-11 04:00:41.417129] [Forward][start]
[2026-09-11 04:01:06.446173] [Forward][time spent]:25.02900218963623
[2026-09-11 04:01:13.551714] [Loss]:14.491591453552246
[2026-09-11 04:01:13.551801] [Backward][start]
[2026-09-11 04:02:05.934025] [Backward][time spent]:52.382190227508545
[2026-09-11 04:02:05.934351] [Update][Start]
[2026-09-11 04:02:06.561679] [Update][time spent]:0.6272869110107422
[2026-09-11 04:02:06.561798] [PHISON END] Iteration: 0

[2026-09-11 04:02:06.663774] [PHISON START] Epoch: 0, Iteration: 1
[2026-09-11 04:02:06.664347] [Forward][start]
[2026-09-11 04:02:28.733130] [Forward][time spent]:22.068753480911255
[2026-09-11 04:02:36.008798] [Loss]:14.746988296508789
[2026-09-11 04:02:36.008894] [Backward][start]
[2026-09-11 04:03:29.381699] [Backward][time spent]:53.372769832611084
[2026-09-11 04:03:29.381976] [Update][Start]
[2026-09-11 04:03:29.979837] [Update][time spent]:0.597820520401001
[2026-09-11 04:03:29.979967] [PHISON END] Iteration: 1

[2026-09-11 04:03:30.077562] [PHISON START] Epoch: 0, Iteration: 2
[2026-09-11 04:03:30.078090] [Forward][start]
[2026-09-11 04:03:52.161826] [Forward][time spent]:22.083696603775024
[2026-09-11 04:03:59.426982] [Loss]:14.903777122497559
[2026-09-11 04:03:59.427102] [Backward][start]
[2026-09-11 04:04:52.078179] [Backward][time spent]:52.651041984558105
[2026-09-11 04:04:52.078477] [Update][Start]
[2026-09-11 04:04:52.676471] [Update][time spent]:0.5979530811309814
[2026-09-11 04:04:52.676589] [PHISON END] Iteration: 2

[2026-09-11 04:04:52.775983] [PHISON START] Epoch: 0, Iteration: 3
[2026-09-11 04:04:52.776521] [Forward][start]
[2026-09-11 04:05:14.819064] [Forward][time spent]:22.04252552986145
[2026-09-11 04:05:22.088992] [Loss]:15.358142852783203
[2026-09-11 04:05:22.089067] [Backward][start]
[2026-09-11 04:06:14.723996] [Backward][time spent]:52.63490891456604
[2026-09-11 04:06:14.724198] [Update][Start]
using avx512bf16
max_compute_thread = 62
[2026-09-11 04:06:45.486639] [Update][time spent]:30.762401342391968
[2026-09-11 04:06:45.486785] [PHISON END] Iteration: 3

[2026-09-11 04:06:45.486811] [INFO] Training efficiency: 1754.383525460722 (tokens/s)

[2026-09-11 04:06:45.586312] [PHISON START] Epoch: 0, Iteration: 4
[2026-09-11 04:06:45.586736] [Forward][start]
[2026-09-11 04:07:07.673032] [Forward][time spent]:22.086268424987793
[2026-09-11 04:07:14.943316] [Loss]:5.780670166015625
[2026-09-11 04:07:14.943433] [Backward][start]
[2026-09-11 04:08:03.454481] [Backward][time spent]:48.51099634170532
[2026-09-11 04:08:03.454767] [Update][Start]
[2026-09-11 04:08:04.063822] [Update][time spent]:0.609015703201294
[2026-09-11 04:08:04.063945] [PHISON END] Iteration: 4

[2026-09-11 04:08:04.166968] [PHISON START] Epoch: 0, Iteration: 5
[2026-09-11 04:08:04.167392] [Forward][start]
[2026-09-11 04:08:26.202472] [Forward][time spent]:22.035051584243774
[2026-09-11 04:08:33.474155] [Loss]:6.051140785217285
[2026-09-11 04:08:33.474282] [Backward][start]
[2026-09-11 04:09:26.103138] [Backward][time spent]:52.62880206108093
[2026-09-11 04:09:26.103465] [Update][Start]
[2026-09-11 04:09:26.710041] [Update][time spent]:0.6065342426300049
[2026-09-11 04:09:26.710172] [PHISON END] Iteration: 5

[2026-09-11 04:09:26.809374] [PHISON START] Epoch: 0, Iteration: 6
[2026-09-11 04:09:26.809784] [Forward][start]
[2026-09-11 04:09:48.886255] [Forward][time spent]:22.076445817947388
[2026-09-11 04:09:56.159111] [Loss]:5.854046821594238
[2026-09-11 04:09:56.159247] [Backward][start]
[2026-09-11 04:10:48.879411] [Backward][time spent]:52.72010636329651
[2026-09-11 04:10:48.879708] [Update][Start]
[2026-09-11 04:10:49.487618] [Update][time spent]:0.6078710556030273
[2026-09-11 04:10:49.487747] [PHISON END] Iteration: 6

[2026-09-11 04:10:49.586565] [PHISON START] Epoch: 0, Iteration: 7
[2026-09-11 04:10:49.586971] [Forward][start]
[2026-09-11 04:11:11.654057] [Forward][time spent]:22.06705951690674
[2026-09-11 04:11:18.926195] [Loss]:5.755089282989502
[2026-09-11 04:11:18.926330] [Backward][start]
[2026-09-11 04:12:11.637472] [Backward][time spent]:52.7110857963562
[2026-09-11 04:12:11.637766] [Update][Start]
[2026-09-11 04:12:42.060450] [Update][time spent]:30.422643899917603
[2026-09-11 04:12:42.060588] [PHISON END] Iteration: 7

[2026-09-11 04:12:42.060615] [INFO] Training efficiency: 1791.9881368101971 (tokens/s)

[2026-09-11 04:12:42.159948] [PHISON START] Epoch: 0, Iteration: 8
[2026-09-11 04:12:42.160618] [Forward][start]
[2026-09-11 04:13:04.260089] [Forward][time spent]:22.099412202835083
[2026-09-11 04:13:11.533501] [Loss]:2.8620424270629883
[2026-09-11 04:13:11.533647] [Backward][start]
[2026-09-11 04:14:00.063752] [Backward][time spent]:48.5300452709198
[2026-09-11 04:14:00.064038] [Update][Start]
[2026-09-11 04:14:00.666297] [Update][time spent]:0.6022202968597412
[2026-09-11 04:14:00.666428] [PHISON END] Iteration: 8

[2026-09-11 04:14:00.765125] [PHISON START] Epoch: 0, Iteration: 9
[2026-09-11 04:14:00.765554] [Forward][start]
[2026-09-11 04:14:22.889244] [Forward][time spent]:22.12366008758545
[2026-09-11 04:14:30.161265] [Loss]:2.983218193054199
[2026-09-11 04:14:30.161402] [Backward][start]
[2026-09-11 04:15:22.846991] [Backward][time spent]:52.68553280830383
[2026-09-11 04:15:22.847336] [Update][Start]
[2026-09-11 04:15:23.445561] [Update][time spent]:0.5981836318969727
[2026-09-11 04:15:23.445680] [PHISON END] Iteration: 9

[2026-09-11 04:15:23.543913] [PHISON START] Epoch: 0, Iteration: 10
[2026-09-11 04:15:23.544335] [Forward][start]
[2026-09-11 04:15:45.686394] [Forward][time spent]:22.142030715942383
[2026-09-11 04:15:52.952410] [Loss]:2.8942768573760986
[2026-09-11 04:15:52.952517] [Backward][start]
[2026-09-11 04:16:45.586074] [Backward][time spent]:52.63350462913513
[2026-09-11 04:16:45.586396] [Update][Start]
[2026-09-11 04:16:46.199903] [Update][time spent]:0.6134657859802246
[2026-09-11 04:16:46.200029] [PHISON END] Iteration: 10

[2026-09-11 04:16:46.297839] [PHISON START] Epoch: 0, Iteration: 11
[2026-09-11 04:16:46.298272] [Forward][start]
[2026-09-11 04:17:08.395644] [Forward][time spent]:22.097339391708374
[2026-09-11 04:17:15.662901] [Loss]:2.856135129928589
[2026-09-11 04:17:15.663007] [Backward][start]
[2026-09-11 04:18:08.234166] [Backward][time spent]:52.57110786437988
[2026-09-11 04:18:08.234494] [Update][Start]
[2026-09-11 04:18:38.593850] [Update][time spent]:30.35931634902954
[2026-09-11 04:18:38.593996] [PHISON END] Iteration: 11

[2026-09-11 04:18:38.594024] [INFO] Training efficiency: 1792.1911632061413 (tokens/s)

[2026-09-11 04:18:38.594116] [INFO] training complete!
Process 41340 exits successfully.
