[INFO] [runner.py:579:main] cmd=/usr/bin/python3 -u -m phisonlib.launcher.launch --world_info=eyJsb2NhbGhvc3QiOiBbMF19 --master_addr=127.0.0.1 --master_port=8299 /home/root/aiDAPTIV2/text-generation/train.py --model_name_or_path /app/gemma-3-12b-it --optimizer_path  --max_seq_len 2048 --nvme_path /mnt/nvme0 --beta1 0.9 --beta2 0.95 --eps 1e-08 --weight_decay 0.01 --precision_mode 1 --learning_rate 7e-06 --num_train_epochs 1 --max_iter 12 --lr_scheduler_mode -1 --train_dataset_config_path /workspace/finetune/toolkit/toolkit_v2.3.1_python312/Log/Max_batchsize_gemma-3-12b-it_2026-09-10_095521/qa_dataset_config_0.yaml --per_device_train_batch_size 8 --gradient_accumulation_steps 4 --triton --num_of_iteration_to_save_model 4 --max_num_of_saved_model_on_epoch_end -1 --max_num_of_saved_model_on_iteration 2
nnodes=1, num_local_procs=1, node_rank=0
global_rank_mapping=defaultdict(<class 'list'>, {'localhost': [0]})
dist_world_size=1
Setting CUDA_VISIBLE_DEVICES=0
#### ======== [INITIALIZE Tokenizer] ======== ####
#### ======== [INITIALIZE Dataloader] ======== ####
[INFO] get dataset name:  ../../products/aiDAPTIVLink/toolkit_dataset_10k.json  training_strategy:  QA
#### ======== [INITIALIZE Model] ======== ####
[INFO] [create_hf_model] init from pretrained
[INFO] You are loading [Gemma3ForConditionalGeneration] with FlashAttention2
[INFO] You are setting [Gemma3ForConditionalGeneration] with Gradient Checkpointing
[INFO] create current swap data path: /mnt/nvme0/phison_8840
[INFO] You are accelerating [Gemma3ForConditionalGeneration] VisionEncoder with FusedEmbedding kernel
[INFO] You are accelerating [Gemma3ForConditionalGeneration] VisionEncoder with FusedGateMLP kernel
[INFO] You are accelerating [Gemma3ForConditionalGeneration] VisionEncoder with FusedQKVOLinear kernel
[INFO] You are accelerating [Gemma3ForConditionalGeneration] VisionEncoder with FusedRoPE kernel
[INFO] You are accelerating [Gemma3ForConditionalGeneration] TextDecoder with FusedEmbedding kernel
[INFO] You are accelerating [Gemma3ForConditionalGeneration] TextDecoder with FusedGateMLP kernel
[INFO] You are accelerating [Gemma3ForConditionalGeneration] TextDecoder with FusedQKVOLinear kernel
[INFO] You are accelerating [Gemma3ForConditionalGeneration] TextDecoder with FusedRoPE kernel
[INFO] You are accelerating [Gemma3ForConditionalGeneration] TextDecoder with FusedLinearXentropy kernel
[2026-09-10 10:53:14.554474] [INFO] Enable Early-stopping: False
[INFO] The current training schedule consists of 1 epochs with 12 iterations each.
[INFO] The accumulated time is set to 4 so the training will be updated 3 times during each epoch.
[INFO] If the trained model does not show significant improvement, you may consider increasing the number of update cycles.
[INFO] If the trained model shows signs of overfitting, you should decrease the number of update cycles.
[2026-09-10 10:53:14.554590] [INFO] Beginning of Epoch 1/1, Total Micro Batches 1250
[2026-09-10 10:53:14.596514] [PHISON START] Epoch: 0, Iteration: 0
[2026-09-10 10:53:14.597235] [Forward][start]
[2026-09-10 10:53:20.354639] [Forward][time spent]:5.757382154464722
[2026-09-10 10:53:21.245170] [Loss]:13.541313171386719
[2026-09-10 10:53:21.245218] [Backward][start]
[2026-09-10 10:53:31.007899] [Backward][time spent]:9.762643575668335
[2026-09-10 10:53:31.008115] [Update][Start]
[2026-09-10 10:53:31.589051] [Update][time spent]:0.580894947052002
[2026-09-10 10:53:31.589162] [PHISON END] Iteration: 0

[2026-09-10 10:53:31.601990] [PHISON START] Epoch: 0, Iteration: 1
[2026-09-10 10:53:31.602197] [Forward][start]
[2026-09-10 10:53:34.840878] [Forward][time spent]:3.238663911819458
[2026-09-10 10:53:35.745024] [Loss]:14.330163955688477
[2026-09-10 10:53:35.745064] [Backward][start]
[2026-09-10 10:53:46.600223] [Backward][time spent]:10.855117321014404
[2026-09-10 10:53:46.600513] [Update][Start]
[2026-09-10 10:53:47.191739] [Update][time spent]:0.5911865234375
[2026-09-10 10:53:47.191862] [PHISON END] Iteration: 1

[2026-09-10 10:53:47.204595] [PHISON START] Epoch: 0, Iteration: 2
[2026-09-10 10:53:47.204822] [Forward][start]
[2026-09-10 10:53:50.439338] [Forward][time spent]:3.2344703674316406
[2026-09-10 10:53:51.343771] [Loss]:14.701057434082031
[2026-09-10 10:53:51.343813] [Backward][start]
[2026-09-10 10:54:02.332159] [Backward][time spent]:10.988314390182495
[2026-09-10 10:54:02.332435] [Update][Start]
[2026-09-10 10:54:02.915638] [Update][time spent]:0.5831632614135742
[2026-09-10 10:54:02.915744] [PHISON END] Iteration: 2

[2026-09-10 10:54:02.929555] [PHISON START] Epoch: 0, Iteration: 3
[2026-09-10 10:54:02.929776] [Forward][start]
[2026-09-10 10:54:06.169983] [Forward][time spent]:3.240192413330078
[2026-09-10 10:54:07.074202] [Loss]:13.896458625793457
[2026-09-10 10:54:07.074240] [Backward][start]
[2026-09-10 10:54:17.947789] [Backward][time spent]:10.873530626296997
[2026-09-10 10:54:17.947996] [Update][Start]
using avx512bf16
max_compute_thread = 62
[2026-09-10 10:54:49.013262] [Update][time spent]:31.065229415893555
[2026-09-10 10:54:49.013399] [PHISON END] Iteration: 3

[2026-09-10 10:54:49.013424] [INFO] Training efficiency: 693.8048841191762 (tokens/s)

[2026-09-10 10:54:49.026094] [PHISON START] Epoch: 0, Iteration: 4
[2026-09-10 10:54:49.026348] [Forward][start]
[2026-09-10 10:54:52.255744] [Forward][time spent]:3.2293801307678223
[2026-09-10 10:54:53.160001] [Loss]:6.5408124923706055
[2026-09-10 10:54:53.160049] [Backward][start]
[2026-09-10 10:55:00.686031] [Backward][time spent]:7.525962829589844
[2026-09-10 10:55:00.686239] [Update][Start]
[2026-09-10 10:55:01.242662] [Update][time spent]:0.5562784671783447
[2026-09-10 10:55:01.242788] [PHISON END] Iteration: 4

[2026-09-10 10:55:01.254332] [PHISON START] Epoch: 0, Iteration: 5
[2026-09-10 10:55:01.254544] [Forward][start]
[2026-09-10 10:55:04.477404] [Forward][time spent]:3.2228472232818604
[2026-09-10 10:55:05.382380] [Loss]:6.90093469619751
[2026-09-10 10:55:05.382415] [Backward][start]
[2026-09-10 10:55:16.209006] [Backward][time spent]:10.826573848724365
[2026-09-10 10:55:16.209194] [Update][Start]
[2026-09-10 10:55:16.768170] [Update][time spent]:0.5589389801025391
[2026-09-10 10:55:16.768294] [PHISON END] Iteration: 5

[2026-09-10 10:55:16.779329] [PHISON START] Epoch: 0, Iteration: 6
[2026-09-10 10:55:16.779532] [Forward][start]
[2026-09-10 10:55:20.005889] [Forward][time spent]:3.226344108581543
[2026-09-10 10:55:20.910672] [Loss]:6.863842010498047
[2026-09-10 10:55:20.910715] [Backward][start]
[2026-09-10 10:55:32.071976] [Backward][time spent]:11.161242961883545
[2026-09-10 10:55:32.072162] [Update][Start]
[2026-09-10 10:55:32.634540] [Update][time spent]:0.5623414516448975
[2026-09-10 10:55:32.634641] [PHISON END] Iteration: 6

[2026-09-10 10:55:32.645941] [PHISON START] Epoch: 0, Iteration: 7
[2026-09-10 10:55:32.646152] [Forward][start]
[2026-09-10 10:55:35.882624] [Forward][time spent]:3.236457109451294
[2026-09-10 10:55:36.787609] [Loss]:5.928375720977783
[2026-09-10 10:55:36.787644] [Backward][start]
[2026-09-10 10:55:47.695659] [Backward][time spent]:10.907999038696289
[2026-09-10 10:55:47.695841] [Update][Start]
[2026-09-10 10:56:17.701217] [Update][time spent]:30.005337953567505
[2026-09-10 10:56:17.701369] [PHISON END] Iteration: 7

[2026-09-10 10:56:17.701393] [INFO] Training efficiency: 738.9504167188676 (tokens/s)

[2026-09-10 10:56:17.712463] [PHISON START] Epoch: 0, Iteration: 8
[2026-09-10 10:56:17.712678] [Forward][start]
[2026-09-10 10:56:20.948784] [Forward][time spent]:3.236091136932373
[2026-09-10 10:56:21.853308] [Loss]:2.75313138961792
[2026-09-10 10:56:21.853337] [Backward][start]
[2026-09-10 10:56:29.365575] [Backward][time spent]:7.512220144271851
[2026-09-10 10:56:29.365776] [Update][Start]
[2026-09-10 10:56:29.907014] [Update][time spent]:0.5412003993988037
[2026-09-10 10:56:29.907137] [PHISON END] Iteration: 8

[2026-09-10 10:56:29.918504] [PHISON START] Epoch: 0, Iteration: 9
[2026-09-10 10:56:29.918715] [Forward][start]
[2026-09-10 10:56:33.173151] [Forward][time spent]:3.2544212341308594
[2026-09-10 10:56:34.077778] [Loss]:2.769758462905884
[2026-09-10 10:56:34.077814] [Backward][start]
[2026-09-10 10:56:44.906095] [Backward][time spent]:10.82826280593872
[2026-09-10 10:56:44.906345] [Update][Start]
[2026-09-10 10:56:45.458625] [Update][time spent]:0.5522422790527344
[2026-09-10 10:56:45.458735] [PHISON END] Iteration: 9

[2026-09-10 10:56:45.470039] [PHISON START] Epoch: 0, Iteration: 10
[2026-09-10 10:56:45.470253] [Forward][start]
[2026-09-10 10:56:48.703328] [Forward][time spent]:3.233050584793091
[2026-09-10 10:56:49.607791] [Loss]:3.3422164916992188
[2026-09-10 10:56:49.607852] [Backward][start]
[2026-09-10 10:57:00.473559] [Backward][time spent]:10.865687608718872
[2026-09-10 10:57:00.473754] [Update][Start]
[2026-09-10 10:57:01.033477] [Update][time spent]:0.5596861839294434
[2026-09-10 10:57:01.033598] [PHISON END] Iteration: 10

[2026-09-10 10:57:01.044789] [PHISON START] Epoch: 0, Iteration: 11
[2026-09-10 10:57:01.044995] [Forward][start]
[2026-09-10 10:57:04.271733] [Forward][time spent]:3.2267210483551025
[2026-09-10 10:57:05.176374] [Loss]:3.1599788665771484
[2026-09-10 10:57:05.176409] [Backward][start]
[2026-09-10 10:57:16.050346] [Backward][time spent]:10.873918533325195
[2026-09-10 10:57:16.050528] [Update][Start]
[2026-09-10 10:57:45.830990] [Update][time spent]:29.78042483329773
[2026-09-10 10:57:45.831131] [PHISON END] Iteration: 11

[2026-09-10 10:57:45.831156] [INFO] Training efficiency: 743.6308376317425 (tokens/s)

[2026-09-10 10:57:45.831243] [INFO] training complete!
Process 8841 exits successfully.
