[INFO] [runner.py:579:main] cmd=/usr/bin/python3 -u -m phisonlib.launcher.launch --world_info=eyJsb2NhbGhvc3QiOiBbMF19 --master_addr=127.0.0.1 --master_port=8299 /home/root/aiDAPTIV2/text-generation/train.py --model_name_or_path /app/gemma-3-12b-it --optimizer_path  --max_seq_len 2048 --nvme_path /mnt/nvme0 --beta1 0.9 --beta2 0.95 --eps 1e-08 --weight_decay 0.01 --precision_mode 1 --learning_rate 7e-06 --num_train_epochs 1 --max_iter 12 --lr_scheduler_mode -1 --train_dataset_config_path /workspace/finetune/toolkit/toolkit_v2.3.1_python312/Log/Max_batchsize_gemma-3-12b-it_2026-09-10_095521/qa_dataset_config_0.yaml --per_device_train_batch_size 76 --gradient_accumulation_steps 4 --triton --num_of_iteration_to_save_model 4 --max_num_of_saved_model_on_epoch_end -1 --max_num_of_saved_model_on_iteration 2
nnodes=1, num_local_procs=1, node_rank=0
global_rank_mapping=defaultdict(<class 'list'>, {'localhost': [0]})
dist_world_size=1
Setting CUDA_VISIBLE_DEVICES=0
#### ======== [INITIALIZE Tokenizer] ======== ####
#### ======== [INITIALIZE Dataloader] ======== ####
[INFO] get dataset name:  ../../products/aiDAPTIVLink/toolkit_dataset_10k.json  training_strategy:  QA
#### ======== [INITIALIZE Model] ======== ####
[INFO] [create_hf_model] init from pretrained
[INFO] You are loading [Gemma3ForConditionalGeneration] with FlashAttention2
[INFO] You are setting [Gemma3ForConditionalGeneration] with Gradient Checkpointing
[INFO] create current swap data path: /mnt/nvme0/phison_40403
[INFO] You are accelerating [Gemma3ForConditionalGeneration] VisionEncoder with FusedEmbedding kernel
[INFO] You are accelerating [Gemma3ForConditionalGeneration] VisionEncoder with FusedGateMLP kernel
[INFO] You are accelerating [Gemma3ForConditionalGeneration] VisionEncoder with FusedQKVOLinear kernel
[INFO] You are accelerating [Gemma3ForConditionalGeneration] VisionEncoder with FusedRoPE kernel
[INFO] You are accelerating [Gemma3ForConditionalGeneration] TextDecoder with FusedEmbedding kernel
[INFO] You are accelerating [Gemma3ForConditionalGeneration] TextDecoder with FusedGateMLP kernel
[INFO] You are accelerating [Gemma3ForConditionalGeneration] TextDecoder with FusedQKVOLinear kernel
[INFO] You are accelerating [Gemma3ForConditionalGeneration] TextDecoder with FusedRoPE kernel
[INFO] You are accelerating [Gemma3ForConditionalGeneration] TextDecoder with FusedLinearXentropy kernel
[2026-09-11 03:17:44.295029] [INFO] Enable Early-stopping: False
[INFO] The current training schedule consists of 1 epochs with 12 iterations each.
[INFO] The accumulated time is set to 4 so the training will be updated 3 times during each epoch.
[INFO] If the trained model does not show significant improvement, you may consider increasing the number of update cycles.
[INFO] If the trained model shows signs of overfitting, you should decrease the number of update cycles.
[2026-09-11 03:17:44.295192] [INFO] Beginning of Epoch 1/1, Total Micro Batches 132
[2026-09-11 03:17:44.440986] [PHISON START] Epoch: 0, Iteration: 0
[2026-09-11 03:17:44.443285] [Forward][start]
[2026-09-11 03:18:08.979317] [Forward][time spent]:24.535957098007202
[2026-09-11 03:18:15.893681] [Loss]:14.463977813720703
[2026-09-11 03:18:15.893777] [Backward][start]
[2026-09-11 03:19:07.020634] [Backward][time spent]:51.126835346221924
[2026-09-11 03:19:07.020825] [Update][Start]
[2026-09-11 03:19:07.594066] [Update][time spent]:0.5732030868530273
[2026-09-11 03:19:07.594189] [PHISON END] Iteration: 0

[2026-09-11 03:19:07.694758] [PHISON START] Epoch: 0, Iteration: 1
[2026-09-11 03:19:07.695339] [Forward][start]
[2026-09-11 03:19:29.293402] [Forward][time spent]:21.598047256469727
[2026-09-11 03:19:36.379436] [Loss]:14.789663314819336
[2026-09-11 03:19:36.379504] [Backward][start]
[2026-09-11 03:20:28.398602] [Backward][time spent]:52.01904225349426
[2026-09-11 03:20:28.398880] [Update][Start]
[2026-09-11 03:20:28.997404] [Update][time spent]:0.5984828472137451
[2026-09-11 03:20:28.997537] [PHISON END] Iteration: 1

[2026-09-11 03:20:29.092031] [PHISON START] Epoch: 0, Iteration: 2
[2026-09-11 03:20:29.092603] [Forward][start]
[2026-09-11 03:20:50.717844] [Forward][time spent]:21.62518811225891
[2026-09-11 03:20:57.809728] [Loss]:14.857841491699219
[2026-09-11 03:20:57.809823] [Backward][start]
[2026-09-11 03:21:49.285593] [Backward][time spent]:51.47569942474365
[2026-09-11 03:21:49.285998] [Update][Start]
[2026-09-11 03:21:49.884824] [Update][time spent]:0.5987765789031982
[2026-09-11 03:21:49.884957] [PHISON END] Iteration: 2

[2026-09-11 03:21:49.980168] [PHISON START] Epoch: 0, Iteration: 3
[2026-09-11 03:21:49.980656] [Forward][start]
[2026-09-11 03:22:11.574590] [Forward][time spent]:21.59390687942505
[2026-09-11 03:22:18.661094] [Loss]:15.33668041229248
[2026-09-11 03:22:18.661198] [Backward][start]
[2026-09-11 03:23:10.154079] [Backward][time spent]:51.49284482002258
[2026-09-11 03:23:10.154373] [Update][Start]
using avx512bf16
max_compute_thread = 62
[2026-09-11 03:23:40.832962] [Update][time spent]:30.678543090820312
[2026-09-11 03:23:40.833079] [PHISON END] Iteration: 3

[2026-09-11 03:23:40.833109] [INFO] Training efficiency: 1746.2154177301354 (tokens/s)

[2026-09-11 03:23:40.930355] [PHISON START] Epoch: 0, Iteration: 4
[2026-09-11 03:23:40.930753] [Forward][start]
[2026-09-11 03:24:02.486075] [Forward][time spent]:21.555294036865234
[2026-09-11 03:24:09.571112] [Loss]:5.742928504943848
[2026-09-11 03:24:09.571210] [Backward][start]
[2026-09-11 03:24:56.930793] [Backward][time spent]:47.35952806472778
[2026-09-11 03:24:56.931074] [Update][Start]
[2026-09-11 03:24:57.532188] [Update][time spent]:0.6010746955871582
[2026-09-11 03:24:57.532319] [PHISON END] Iteration: 4

[2026-09-11 03:24:57.629670] [PHISON START] Epoch: 0, Iteration: 5
[2026-09-11 03:24:57.630065] [Forward][start]
[2026-09-11 03:25:19.191724] [Forward][time spent]:21.56162977218628
[2026-09-11 03:25:26.278611] [Loss]:6.074657440185547
[2026-09-11 03:25:26.278709] [Backward][start]
[2026-09-11 03:26:17.809189] [Backward][time spent]:51.53042149543762
[2026-09-11 03:26:17.809511] [Update][Start]
[2026-09-11 03:26:18.413374] [Update][time spent]:0.6038236618041992
[2026-09-11 03:26:18.413504] [PHISON END] Iteration: 5

[2026-09-11 03:26:18.510047] [PHISON START] Epoch: 0, Iteration: 6
[2026-09-11 03:26:18.510444] [Forward][start]
[2026-09-11 03:26:40.081326] [Forward][time spent]:21.570852518081665
[2026-09-11 03:26:47.171276] [Loss]:5.846282482147217
[2026-09-11 03:26:47.171398] [Backward][start]
[2026-09-11 03:27:38.684076] [Backward][time spent]:51.51262092590332
[2026-09-11 03:27:38.684392] [Update][Start]
[2026-09-11 03:27:39.281267] [Update][time spent]:0.5968358516693115
[2026-09-11 03:27:39.281387] [PHISON END] Iteration: 6

[2026-09-11 03:27:39.378629] [PHISON START] Epoch: 0, Iteration: 7
[2026-09-11 03:27:39.379012] [Forward][start]
[2026-09-11 03:28:00.968058] [Forward][time spent]:21.58901882171631
[2026-09-11 03:28:08.051897] [Loss]:5.750507354736328
[2026-09-11 03:28:08.052015] [Backward][start]
[2026-09-11 03:28:59.681021] [Backward][time spent]:51.62894797325134
[2026-09-11 03:28:59.681323] [Update][Start]
[2026-09-11 03:29:29.307277] [Update][time spent]:29.62591576576233
[2026-09-11 03:29:29.307376] [PHISON END] Iteration: 7

[2026-09-11 03:29:29.307398] [INFO] Training efficiency: 1786.6226180506203 (tokens/s)

[2026-09-11 03:29:29.404772] [PHISON START] Epoch: 0, Iteration: 8
[2026-09-11 03:29:29.405167] [Forward][start]
[2026-09-11 03:29:51.031438] [Forward][time spent]:21.626243352890015
[2026-09-11 03:29:58.111096] [Loss]:2.89852237701416
[2026-09-11 03:29:58.111220] [Backward][start]
[2026-09-11 03:30:45.456310] [Backward][time spent]:47.34499931335449
[2026-09-11 03:30:45.456594] [Update][Start]
[2026-09-11 03:30:46.057140] [Update][time spent]:0.6005074977874756
[2026-09-11 03:30:46.057274] [PHISON END] Iteration: 8

[2026-09-11 03:30:46.155091] [PHISON START] Epoch: 0, Iteration: 9
[2026-09-11 03:30:46.155511] [Forward][start]
[2026-09-11 03:31:07.742385] [Forward][time spent]:21.58684730529785
[2026-09-11 03:31:14.822768] [Loss]:3.0559587478637695
[2026-09-11 03:31:14.822898] [Backward][start]
[2026-09-11 03:32:06.320402] [Backward][time spent]:51.49744701385498
[2026-09-11 03:32:06.320729] [Update][Start]
[2026-09-11 03:32:06.920685] [Update][time spent]:0.5999081134796143
[2026-09-11 03:32:06.920819] [PHISON END] Iteration: 9

[2026-09-11 03:32:07.019444] [PHISON START] Epoch: 0, Iteration: 10
[2026-09-11 03:32:07.019863] [Forward][start]
[2026-09-11 03:32:28.641667] [Forward][time spent]:21.62177610397339
[2026-09-11 03:32:35.723980] [Loss]:2.999574899673462
[2026-09-11 03:32:35.724090] [Backward][start]
[2026-09-11 03:33:27.191557] [Backward][time spent]:51.46741008758545
[2026-09-11 03:33:27.191832] [Update][Start]
[2026-09-11 03:33:27.802490] [Update][time spent]:0.6106197834014893
[2026-09-11 03:33:27.802615] [PHISON END] Iteration: 10

[2026-09-11 03:33:27.900405] [PHISON START] Epoch: 0, Iteration: 11
[2026-09-11 03:33:27.900798] [Forward][start]
[2026-09-11 03:33:49.490873] [Forward][time spent]:21.590046644210815
[2026-09-11 03:33:56.574290] [Loss]:2.9461114406585693
[2026-09-11 03:33:56.574412] [Backward][start]
[2026-09-11 03:34:48.086563] [Backward][time spent]:51.512094020843506
[2026-09-11 03:34:48.086841] [Update][Start]
[2026-09-11 03:35:18.169343] [Update][time spent]:30.082462787628174
[2026-09-11 03:35:18.169485] [PHISON END] Iteration: 11

[2026-09-11 03:35:18.169509] [INFO] Training efficiency: 1784.6364014792593 (tokens/s)

[2026-09-11 03:35:18.169594] [INFO] training complete!
Process 40404 exits successfully.
[INFO] remove current swap data path: /mnt/nvme0/phison_40403
