[INFO] [runner.py:579:main] cmd=/usr/bin/python3 -u -m phisonlib.launcher.launch --world_info=eyJsb2NhbGhvc3QiOiBbMF19 --master_addr=127.0.0.1 --master_port=8299 /home/root/aiDAPTIV2/text-generation/train.py --model_name_or_path /app/gemma-3-12b-it --optimizer_path  --max_seq_len 2048 --nvme_path /mnt/nvme0 --beta1 0.9 --beta2 0.95 --eps 1e-08 --weight_decay 0.01 --precision_mode 1 --learning_rate 7e-06 --num_train_epochs 1 --max_iter 12 --lr_scheduler_mode -1 --train_dataset_config_path /workspace/finetune/toolkit/toolkit_v2.3.1_python312/Log/Max_batchsize_gemma-3-12b-it_2026-09-10_095521/qa_dataset_config_0.yaml --per_device_train_batch_size 67 --gradient_accumulation_steps 4 --triton --num_of_iteration_to_save_model 4 --max_num_of_saved_model_on_epoch_end -1 --max_num_of_saved_model_on_iteration 2
nnodes=1, num_local_procs=1, node_rank=0
global_rank_mapping=defaultdict(<class 'list'>, {'localhost': [0]})
dist_world_size=1
Setting CUDA_VISIBLE_DEVICES=0
#### ======== [INITIALIZE Tokenizer] ======== ####
#### ======== [INITIALIZE Dataloader] ======== ####
[INFO] get dataset name:  ../../products/aiDAPTIVLink/toolkit_dataset_10k.json  training_strategy:  QA
#### ======== [INITIALIZE Model] ======== ####
[INFO] [create_hf_model] init from pretrained
[INFO] You are loading [Gemma3ForConditionalGeneration] with FlashAttention2
[INFO] You are setting [Gemma3ForConditionalGeneration] with Gradient Checkpointing
[INFO] create current swap data path: /mnt/nvme0/phison_36196
[INFO] You are accelerating [Gemma3ForConditionalGeneration] VisionEncoder with FusedEmbedding kernel
[INFO] You are accelerating [Gemma3ForConditionalGeneration] VisionEncoder with FusedGateMLP kernel
[INFO] You are accelerating [Gemma3ForConditionalGeneration] VisionEncoder with FusedQKVOLinear kernel
[INFO] You are accelerating [Gemma3ForConditionalGeneration] VisionEncoder with FusedRoPE kernel
[INFO] You are accelerating [Gemma3ForConditionalGeneration] TextDecoder with FusedEmbedding kernel
[INFO] You are accelerating [Gemma3ForConditionalGeneration] TextDecoder with FusedGateMLP kernel
[INFO] You are accelerating [Gemma3ForConditionalGeneration] TextDecoder with FusedQKVOLinear kernel
[INFO] You are accelerating [Gemma3ForConditionalGeneration] TextDecoder with FusedRoPE kernel
[INFO] You are accelerating [Gemma3ForConditionalGeneration] TextDecoder with FusedLinearXentropy kernel
[2026-09-11 00:14:25.658807] [INFO] Enable Early-stopping: False
[INFO] The current training schedule consists of 1 epochs with 12 iterations each.
[INFO] The accumulated time is set to 4 so the training will be updated 3 times during each epoch.
[INFO] If the trained model does not show significant improvement, you may consider increasing the number of update cycles.
[INFO] If the trained model shows signs of overfitting, you should decrease the number of update cycles.
[2026-09-11 00:14:25.658963] [INFO] Beginning of Epoch 1/1, Total Micro Batches 150
[2026-09-11 00:14:25.786677] [PHISON START] Epoch: 0, Iteration: 0
[2026-09-11 00:14:25.788219] [Forward][start]
[2026-09-11 00:14:46.810730] [Forward][time spent]:21.02246880531311
[2026-09-11 00:14:53.044105] [Loss]:14.502490043640137
[2026-09-11 00:14:53.044200] [Backward][start]
[2026-09-11 00:15:38.474929] [Backward][time spent]:45.43070864677429
[2026-09-11 00:15:38.475220] [Update][Start]
[2026-09-11 00:15:39.071003] [Update][time spent]:0.5956978797912598
[2026-09-11 00:15:39.071127] [PHISON END] Iteration: 0

[2026-09-11 00:15:39.157119] [PHISON START] Epoch: 0, Iteration: 1
[2026-09-11 00:15:39.157653] [Forward][start]
[2026-09-11 00:15:54.000676] [Forward][time spent]:14.842998743057251
[2026-09-11 00:16:00.320173] [Loss]:14.698657989501953
[2026-09-11 00:16:00.320285] [Backward][start]
[2026-09-11 00:16:46.970931] [Backward][time spent]:46.650593996047974
[2026-09-11 00:16:46.971205] [Update][Start]
[2026-09-11 00:16:47.569005] [Update][time spent]:0.59775710105896
[2026-09-11 00:16:47.569129] [PHISON END] Iteration: 1

[2026-09-11 00:16:47.653873] [PHISON START] Epoch: 0, Iteration: 2
[2026-09-11 00:16:47.654387] [Forward][start]
[2026-09-11 00:17:02.532379] [Forward][time spent]:14.877949953079224
[2026-09-11 00:17:08.851844] [Loss]:14.652100563049316
[2026-09-11 00:17:08.851976] [Backward][start]
[2026-09-11 00:17:55.093869] [Backward][time spent]:46.24184036254883
[2026-09-11 00:17:55.094147] [Update][Start]
[2026-09-11 00:17:55.702615] [Update][time spent]:0.6084296703338623
[2026-09-11 00:17:55.702721] [PHISON END] Iteration: 2

[2026-09-11 00:17:55.786143] [PHISON START] Epoch: 0, Iteration: 3
[2026-09-11 00:17:55.786631] [Forward][start]
[2026-09-11 00:18:10.658797] [Forward][time spent]:14.872139930725098
[2026-09-11 00:18:16.973115] [Loss]:15.327245712280273
[2026-09-11 00:18:16.973224] [Backward][start]
[2026-09-11 00:19:03.343582] [Backward][time spent]:46.37030649185181
[2026-09-11 00:19:03.343858] [Update][Start]
using avx512bf16
max_compute_thread = 62
[2026-09-11 00:19:34.216083] [Update][time spent]:30.872186183929443
[2026-09-11 00:19:34.216221] [PHISON END] Iteration: 3

[2026-09-11 00:19:34.216248] [INFO] Training efficiency: 1778.8074651850834 (tokens/s)

[2026-09-11 00:19:34.299845] [PHISON START] Epoch: 0, Iteration: 4
[2026-09-11 00:19:34.300240] [Forward][start]
[2026-09-11 00:19:49.141232] [Forward][time spent]:14.840946197509766
[2026-09-11 00:19:55.460756] [Loss]:5.881626605987549
[2026-09-11 00:19:55.460889] [Backward][start]
[2026-09-11 00:20:37.526562] [Backward][time spent]:42.065646171569824
[2026-09-11 00:20:37.526684] [Update][Start]
[2026-09-11 00:20:38.126670] [Update][time spent]:0.5999755859375
[2026-09-11 00:20:38.126791] [PHISON END] Iteration: 4

[2026-09-11 00:20:38.212380] [PHISON START] Epoch: 0, Iteration: 5
[2026-09-11 00:20:38.212748] [Forward][start]
[2026-09-11 00:20:53.080081] [Forward][time spent]:14.867310285568237
[2026-09-11 00:20:59.400282] [Loss]:5.936363697052002
[2026-09-11 00:20:59.400397] [Backward][start]
[2026-09-11 00:21:45.626905] [Backward][time spent]:46.22645354270935
[2026-09-11 00:21:45.627192] [Update][Start]
[2026-09-11 00:21:46.241809] [Update][time spent]:0.614577054977417
[2026-09-11 00:21:46.241939] [PHISON END] Iteration: 5

[2026-09-11 00:21:46.328071] [PHISON START] Epoch: 0, Iteration: 6
[2026-09-11 00:21:46.328444] [Forward][start]
[2026-09-11 00:22:01.170499] [Forward][time spent]:14.842030763626099
[2026-09-11 00:22:07.486709] [Loss]:5.982280731201172
[2026-09-11 00:22:07.486830] [Backward][start]
[2026-09-11 00:22:53.741140] [Backward][time spent]:46.25425863265991
[2026-09-11 00:22:53.741482] [Update][Start]
[2026-09-11 00:22:54.346728] [Update][time spent]:0.6052029132843018
[2026-09-11 00:22:54.346857] [PHISON END] Iteration: 6

[2026-09-11 00:22:54.432841] [PHISON START] Epoch: 0, Iteration: 7
[2026-09-11 00:22:54.433221] [Forward][start]
[2026-09-11 00:23:09.286584] [Forward][time spent]:14.853336572647095
[2026-09-11 00:23:15.604928] [Loss]:5.871394634246826
[2026-09-11 00:23:15.605056] [Backward][start]
[2026-09-11 00:24:01.836304] [Backward][time spent]:46.23116374015808
[2026-09-11 00:24:01.836594] [Update][Start]
[2026-09-11 00:24:31.219100] [Update][time spent]:29.382467031478882
[2026-09-11 00:24:31.219245] [PHISON END] Iteration: 7

[2026-09-11 00:24:31.219275] [INFO] Training efficiency: 1848.0082083233103 (tokens/s)

[2026-09-11 00:24:31.309761] [PHISON START] Epoch: 0, Iteration: 8
[2026-09-11 00:24:31.310147] [Forward][start]
[2026-09-11 00:24:46.164118] [Forward][time spent]:14.853944540023804
[2026-09-11 00:24:52.482587] [Loss]:2.8201303482055664
[2026-09-11 00:24:52.482703] [Backward][start]
[2026-09-11 00:25:34.571734] [Backward][time spent]:42.08897876739502
[2026-09-11 00:25:34.572029] [Update][Start]
[2026-09-11 00:25:35.179046] [Update][time spent]:0.606975793838501
[2026-09-11 00:25:35.179174] [PHISON END] Iteration: 8

[2026-09-11 00:25:35.263965] [PHISON START] Epoch: 0, Iteration: 9
[2026-09-11 00:25:35.264351] [Forward][start]
[2026-09-11 00:25:50.115961] [Forward][time spent]:14.851580619812012
[2026-09-11 00:25:56.431214] [Loss]:2.9603071212768555
[2026-09-11 00:25:56.431345] [Backward][start]
[2026-09-11 00:26:42.810251] [Backward][time spent]:46.37885117530823
[2026-09-11 00:26:42.810588] [Update][Start]
[2026-09-11 00:26:43.418523] [Update][time spent]:0.6078982353210449
[2026-09-11 00:26:43.418644] [PHISON END] Iteration: 9

[2026-09-11 00:26:43.504300] [PHISON START] Epoch: 0, Iteration: 10
[2026-09-11 00:26:43.504664] [Forward][start]
[2026-09-11 00:26:58.357318] [Forward][time spent]:14.852631092071533
[2026-09-11 00:27:04.672978] [Loss]:2.9354238510131836
[2026-09-11 00:27:04.673114] [Backward][start]
[2026-09-11 00:27:50.968421] [Backward][time spent]:46.29525375366211
[2026-09-11 00:27:50.968701] [Update][Start]
[2026-09-11 00:27:51.567598] [Update][time spent]:0.5988574028015137
[2026-09-11 00:27:51.567702] [PHISON END] Iteration: 10

[2026-09-11 00:27:51.653007] [PHISON START] Epoch: 0, Iteration: 11
[2026-09-11 00:27:51.653369] [Forward][start]
[2026-09-11 00:28:06.495954] [Forward][time spent]:14.84256100654602
[2026-09-11 00:28:12.812148] [Loss]:3.002835512161255
[2026-09-11 00:28:12.812282] [Backward][start]
[2026-09-11 00:28:59.077428] [Backward][time spent]:46.26508855819702
[2026-09-11 00:28:59.077727] [Update][Start]
[2026-09-11 00:29:28.790391] [Update][time spent]:29.712626695632935
[2026-09-11 00:29:28.790532] [PHISON END] Iteration: 11

[2026-09-11 00:29:28.790556] [INFO] Training efficiency: 1844.4791852814465 (tokens/s)

[2026-09-11 00:29:28.790648] [INFO] training complete!
Process 36197 exits successfully.
[INFO] remove current swap data path: /mnt/nvme0/phison_36196
