[INFO] [runner.py:579:main] cmd=/usr/bin/python3 -u -m phisonlib.launcher.launch --world_info=eyJsb2NhbGhvc3QiOiBbMF19 --master_addr=127.0.0.1 --master_port=8299 /home/root/aiDAPTIV2/text-generation/train.py --model_name_or_path /app/gemma-3-12b-it --optimizer_path  --max_seq_len 2048 --nvme_path /mnt/nvme0 --beta1 0.9 --beta2 0.95 --eps 1e-08 --weight_decay 0.01 --precision_mode 1 --learning_rate 7e-06 --num_train_epochs 1 --max_iter 12 --lr_scheduler_mode -1 --train_dataset_config_path /workspace/finetune/toolkit/toolkit_v2.3.1_python312/Log/Max_batchsize_gemma-3-12b-it_2026-09-10_095521/qa_dataset_config_0.yaml --per_device_train_batch_size 16 --gradient_accumulation_steps 4 --triton --num_of_iteration_to_save_model 4 --max_num_of_saved_model_on_epoch_end -1 --max_num_of_saved_model_on_iteration 2
nnodes=1, num_local_procs=1, node_rank=0
global_rank_mapping=defaultdict(<class 'list'>, {'localhost': [0]})
dist_world_size=1
Setting CUDA_VISIBLE_DEVICES=0
#### ======== [INITIALIZE Tokenizer] ======== ####
#### ======== [INITIALIZE Dataloader] ======== ####
[INFO] get dataset name:  ../../products/aiDAPTIVLink/toolkit_dataset_10k.json  training_strategy:  QA
#### ======== [INITIALIZE Model] ======== ####
[INFO] [create_hf_model] init from pretrained
[INFO] You are loading [Gemma3ForConditionalGeneration] with FlashAttention2
[INFO] You are setting [Gemma3ForConditionalGeneration] with Gradient Checkpointing
[INFO] create current swap data path: /mnt/nvme0/phison_12512
[INFO] You are accelerating [Gemma3ForConditionalGeneration] VisionEncoder with FusedEmbedding kernel
[INFO] You are accelerating [Gemma3ForConditionalGeneration] VisionEncoder with FusedGateMLP kernel
[INFO] You are accelerating [Gemma3ForConditionalGeneration] VisionEncoder with FusedQKVOLinear kernel
[INFO] You are accelerating [Gemma3ForConditionalGeneration] VisionEncoder with FusedRoPE kernel
[INFO] You are accelerating [Gemma3ForConditionalGeneration] TextDecoder with FusedEmbedding kernel
[INFO] You are accelerating [Gemma3ForConditionalGeneration] TextDecoder with FusedGateMLP kernel
[INFO] You are accelerating [Gemma3ForConditionalGeneration] TextDecoder with FusedQKVOLinear kernel
[INFO] You are accelerating [Gemma3ForConditionalGeneration] TextDecoder with FusedRoPE kernel
[INFO] You are accelerating [Gemma3ForConditionalGeneration] TextDecoder with FusedLinearXentropy kernel
[2026-09-10 12:05:16.989366] [INFO] Enable Early-stopping: False
[INFO] The current training schedule consists of 1 epochs with 12 iterations each.
[INFO] The accumulated time is set to 4 so the training will be updated 3 times during each epoch.
[INFO] If the trained model does not show significant improvement, you may consider increasing the number of update cycles.
[INFO] If the trained model shows signs of overfitting, you should decrease the number of update cycles.
[2026-09-10 12:05:16.989536] [INFO] Beginning of Epoch 1/1, Total Micro Batches 625
[2026-09-10 12:05:17.051499] [PHISON START] Epoch: 0, Iteration: 0
[2026-09-10 12:05:17.052600] [Forward][start]
[2026-09-10 12:05:24.373400] [Forward][time spent]:7.320777177810669
[2026-09-10 12:05:25.958246] [Loss]:13.918208122253418
[2026-09-10 12:05:25.958321] [Backward][start]
[2026-09-10 12:05:39.905667] [Backward][time spent]:13.947330951690674
[2026-09-10 12:05:39.905778] [Update][Start]
[2026-09-10 12:05:40.509269] [Update][time spent]:0.6034805774688721
[2026-09-10 12:05:40.509407] [PHISON END] Iteration: 0

[2026-09-10 12:05:40.531721] [PHISON START] Epoch: 0, Iteration: 1
[2026-09-10 12:05:40.531967] [Forward][start]
[2026-09-10 12:05:45.170939] [Forward][time spent]:4.6389453411102295
[2026-09-10 12:05:46.778263] [Loss]:14.284332275390625
[2026-09-10 12:05:46.778333] [Backward][start]
[2026-09-10 12:06:02.363858] [Backward][time spent]:15.585484266281128
[2026-09-10 12:06:02.364164] [Update][Start]
[2026-09-10 12:06:02.972745] [Update][time spent]:0.6085402965545654
[2026-09-10 12:06:02.972867] [PHISON END] Iteration: 1

[2026-09-10 12:06:02.995739] [PHISON START] Epoch: 0, Iteration: 2
[2026-09-10 12:06:02.995986] [Forward][start]
[2026-09-10 12:06:07.656658] [Forward][time spent]:4.660628795623779
[2026-09-10 12:06:09.263936] [Loss]:15.259278297424316
[2026-09-10 12:06:09.264046] [Backward][start]
[2026-09-10 12:06:24.893512] [Backward][time spent]:15.629432439804077
[2026-09-10 12:06:24.893766] [Update][Start]
[2026-09-10 12:06:25.494418] [Update][time spent]:0.6006169319152832
[2026-09-10 12:06:25.494536] [PHISON END] Iteration: 2

[2026-09-10 12:06:25.517525] [PHISON START] Epoch: 0, Iteration: 3
[2026-09-10 12:06:25.517766] [Forward][start]
[2026-09-10 12:06:30.192147] [Forward][time spent]:4.674358367919922
[2026-09-10 12:06:31.800057] [Loss]:14.563645362854004
[2026-09-10 12:06:31.800111] [Backward][start]
[2026-09-10 12:06:47.394695] [Backward][time spent]:15.594535827636719
[2026-09-10 12:06:47.394989] [Update][Start]
using avx512bf16
max_compute_thread = 62
[2026-09-10 12:07:18.780016] [Update][time spent]:31.384987115859985
[2026-09-10 12:07:18.780161] [PHISON END] Iteration: 3

[2026-09-10 12:07:18.780188] [INFO] Training efficiency: 1076.2073983338423 (tokens/s)

[2026-09-10 12:07:18.802700] [PHISON START] Epoch: 0, Iteration: 4
[2026-09-10 12:07:18.802959] [Forward][start]
[2026-09-10 12:07:23.480600] [Forward][time spent]:4.677624464035034
[2026-09-10 12:07:25.088328] [Loss]:5.845182418823242
[2026-09-10 12:07:25.088386] [Backward][start]
[2026-09-10 12:07:37.323688] [Backward][time spent]:12.235281944274902
[2026-09-10 12:07:37.323906] [Update][Start]
[2026-09-10 12:07:37.887649] [Update][time spent]:0.5637032985687256
[2026-09-10 12:07:37.887778] [PHISON END] Iteration: 4

[2026-09-10 12:07:37.910004] [PHISON START] Epoch: 0, Iteration: 5
[2026-09-10 12:07:37.910239] [Forward][start]
[2026-09-10 12:07:42.575602] [Forward][time spent]:4.665347337722778
[2026-09-10 12:07:44.184519] [Loss]:6.576305389404297
[2026-09-10 12:07:44.184572] [Backward][start]
[2026-09-10 12:07:59.688415] [Backward][time spent]:15.503824234008789
[2026-09-10 12:07:59.688617] [Update][Start]
[2026-09-10 12:08:00.255524] [Update][time spent]:0.5668680667877197
[2026-09-10 12:08:00.255648] [PHISON END] Iteration: 5

[2026-09-10 12:08:00.276530] [PHISON START] Epoch: 0, Iteration: 6
[2026-09-10 12:08:00.276782] [Forward][start]
[2026-09-10 12:08:04.934476] [Forward][time spent]:4.657679319381714
[2026-09-10 12:08:06.542976] [Loss]:6.048333644866943
[2026-09-10 12:08:06.543056] [Backward][start]
[2026-09-10 12:08:22.085376] [Backward][time spent]:15.542299747467041
[2026-09-10 12:08:22.085576] [Update][Start]
[2026-09-10 12:08:22.651148] [Update][time spent]:0.5655360221862793
[2026-09-10 12:08:22.651254] [PHISON END] Iteration: 6

[2026-09-10 12:08:22.671920] [PHISON START] Epoch: 0, Iteration: 7
[2026-09-10 12:08:22.672161] [Forward][start]
[2026-09-10 12:08:27.322781] [Forward][time spent]:4.650605201721191
[2026-09-10 12:08:28.931100] [Loss]:5.912925720214844
[2026-09-10 12:08:28.931169] [Backward][start]
[2026-09-10 12:08:44.460161] [Backward][time spent]:15.528972864151001
[2026-09-10 12:08:44.460427] [Update][Start]
[2026-09-10 12:09:15.259247] [Update][time spent]:30.79877781867981
[2026-09-10 12:09:15.259389] [PHISON END] Iteration: 7

[2026-09-10 12:09:15.259417] [INFO] Training efficiency: 1125.282328278938 (tokens/s)

[2026-09-10 12:09:15.279825] [PHISON START] Epoch: 0, Iteration: 8
[2026-09-10 12:09:15.280069] [Forward][start]
[2026-09-10 12:09:19.946058] [Forward][time spent]:4.66597318649292
[2026-09-10 12:09:21.554043] [Loss]:3.0588886737823486
[2026-09-10 12:09:21.554094] [Backward][start]
[2026-09-10 12:09:33.789493] [Backward][time spent]:12.235378742218018
[2026-09-10 12:09:33.789713] [Update][Start]
[2026-09-10 12:09:34.358072] [Update][time spent]:0.5683205127716064
[2026-09-10 12:09:34.358200] [PHISON END] Iteration: 8

[2026-09-10 12:09:34.378531] [PHISON START] Epoch: 0, Iteration: 9
[2026-09-10 12:09:34.378775] [Forward][start]
[2026-09-10 12:09:39.012878] [Forward][time spent]:4.634087800979614
[2026-09-10 12:09:40.621686] [Loss]:3.2907838821411133
[2026-09-10 12:09:40.621731] [Backward][start]
[2026-09-10 12:09:56.234859] [Backward][time spent]:15.613109588623047
[2026-09-10 12:09:56.235087] [Update][Start]
[2026-09-10 12:09:56.797485] [Update][time spent]:0.5623607635498047
[2026-09-10 12:09:56.797594] [PHISON END] Iteration: 9

[2026-09-10 12:09:56.818713] [PHISON START] Epoch: 0, Iteration: 10
[2026-09-10 12:09:56.818981] [Forward][start]
[2026-09-10 12:10:01.473915] [Forward][time spent]:4.654918909072876
[2026-09-10 12:10:03.082336] [Loss]:2.6632561683654785
[2026-09-10 12:10:03.082380] [Backward][start]
[2026-09-10 12:10:18.711302] [Backward][time spent]:15.628903150558472
[2026-09-10 12:10:18.711494] [Update][Start]
[2026-09-10 12:10:19.272207] [Update][time spent]:0.5606777667999268
[2026-09-10 12:10:19.272332] [PHISON END] Iteration: 10

[2026-09-10 12:10:19.292683] [PHISON START] Epoch: 0, Iteration: 11
[2026-09-10 12:10:19.292922] [Forward][start]
[2026-09-10 12:10:23.945639] [Forward][time spent]:4.652703285217285
[2026-09-10 12:10:25.553817] [Loss]:2.9304370880126953
[2026-09-10 12:10:25.553861] [Backward][start]
[2026-09-10 12:10:41.185124] [Backward][time spent]:15.631244659423828
[2026-09-10 12:10:41.185357] [Update][Start]
[2026-09-10 12:11:11.598519] [Update][time spent]:30.413119554519653
[2026-09-10 12:11:11.598660] [PHISON END] Iteration: 11

[2026-09-10 12:11:11.598685] [INFO] Training efficiency: 1126.6360693812678 (tokens/s)

[2026-09-10 12:11:11.598796] [INFO] training complete!
Process 12513 exits successfully.
