[INFO] [runner.py:579:main] cmd=/usr/bin/python3 -u -m phisonlib.launcher.launch --world_info=eyJsb2NhbGhvc3QiOiBbMF19 --master_addr=127.0.0.1 --master_port=8299 /home/root/aiDAPTIV2/text-generation/train.py --model_name_or_path /app/gemma-3-12b-it --optimizer_path  --max_seq_len 2048 --nvme_path /mnt/nvme0 --beta1 0.9 --beta2 0.95 --eps 1e-08 --weight_decay 0.01 --precision_mode 1 --learning_rate 7e-06 --num_train_epochs 1 --max_iter 12 --lr_scheduler_mode -1 --train_dataset_config_path /workspace/finetune/toolkit/toolkit_v2.3.1_python312/Log/Max_batchsize_gemma-3-12b-it_2026-09-10_095521/qa_dataset_config_0.yaml --per_device_train_batch_size 10 --gradient_accumulation_steps 4 --triton --num_of_iteration_to_save_model 4 --max_num_of_saved_model_on_epoch_end -1 --max_num_of_saved_model_on_iteration 2
nnodes=1, num_local_procs=1, node_rank=0
global_rank_mapping=defaultdict(<class 'list'>, {'localhost': [0]})
dist_world_size=1
Setting CUDA_VISIBLE_DEVICES=0
#### ======== [INITIALIZE Tokenizer] ======== ####
#### ======== [INITIALIZE Dataloader] ======== ####
[INFO] get dataset name:  ../../products/aiDAPTIVLink/toolkit_dataset_10k.json  training_strategy:  QA
#### ======== [INITIALIZE Model] ======== ####
[INFO] [create_hf_model] init from pretrained
[INFO] You are loading [Gemma3ForConditionalGeneration] with FlashAttention2
[INFO] You are setting [Gemma3ForConditionalGeneration] with Gradient Checkpointing
[INFO] create current swap data path: /mnt/nvme0/phison_9749
[INFO] You are accelerating [Gemma3ForConditionalGeneration] VisionEncoder with FusedEmbedding kernel
[INFO] You are accelerating [Gemma3ForConditionalGeneration] VisionEncoder with FusedGateMLP kernel
[INFO] You are accelerating [Gemma3ForConditionalGeneration] VisionEncoder with FusedQKVOLinear kernel
[INFO] You are accelerating [Gemma3ForConditionalGeneration] VisionEncoder with FusedRoPE kernel
[INFO] You are accelerating [Gemma3ForConditionalGeneration] TextDecoder with FusedEmbedding kernel
[INFO] You are accelerating [Gemma3ForConditionalGeneration] TextDecoder with FusedGateMLP kernel
[INFO] You are accelerating [Gemma3ForConditionalGeneration] TextDecoder with FusedQKVOLinear kernel
[INFO] You are accelerating [Gemma3ForConditionalGeneration] TextDecoder with FusedRoPE kernel
[INFO] You are accelerating [Gemma3ForConditionalGeneration] TextDecoder with FusedLinearXentropy kernel
[2026-09-10 11:10:01.087650] [INFO] Enable Early-stopping: False
[INFO] The current training schedule consists of 1 epochs with 12 iterations each.
[INFO] The accumulated time is set to 4 so the training will be updated 3 times during each epoch.
[INFO] If the trained model does not show significant improvement, you may consider increasing the number of update cycles.
[INFO] If the trained model shows signs of overfitting, you should decrease the number of update cycles.
[2026-09-10 11:10:01.087802] [INFO] Beginning of Epoch 1/1, Total Micro Batches 1000
[2026-09-10 11:10:01.139991] [PHISON START] Epoch: 0, Iteration: 0
[2026-09-10 11:10:01.141380] [Forward][start]
[2026-09-10 11:10:07.100396] [Forward][time spent]:5.958944082260132
[2026-09-10 11:10:08.084943] [Loss]:13.892779350280762
[2026-09-10 11:10:08.085023] [Backward][start]
[2026-09-10 11:10:18.734978] [Backward][time spent]:10.649940729141235
[2026-09-10 11:10:18.735076] [Update][Start]
[2026-09-10 11:10:19.314767] [Update][time spent]:0.5796806812286377
[2026-09-10 11:10:19.314880] [PHISON END] Iteration: 0

[2026-09-10 11:10:19.330256] [PHISON START] Epoch: 0, Iteration: 1
[2026-09-10 11:10:19.330490] [Forward][start]
[2026-09-10 11:10:22.866597] [Forward][time spent]:3.536081552505493
[2026-09-10 11:10:23.872576] [Loss]:14.482048034667969
[2026-09-10 11:10:23.872766] [Backward][start]
[2026-09-10 11:10:35.938647] [Backward][time spent]:12.065826654434204
[2026-09-10 11:10:35.938931] [Update][Start]
[2026-09-10 11:10:36.534868] [Update][time spent]:0.5958976745605469
[2026-09-10 11:10:36.534985] [PHISON END] Iteration: 1

[2026-09-10 11:10:36.551141] [PHISON START] Epoch: 0, Iteration: 2
[2026-09-10 11:10:36.551401] [Forward][start]
[2026-09-10 11:10:40.117526] [Forward][time spent]:3.566075086593628
[2026-09-10 11:10:41.123223] [Loss]:13.93899154663086
[2026-09-10 11:10:41.123292] [Backward][start]
[2026-09-10 11:10:53.192124] [Backward][time spent]:12.068795204162598
[2026-09-10 11:10:53.192421] [Update][Start]
[2026-09-10 11:10:53.768248] [Update][time spent]:0.5757877826690674
[2026-09-10 11:10:53.768369] [PHISON END] Iteration: 2

[2026-09-10 11:10:53.784897] [PHISON START] Epoch: 0, Iteration: 3
[2026-09-10 11:10:53.785136] [Forward][start]
[2026-09-10 11:10:57.335234] [Forward][time spent]:3.550075054168701
[2026-09-10 11:10:58.338490] [Loss]:14.731354713439941
[2026-09-10 11:10:58.338772] [Backward][start]
[2026-09-10 11:11:10.463666] [Backward][time spent]:12.12482476234436
[2026-09-10 11:11:10.464020] [Update][Start]
using avx512bf16
max_compute_thread = 62
[2026-09-10 11:11:41.488886] [Update][time spent]:31.024826288223267
[2026-09-10 11:11:41.489024] [PHISON END] Iteration: 3

[2026-09-10 11:11:41.489052] [INFO] Training efficiency: 815.9261110304797 (tokens/s)

[2026-09-10 11:11:41.504945] [PHISON START] Epoch: 0, Iteration: 4
[2026-09-10 11:11:41.505230] [Forward][start]
[2026-09-10 11:11:45.058088] [Forward][time spent]:3.5528407096862793
[2026-09-10 11:11:46.064329] [Loss]:6.626736164093018
[2026-09-10 11:11:46.064412] [Backward][start]
[2026-09-10 11:11:54.963412] [Backward][time spent]:8.898963928222656
[2026-09-10 11:11:54.963684] [Update][Start]
[2026-09-10 11:11:55.550684] [Update][time spent]:0.5869612693786621
[2026-09-10 11:11:55.550807] [PHISON END] Iteration: 4

[2026-09-10 11:11:55.567271] [PHISON START] Epoch: 0, Iteration: 5
[2026-09-10 11:11:55.567495] [Forward][start]
[2026-09-10 11:11:59.116812] [Forward][time spent]:3.549299478530884
[2026-09-10 11:12:00.122827] [Loss]:6.336819171905518
[2026-09-10 11:12:00.122894] [Backward][start]
[2026-09-10 11:12:12.242781] [Backward][time spent]:12.119859218597412
[2026-09-10 11:12:12.243031] [Update][Start]
[2026-09-10 11:12:12.823945] [Update][time spent]:0.5808770656585693
[2026-09-10 11:12:12.824075] [PHISON END] Iteration: 5

[2026-09-10 11:12:12.840415] [PHISON START] Epoch: 0, Iteration: 6
[2026-09-10 11:12:12.840650] [Forward][start]
[2026-09-10 11:12:16.392239] [Forward][time spent]:3.5515713691711426
[2026-09-10 11:12:17.398846] [Loss]:5.754402160644531
[2026-09-10 11:12:17.398889] [Backward][start]
[2026-09-10 11:12:29.474358] [Backward][time spent]:12.075450420379639
[2026-09-10 11:12:29.474557] [Update][Start]
[2026-09-10 11:12:30.032050] [Update][time spent]:0.5574545860290527
[2026-09-10 11:12:30.032175] [PHISON END] Iteration: 6

[2026-09-10 11:12:30.046653] [PHISON START] Epoch: 0, Iteration: 7
[2026-09-10 11:12:30.046877] [Forward][start]
[2026-09-10 11:12:33.571300] [Forward][time spent]:3.524409770965576
[2026-09-10 11:12:34.578661] [Loss]:6.073587417602539
[2026-09-10 11:12:34.578701] [Backward][start]
[2026-09-10 11:12:46.457427] [Backward][time spent]:11.878708600997925
[2026-09-10 11:12:46.457603] [Update][Start]
[2026-09-10 11:13:15.997929] [Update][time spent]:29.540292024612427
[2026-09-10 11:13:15.998068] [PHISON END] Iteration: 7

[2026-09-10 11:13:15.998094] [INFO] Training efficiency: 866.7955247238378 (tokens/s)

[2026-09-10 11:13:16.011381] [PHISON START] Epoch: 0, Iteration: 8
[2026-09-10 11:13:16.011603] [Forward][start]
[2026-09-10 11:13:19.541396] [Forward][time spent]:3.529780626296997
[2026-09-10 11:13:20.548413] [Loss]:2.9987118244171143
[2026-09-10 11:13:20.548444] [Backward][start]
[2026-09-10 11:13:29.327143] [Backward][time spent]:8.778681993484497
[2026-09-10 11:13:29.327425] [Update][Start]
[2026-09-10 11:13:29.895695] [Update][time spent]:0.5682322978973389
[2026-09-10 11:13:29.895820] [PHISON END] Iteration: 8

[2026-09-10 11:13:29.909248] [PHISON START] Epoch: 0, Iteration: 9
[2026-09-10 11:13:29.909476] [Forward][start]
[2026-09-10 11:13:33.446122] [Forward][time spent]:3.5366322994232178
[2026-09-10 11:13:34.453509] [Loss]:2.703155517578125
[2026-09-10 11:13:34.453545] [Backward][start]
[2026-09-10 11:13:46.426235] [Backward][time spent]:11.972673416137695
[2026-09-10 11:13:46.426472] [Update][Start]
[2026-09-10 11:13:46.980137] [Update][time spent]:0.5536305904388428
[2026-09-10 11:13:46.980267] [PHISON END] Iteration: 9

[2026-09-10 11:13:46.993439] [PHISON START] Epoch: 0, Iteration: 10
[2026-09-10 11:13:46.993665] [Forward][start]
[2026-09-10 11:13:50.521033] [Forward][time spent]:3.527355909347534
[2026-09-10 11:13:51.528171] [Loss]:2.7644169330596924
[2026-09-10 11:13:51.528206] [Backward][start]
[2026-09-10 11:14:03.483659] [Backward][time spent]:11.955434322357178
[2026-09-10 11:14:03.483837] [Update][Start]
[2026-09-10 11:14:04.039305] [Update][time spent]:0.5554318428039551
[2026-09-10 11:14:04.039418] [PHISON END] Iteration: 10

[2026-09-10 11:14:04.052637] [PHISON START] Epoch: 0, Iteration: 11
[2026-09-10 11:14:04.052853] [Forward][start]
[2026-09-10 11:14:07.589106] [Forward][time spent]:3.536240577697754
[2026-09-10 11:14:08.595872] [Loss]:2.886345386505127
[2026-09-10 11:14:08.595905] [Backward][start]
[2026-09-10 11:14:20.614811] [Backward][time spent]:12.018888473510742
[2026-09-10 11:14:20.614994] [Update][Start]
[2026-09-10 11:14:49.702742] [Update][time spent]:29.087711334228516
[2026-09-10 11:14:49.702871] [PHISON END] Iteration: 11

[2026-09-10 11:14:49.702893] [INFO] Training efficiency: 874.2349833649448 (tokens/s)

[2026-09-10 11:14:49.702974] [INFO] training complete!
