[INFO] [runner.py:579:main] cmd=/usr/bin/python3 -u -m phisonlib.launcher.launch --world_info=eyJsb2NhbGhvc3QiOiBbMF19 --master_addr=127.0.0.1 --master_port=8299 /home/root/aiDAPTIV2/text-generation/train.py --model_name_or_path /app/gemma-3-12b-it --optimizer_path  --max_seq_len 2048 --nvme_path /mnt/nvme0 --beta1 0.9 --beta2 0.95 --eps 1e-08 --weight_decay 0.01 --precision_mode 1 --learning_rate 7e-06 --num_train_epochs 1 --max_iter 12 --lr_scheduler_mode -1 --train_dataset_config_path /workspace/finetune/toolkit/toolkit_v2.3.1_python312/Log/Max_batchsize_gemma-3-12b-it_2026-09-10_095521/qa_dataset_config_0.yaml --per_device_train_batch_size 34 --gradient_accumulation_steps 4 --triton --num_of_iteration_to_save_model 4 --max_num_of_saved_model_on_epoch_end -1 --max_num_of_saved_model_on_iteration 2
nnodes=1, num_local_procs=1, node_rank=0
global_rank_mapping=defaultdict(<class 'list'>, {'localhost': [0]})
dist_world_size=1
Setting CUDA_VISIBLE_DEVICES=0
#### ======== [INITIALIZE Tokenizer] ======== ####
#### ======== [INITIALIZE Dataloader] ======== ####
[INFO] get dataset name:  ../../products/aiDAPTIVLink/toolkit_dataset_10k.json  training_strategy:  QA
#### ======== [INITIALIZE Model] ======== ####
[INFO] [create_hf_model] init from pretrained
[INFO] You are loading [Gemma3ForConditionalGeneration] with FlashAttention2
[INFO] You are setting [Gemma3ForConditionalGeneration] with Gradient Checkpointing
[INFO] create current swap data path: /mnt/nvme0/phison_20849
[INFO] You are accelerating [Gemma3ForConditionalGeneration] VisionEncoder with FusedEmbedding kernel
[INFO] You are accelerating [Gemma3ForConditionalGeneration] VisionEncoder with FusedGateMLP kernel
[INFO] You are accelerating [Gemma3ForConditionalGeneration] VisionEncoder with FusedQKVOLinear kernel
[INFO] You are accelerating [Gemma3ForConditionalGeneration] VisionEncoder with FusedRoPE kernel
[INFO] You are accelerating [Gemma3ForConditionalGeneration] TextDecoder with FusedEmbedding kernel
[INFO] You are accelerating [Gemma3ForConditionalGeneration] TextDecoder with FusedGateMLP kernel
[INFO] You are accelerating [Gemma3ForConditionalGeneration] TextDecoder with FusedQKVOLinear kernel
[INFO] You are accelerating [Gemma3ForConditionalGeneration] TextDecoder with FusedRoPE kernel
[INFO] You are accelerating [Gemma3ForConditionalGeneration] TextDecoder with FusedLinearXentropy kernel
[2026-09-10 15:27:57.763041] [INFO] Enable Early-stopping: False
[INFO] The current training schedule consists of 1 epochs with 12 iterations each.
[INFO] The accumulated time is set to 4 so the training will be updated 3 times during each epoch.
[INFO] If the trained model does not show significant improvement, you may consider increasing the number of update cycles.
[INFO] If the trained model shows signs of overfitting, you should decrease the number of update cycles.
[2026-09-10 15:27:57.763277] [INFO] Beginning of Epoch 1/1, Total Micro Batches 295
[2026-09-10 15:27:57.881070] [PHISON START] Epoch: 0, Iteration: 0
[2026-09-10 15:27:57.882202] [Forward][start]
[2026-09-10 15:28:10.442739] [Forward][time spent]:12.560511589050293
[2026-09-10 15:28:13.684580] [Loss]:14.03105354309082
[2026-09-10 15:28:13.684658] [Backward][start]
[2026-09-10 15:28:38.821591] [Backward][time spent]:25.13689923286438
[2026-09-10 15:28:38.822006] [Update][Start]
[2026-09-10 15:28:39.444320] [Update][time spent]:0.622276782989502
[2026-09-10 15:28:39.444440] [PHISON END] Iteration: 0

[2026-09-10 15:28:39.493913] [PHISON START] Epoch: 0, Iteration: 1
[2026-09-10 15:28:39.494293] [Forward][start]
[2026-09-10 15:28:47.662218] [Forward][time spent]:8.167898178100586
[2026-09-10 15:28:50.946911] [Loss]:15.04106330871582
[2026-09-10 15:28:50.946997] [Backward][start]
[2026-09-10 15:29:17.804168] [Backward][time spent]:26.857118606567383
[2026-09-10 15:29:17.804574] [Update][Start]
[2026-09-10 15:29:18.443461] [Update][time spent]:0.6388452053070068
[2026-09-10 15:29:18.443594] [PHISON END] Iteration: 1

[2026-09-10 15:29:18.489951] [PHISON START] Epoch: 0, Iteration: 2
[2026-09-10 15:29:18.490311] [Forward][start]
[2026-09-10 15:29:26.649808] [Forward][time spent]:8.159451246261597
[2026-09-10 15:29:29.936102] [Loss]:14.637245178222656
[2026-09-10 15:29:29.936176] [Backward][start]
[2026-09-10 15:29:56.819419] [Backward][time spent]:26.88318920135498
[2026-09-10 15:29:56.819777] [Update][Start]
[2026-09-10 15:29:57.437030] [Update][time spent]:0.617215633392334
[2026-09-10 15:29:57.437153] [PHISON END] Iteration: 2

[2026-09-10 15:29:57.484225] [PHISON START] Epoch: 0, Iteration: 3
[2026-09-10 15:29:57.484567] [Forward][start]
[2026-09-10 15:30:05.639638] [Forward][time spent]:8.155054807662964
[2026-09-10 15:30:08.925042] [Loss]:14.68380355834961
[2026-09-10 15:30:08.925110] [Backward][start]
[2026-09-10 15:30:35.615364] [Backward][time spent]:26.690234422683716
[2026-09-10 15:30:35.615569] [Update][Start]
using avx512bf16
max_compute_thread = 62
[2026-09-10 15:31:13.584256] [Update][time spent]:37.96864891052246
[2026-09-10 15:31:13.584407] [PHISON END] Iteration: 3

[2026-09-10 15:31:13.584436] [INFO] Training efficiency: 1422.359066113205 (tokens/s)

[2026-09-10 15:31:13.630667] [PHISON START] Epoch: 0, Iteration: 4
[2026-09-10 15:31:13.630997] [Forward][start]
[2026-09-10 15:31:21.776232] [Forward][time spent]:8.145208835601807
[2026-09-10 15:31:25.062924] [Loss]:6.2837347984313965
[2026-09-10 15:31:25.062963] [Backward][start]
[2026-09-10 15:31:47.820161] [Backward][time spent]:22.757179498672485
[2026-09-10 15:31:47.820400] [Update][Start]
[2026-09-10 15:31:48.378926] [Update][time spent]:0.558485746383667
[2026-09-10 15:31:48.379054] [PHISON END] Iteration: 4

[2026-09-10 15:31:48.429325] [PHISON START] Epoch: 0, Iteration: 5
[2026-09-10 15:31:48.429643] [Forward][start]
[2026-09-10 15:31:56.573685] [Forward][time spent]:8.144016981124878
[2026-09-10 15:31:59.859772] [Loss]:5.744093894958496
[2026-09-10 15:31:59.859885] [Backward][start]
[2026-09-10 15:32:26.587435] [Backward][time spent]:26.72752356529236
[2026-09-10 15:32:26.587564] [Update][Start]
[2026-09-10 15:32:27.169084] [Update][time spent]:0.5815088748931885
[2026-09-10 15:32:27.169211] [PHISON END] Iteration: 5

[2026-09-10 15:32:27.216569] [PHISON START] Epoch: 0, Iteration: 6
[2026-09-10 15:32:27.216880] [Forward][start]
[2026-09-10 15:32:35.369039] [Forward][time spent]:8.15213131904602
[2026-09-10 15:32:38.652413] [Loss]:6.248990535736084
[2026-09-10 15:32:38.652501] [Backward][start]
[2026-09-10 15:33:05.301807] [Backward][time spent]:26.64928150177002
[2026-09-10 15:33:05.301931] [Update][Start]
[2026-09-10 15:33:05.885741] [Update][time spent]:0.5837993621826172
[2026-09-10 15:33:05.885863] [PHISON END] Iteration: 6

[2026-09-10 15:33:05.932724] [PHISON START] Epoch: 0, Iteration: 7
[2026-09-10 15:33:05.933039] [Forward][start]
[2026-09-10 15:33:14.085743] [Forward][time spent]:8.152677059173584
[2026-09-10 15:33:17.369449] [Loss]:6.510833740234375
[2026-09-10 15:33:17.369555] [Backward][start]
[2026-09-10 15:33:44.113737] [Backward][time spent]:26.74412727355957
[2026-09-10 15:33:44.114017] [Update][Start]
[2026-09-10 15:34:14.738104] [Update][time spent]:30.62404775619507
[2026-09-10 15:34:14.738243] [PHISON END] Iteration: 7

[2026-09-10 15:34:14.738271] [INFO] Training efficiency: 1537.5221082336654 (tokens/s)

[2026-09-10 15:34:14.783695] [PHISON START] Epoch: 0, Iteration: 8
[2026-09-10 15:34:14.784009] [Forward][start]
[2026-09-10 15:34:22.937165] [Forward][time spent]:8.153133630752563
[2026-09-10 15:34:26.222884] [Loss]:3.0091798305511475
[2026-09-10 15:34:26.222979] [Backward][start]
[2026-09-10 15:34:48.998484] [Backward][time spent]:22.775450944900513
[2026-09-10 15:34:48.998775] [Update][Start]
[2026-09-10 15:34:49.598100] [Update][time spent]:0.5992856025695801
[2026-09-10 15:34:49.598231] [PHISON END] Iteration: 8

[2026-09-10 15:34:49.645610] [PHISON START] Epoch: 0, Iteration: 9
[2026-09-10 15:34:49.645923] [Forward][start]
[2026-09-10 15:34:57.798338] [Forward][time spent]:8.15238904953003
[2026-09-10 15:35:01.085050] [Loss]:2.931746482849121
[2026-09-10 15:35:01.085153] [Backward][start]
[2026-09-10 15:35:27.726912] [Backward][time spent]:26.64170479774475
[2026-09-10 15:35:27.727217] [Update][Start]
[2026-09-10 15:35:28.321540] [Update][time spent]:0.594282865524292
[2026-09-10 15:35:28.321645] [PHISON END] Iteration: 9

[2026-09-10 15:35:28.372754] [PHISON START] Epoch: 0, Iteration: 10
[2026-09-10 15:35:28.373106] [Forward][start]
[2026-09-10 15:35:36.523416] [Forward][time spent]:8.150285720825195
[2026-09-10 15:35:39.808538] [Loss]:2.8313310146331787
[2026-09-10 15:35:39.808657] [Backward][start]
[2026-09-10 15:36:06.656528] [Backward][time spent]:26.847811222076416
[2026-09-10 15:36:06.656827] [Update][Start]
[2026-09-10 15:36:07.260889] [Update][time spent]:0.6040234565734863
[2026-09-10 15:36:07.261020] [PHISON END] Iteration: 10

[2026-09-10 15:36:07.308578] [PHISON START] Epoch: 0, Iteration: 11
[2026-09-10 15:36:07.308883] [Forward][start]
[2026-09-10 15:36:15.468567] [Forward][time spent]:8.159655570983887
[2026-09-10 15:36:18.754605] [Loss]:3.1965367794036865
[2026-09-10 15:36:18.754688] [Backward][start]
[2026-09-10 15:36:45.667470] [Backward][time spent]:26.912724018096924
[2026-09-10 15:36:45.667750] [Update][Start]
[2026-09-10 15:37:16.213791] [Update][time spent]:30.546003580093384
[2026-09-10 15:37:16.213930] [PHISON END] Iteration: 11

[2026-09-10 15:37:16.213953] [INFO] Training efficiency: 1534.795285643791 (tokens/s)

[2026-09-10 15:37:16.214066] [INFO] training complete!
Process 20850 exits successfully.
