[INFO] [runner.py:579:main] cmd=/usr/bin/python3 -u -m phisonlib.launcher.launch --world_info=eyJsb2NhbGhvc3QiOiBbMF19 --master_addr=127.0.0.1 --master_port=8299 /home/root/aiDAPTIV2/text-generation/train.py --model_name_or_path /app/gemma-3-12b-it --optimizer_path  --max_seq_len 2048 --nvme_path /mnt/nvme0 --beta1 0.9 --beta2 0.95 --eps 1e-08 --weight_decay 0.01 --precision_mode 1 --learning_rate 7e-06 --num_train_epochs 1 --max_iter 12 --lr_scheduler_mode -1 --train_dataset_config_path /workspace/finetune/toolkit/toolkit_v2.3.1_python312/Log/Max_batchsize_gemma-3-12b-it_2026-09-10_095521/qa_dataset_config_0.yaml --per_device_train_batch_size 20 --gradient_accumulation_steps 4 --triton --num_of_iteration_to_save_model 4 --max_num_of_saved_model_on_epoch_end -1 --max_num_of_saved_model_on_iteration 2
nnodes=1, num_local_procs=1, node_rank=0
global_rank_mapping=defaultdict(<class 'list'>, {'localhost': [0]})
dist_world_size=1
Setting CUDA_VISIBLE_DEVICES=0
#### ======== [INITIALIZE Tokenizer] ======== ####
#### ======== [INITIALIZE Dataloader] ======== ####
[INFO] get dataset name:  ../../products/aiDAPTIVLink/toolkit_dataset_10k.json  training_strategy:  QA
#### ======== [INITIALIZE Model] ======== ####
[INFO] [create_hf_model] init from pretrained
[INFO] You are loading [Gemma3ForConditionalGeneration] with FlashAttention2
[INFO] You are setting [Gemma3ForConditionalGeneration] with Gradient Checkpointing
[INFO] create current swap data path: /mnt/nvme0/phison_14370
[INFO] You are accelerating [Gemma3ForConditionalGeneration] VisionEncoder with FusedEmbedding kernel
[INFO] You are accelerating [Gemma3ForConditionalGeneration] VisionEncoder with FusedGateMLP kernel
[INFO] You are accelerating [Gemma3ForConditionalGeneration] VisionEncoder with FusedQKVOLinear kernel
[INFO] You are accelerating [Gemma3ForConditionalGeneration] VisionEncoder with FusedRoPE kernel
[INFO] You are accelerating [Gemma3ForConditionalGeneration] TextDecoder with FusedEmbedding kernel
[INFO] You are accelerating [Gemma3ForConditionalGeneration] TextDecoder with FusedGateMLP kernel
[INFO] You are accelerating [Gemma3ForConditionalGeneration] TextDecoder with FusedQKVOLinear kernel
[INFO] You are accelerating [Gemma3ForConditionalGeneration] TextDecoder with FusedRoPE kernel
[INFO] You are accelerating [Gemma3ForConditionalGeneration] TextDecoder with FusedLinearXentropy kernel
[2026-09-10 12:45:06.570179] [INFO] Enable Early-stopping: False
[INFO] The current training schedule consists of 1 epochs with 12 iterations each.
[INFO] The accumulated time is set to 4 so the training will be updated 3 times during each epoch.
[INFO] If the trained model does not show significant improvement, you may consider increasing the number of update cycles.
[INFO] If the trained model shows signs of overfitting, you should decrease the number of update cycles.
[2026-09-10 12:45:06.570361] [INFO] Beginning of Epoch 1/1, Total Micro Batches 500
[2026-09-10 12:45:06.638214] [PHISON START] Epoch: 0, Iteration: 0
[2026-09-10 12:45:06.639438] [Forward][start]
[2026-09-10 12:45:15.031369] [Forward][time spent]:8.391856908798218
[2026-09-10 12:45:16.924974] [Loss]:14.176633834838867
[2026-09-10 12:45:16.925052] [Backward][start]
[2026-09-10 12:45:33.548535] [Backward][time spent]:16.623453855514526
[2026-09-10 12:45:33.548831] [Update][Start]
[2026-09-10 12:45:34.153817] [Update][time spent]:0.6049482822418213
[2026-09-10 12:45:34.153932] [PHISON END] Iteration: 0

[2026-09-10 12:45:34.183664] [PHISON START] Epoch: 0, Iteration: 1
[2026-09-10 12:45:34.183930] [Forward][start]
[2026-09-10 12:45:39.501787] [Forward][time spent]:5.317841053009033
[2026-09-10 12:45:41.434645] [Loss]:14.31973648071289
[2026-09-10 12:45:41.434705] [Backward][start]
[2026-09-10 12:45:59.423071] [Backward][time spent]:17.9883451461792
[2026-09-10 12:45:59.423335] [Update][Start]
[2026-09-10 12:45:59.979516] [Update][time spent]:0.5561394691467285
[2026-09-10 12:45:59.979636] [PHISON END] Iteration: 1

[2026-09-10 12:46:00.005774] [PHISON START] Epoch: 0, Iteration: 2
[2026-09-10 12:46:00.006055] [Forward][start]
[2026-09-10 12:46:05.334174] [Forward][time spent]:5.328084230422974
[2026-09-10 12:46:07.268518] [Loss]:15.080854415893555
[2026-09-10 12:46:07.268585] [Backward][start]
[2026-09-10 12:46:25.192397] [Backward][time spent]:17.923791885375977
[2026-09-10 12:46:25.192601] [Update][Start]
[2026-09-10 12:46:25.753278] [Update][time spent]:0.5606398582458496
[2026-09-10 12:46:25.753406] [PHISON END] Iteration: 2

[2026-09-10 12:46:25.778996] [PHISON START] Epoch: 0, Iteration: 3
[2026-09-10 12:46:25.779283] [Forward][start]
[2026-09-10 12:46:31.099292] [Forward][time spent]:5.319992542266846
[2026-09-10 12:46:33.033127] [Loss]:14.282454490661621
[2026-09-10 12:46:33.033199] [Backward][start]
[2026-09-10 12:46:51.037256] [Backward][time spent]:18.00403594970703
[2026-09-10 12:46:51.037508] [Update][Start]
using avx512bf16
max_compute_thread = 62
[2026-09-10 12:47:22.369753] [Update][time spent]:31.332204818725586
[2026-09-10 12:47:22.369899] [PHISON END] Iteration: 3

[2026-09-10 12:47:22.369929] [INFO] Training efficiency: 1206.4839712046742 (tokens/s)

[2026-09-10 12:47:22.398734] [PHISON START] Epoch: 0, Iteration: 4
[2026-09-10 12:47:22.399034] [Forward][start]
[2026-09-10 12:47:27.736453] [Forward][time spent]:5.3374011516571045
[2026-09-10 12:47:29.669907] [Loss]:6.512791633605957
[2026-09-10 12:47:29.670000] [Backward][start]
[2026-09-10 12:47:44.182686] [Backward][time spent]:14.51263165473938
[2026-09-10 12:47:44.182964] [Update][Start]
[2026-09-10 12:47:44.760552] [Update][time spent]:0.5775504112243652
[2026-09-10 12:47:44.760675] [PHISON END] Iteration: 4

[2026-09-10 12:47:44.790797] [PHISON START] Epoch: 0, Iteration: 5
[2026-09-10 12:47:44.791083] [Forward][start]
[2026-09-10 12:47:50.139893] [Forward][time spent]:5.348788261413574
[2026-09-10 12:47:52.072962] [Loss]:5.955334663391113
[2026-09-10 12:47:52.073018] [Backward][start]
[2026-09-10 12:48:10.176684] [Backward][time spent]:18.10361623764038
[2026-09-10 12:48:10.176967] [Update][Start]
[2026-09-10 12:48:10.777493] [Update][time spent]:0.6004891395568848
[2026-09-10 12:48:10.777613] [PHISON END] Iteration: 5

[2026-09-10 12:48:10.807807] [PHISON START] Epoch: 0, Iteration: 6
[2026-09-10 12:48:10.808102] [Forward][start]
[2026-09-10 12:48:16.164418] [Forward][time spent]:5.356290817260742
[2026-09-10 12:48:18.098215] [Loss]:6.398530960083008
[2026-09-10 12:48:18.098299] [Backward][start]
[2026-09-10 12:48:36.084498] [Backward][time spent]:17.986143589019775
[2026-09-10 12:48:36.084775] [Update][Start]
[2026-09-10 12:48:36.678818] [Update][time spent]:0.5940084457397461
[2026-09-10 12:48:36.678914] [PHISON END] Iteration: 6

[2026-09-10 12:48:36.708774] [PHISON START] Epoch: 0, Iteration: 7
[2026-09-10 12:48:36.709051] [Forward][start]
[2026-09-10 12:48:42.062705] [Forward][time spent]:5.353629112243652
[2026-09-10 12:48:43.995643] [Loss]:6.933417797088623
[2026-09-10 12:48:43.995690] [Backward][start]
[2026-09-10 12:49:02.029609] [Backward][time spent]:18.033899068832397
[2026-09-10 12:49:02.029793] [Update][Start]
[2026-09-10 12:49:32.528003] [Update][time spent]:30.498173236846924
[2026-09-10 12:49:32.528145] [PHISON END] Iteration: 7

[2026-09-10 12:49:32.528173] [INFO] Training efficiency: 1258.7756096454505 (tokens/s)

[2026-09-10 12:49:32.557020] [PHISON START] Epoch: 0, Iteration: 8
[2026-09-10 12:49:32.557301] [Forward][start]
[2026-09-10 12:49:37.887170] [Forward][time spent]:5.329848289489746
[2026-09-10 12:49:39.820446] [Loss]:2.8451547622680664
[2026-09-10 12:49:39.820503] [Backward][start]
[2026-09-10 12:49:54.330389] [Backward][time spent]:14.5098397731781
[2026-09-10 12:49:54.330682] [Update][Start]
[2026-09-10 12:49:54.911703] [Update][time spent]:0.5809850692749023
[2026-09-10 12:49:54.911820] [PHISON END] Iteration: 8

[2026-09-10 12:49:54.941833] [PHISON START] Epoch: 0, Iteration: 9
[2026-09-10 12:49:54.942113] [Forward][start]
[2026-09-10 12:50:00.277495] [Forward][time spent]:5.335355997085571
[2026-09-10 12:50:02.210732] [Loss]:2.882551431655884
[2026-09-10 12:50:02.210811] [Backward][start]
[2026-09-10 12:50:20.231858] [Backward][time spent]:18.020991563796997
[2026-09-10 12:50:20.232160] [Update][Start]
[2026-09-10 12:50:20.824885] [Update][time spent]:0.5926883220672607
[2026-09-10 12:50:20.825001] [PHISON END] Iteration: 9

[2026-09-10 12:50:20.855640] [PHISON START] Epoch: 0, Iteration: 10
[2026-09-10 12:50:20.855925] [Forward][start]
[2026-09-10 12:50:26.200876] [Forward][time spent]:5.3449318408966064
[2026-09-10 12:50:28.134304] [Loss]:3.022287130355835
[2026-09-10 12:50:28.134377] [Backward][start]
[2026-09-10 12:50:46.214033] [Backward][time spent]:18.079617500305176
[2026-09-10 12:50:46.214307] [Update][Start]
[2026-09-10 12:50:46.807346] [Update][time spent]:0.5930039882659912
[2026-09-10 12:50:46.807464] [PHISON END] Iteration: 10

[2026-09-10 12:50:46.837514] [PHISON START] Epoch: 0, Iteration: 11
[2026-09-10 12:50:46.837771] [Forward][start]
[2026-09-10 12:50:52.231100] [Forward][time spent]:5.393306255340576
[2026-09-10 12:50:54.163611] [Loss]:2.9368412494659424
[2026-09-10 12:50:54.163665] [Backward][start]
[2026-09-10 12:51:12.212451] [Backward][time spent]:18.04873299598694
[2026-09-10 12:51:12.212725] [Update][Start]
[2026-09-10 12:51:42.566011] [Update][time spent]:30.35324788093567
[2026-09-10 12:51:42.566158] [PHISON END] Iteration: 11

[2026-09-10 12:51:42.566183] [INFO] Training efficiency: 1259.939454424571 (tokens/s)

[2026-09-10 12:51:42.566320] [INFO] training complete!
