[INFO] [runner.py:579:main] cmd=/usr/bin/python3 -u -m phisonlib.launcher.launch --world_info=eyJsb2NhbGhvc3QiOiBbMF19 --master_addr=127.0.0.1 --master_port=8299 /home/root/aiDAPTIV2/text-generation/train.py --model_name_or_path /app/gemma-3-12b-it --optimizer_path  --max_seq_len 2048 --nvme_path /mnt/nvme0 --beta1 0.9 --beta2 0.95 --eps 1e-08 --weight_decay 0.01 --precision_mode 1 --learning_rate 7e-06 --num_train_epochs 1 --max_iter 12 --lr_scheduler_mode -1 --train_dataset_config_path /workspace/finetune/toolkit/toolkit_v2.3.1_python312/Log/Max_batchsize_gemma-3-12b-it_2026-09-10_095521/qa_dataset_config_0.yaml --per_device_train_batch_size 30 --gradient_accumulation_steps 4 --triton --num_of_iteration_to_save_model 4 --max_num_of_saved_model_on_epoch_end -1 --max_num_of_saved_model_on_iteration 2
nnodes=1, num_local_procs=1, node_rank=0
global_rank_mapping=defaultdict(<class 'list'>, {'localhost': [0]})
dist_world_size=1
Setting CUDA_VISIBLE_DEVICES=0
#### ======== [INITIALIZE Tokenizer] ======== ####
#### ======== [INITIALIZE Dataloader] ======== ####
[INFO] get dataset name:  ../../products/aiDAPTIVLink/toolkit_dataset_10k.json  training_strategy:  QA
#### ======== [INITIALIZE Model] ======== ####
[INFO] [create_hf_model] init from pretrained
[INFO] You are loading [Gemma3ForConditionalGeneration] with FlashAttention2
[INFO] You are setting [Gemma3ForConditionalGeneration] with Gradient Checkpointing
[INFO] create current swap data path: /mnt/nvme0/phison_18997
[INFO] You are accelerating [Gemma3ForConditionalGeneration] VisionEncoder with FusedEmbedding kernel
[INFO] You are accelerating [Gemma3ForConditionalGeneration] VisionEncoder with FusedGateMLP kernel
[INFO] You are accelerating [Gemma3ForConditionalGeneration] VisionEncoder with FusedQKVOLinear kernel
[INFO] You are accelerating [Gemma3ForConditionalGeneration] VisionEncoder with FusedRoPE kernel
[INFO] You are accelerating [Gemma3ForConditionalGeneration] TextDecoder with FusedEmbedding kernel
[INFO] You are accelerating [Gemma3ForConditionalGeneration] TextDecoder with FusedGateMLP kernel
[INFO] You are accelerating [Gemma3ForConditionalGeneration] TextDecoder with FusedQKVOLinear kernel
[INFO] You are accelerating [Gemma3ForConditionalGeneration] TextDecoder with FusedRoPE kernel
[INFO] You are accelerating [Gemma3ForConditionalGeneration] TextDecoder with FusedLinearXentropy kernel
[2026-09-10 14:37:50.039232] [INFO] Enable Early-stopping: False
[INFO] The current training schedule consists of 1 epochs with 12 iterations each.
[INFO] The accumulated time is set to 4 so the training will be updated 3 times during each epoch.
[INFO] If the trained model does not show significant improvement, you may consider increasing the number of update cycles.
[INFO] If the trained model shows signs of overfitting, you should decrease the number of update cycles.
[2026-09-10 14:37:50.039370] [INFO] Beginning of Epoch 1/1, Total Micro Batches 334
[2026-09-10 14:37:50.118924] [PHISON START] Epoch: 0, Iteration: 0
[2026-09-10 14:37:50.120147] [Forward][start]
[2026-09-10 14:38:01.269779] [Forward][time spent]:11.149555683135986
[2026-09-10 14:38:04.127350] [Loss]:14.098718643188477
[2026-09-10 14:38:04.127473] [Backward][start]
[2026-09-10 14:38:26.902049] [Backward][time spent]:22.774549961090088
[2026-09-10 14:38:26.902306] [Update][Start]
[2026-09-10 14:38:27.478367] [Update][time spent]:0.5760214328765869
[2026-09-10 14:38:27.478498] [PHISON END] Iteration: 0

[2026-09-10 14:38:27.521168] [PHISON START] Epoch: 0, Iteration: 1
[2026-09-10 14:38:27.521514] [Forward][start]
[2026-09-10 14:38:34.817698] [Forward][time spent]:7.296159029006958
[2026-09-10 14:38:37.718592] [Loss]:14.96249008178711
[2026-09-10 14:38:37.718667] [Backward][start]
[2026-09-10 14:39:02.019134] [Backward][time spent]:24.300419807434082
[2026-09-10 14:39:02.019569] [Update][Start]
[2026-09-10 14:39:02.605366] [Update][time spent]:0.5857553482055664
[2026-09-10 14:39:02.605487] [PHISON END] Iteration: 1

[2026-09-10 14:39:02.646065] [PHISON START] Epoch: 0, Iteration: 2
[2026-09-10 14:39:02.646382] [Forward][start]
[2026-09-10 14:39:09.951043] [Forward][time spent]:7.304624319076538
[2026-09-10 14:39:12.851968] [Loss]:14.589712142944336
[2026-09-10 14:39:12.852042] [Backward][start]
[2026-09-10 14:39:37.201685] [Backward][time spent]:24.349591732025146
[2026-09-10 14:39:37.201955] [Update][Start]
[2026-09-10 14:39:37.782083] [Update][time spent]:0.580089807510376
[2026-09-10 14:39:37.782206] [PHISON END] Iteration: 2

[2026-09-10 14:39:37.822753] [PHISON START] Epoch: 0, Iteration: 3
[2026-09-10 14:39:37.823067] [Forward][start]
[2026-09-10 14:39:45.139926] [Forward][time spent]:7.31684136390686
[2026-09-10 14:39:48.041009] [Loss]:14.842888832092285
[2026-09-10 14:39:48.041077] [Backward][start]
[2026-09-10 14:40:12.346406] [Backward][time spent]:24.305294275283813
[2026-09-10 14:40:12.346657] [Update][Start]
using avx512bf16
max_compute_thread = 62
[2026-09-10 14:40:43.333295] [Update][time spent]:30.986600160598755
[2026-09-10 14:40:43.333448] [PHISON END] Iteration: 3

[2026-09-10 14:40:43.333474] [INFO] Training efficiency: 1418.1671228327855 (tokens/s)

[2026-09-10 14:40:43.374571] [PHISON START] Epoch: 0, Iteration: 4
[2026-09-10 14:40:43.374891] [Forward][start]
[2026-09-10 14:40:50.703765] [Forward][time spent]:7.328857660293579
[2026-09-10 14:40:53.603972] [Loss]:6.279707908630371
[2026-09-10 14:40:53.604065] [Backward][start]
[2026-09-10 14:41:14.020514] [Backward][time spent]:20.41642737388611
[2026-09-10 14:41:14.020725] [Update][Start]
[2026-09-10 14:41:14.590476] [Update][time spent]:0.5697121620178223
[2026-09-10 14:41:14.590605] [PHISON END] Iteration: 4

[2026-09-10 14:41:14.631753] [PHISON START] Epoch: 0, Iteration: 5
[2026-09-10 14:41:14.632021] [Forward][start]
[2026-09-10 14:41:21.959620] [Forward][time spent]:7.3275840282440186
[2026-09-10 14:41:24.860033] [Loss]:6.065715789794922
[2026-09-10 14:41:24.860090] [Backward][start]
[2026-09-10 14:41:49.019256] [Backward][time spent]:24.159144639968872
[2026-09-10 14:41:49.019475] [Update][Start]
[2026-09-10 14:41:49.579905] [Update][time spent]:0.560394287109375
[2026-09-10 14:41:49.580035] [PHISON END] Iteration: 5

[2026-09-10 14:41:49.618735] [PHISON START] Epoch: 0, Iteration: 6
[2026-09-10 14:41:49.619038] [Forward][start]
[2026-09-10 14:41:56.941913] [Forward][time spent]:7.322855710983276
[2026-09-10 14:41:59.842057] [Loss]:5.970035552978516
[2026-09-10 14:41:59.842108] [Backward][start]
[2026-09-10 14:42:24.035332] [Backward][time spent]:24.193203687667847
[2026-09-10 14:42:24.035534] [Update][Start]
[2026-09-10 14:42:24.591104] [Update][time spent]:0.555532693862915
[2026-09-10 14:42:24.591230] [PHISON END] Iteration: 6

[2026-09-10 14:42:24.629670] [PHISON START] Epoch: 0, Iteration: 7
[2026-09-10 14:42:24.629970] [Forward][start]
[2026-09-10 14:42:31.952591] [Forward][time spent]:7.322600603103638
[2026-09-10 14:42:34.854168] [Loss]:6.3350419998168945
[2026-09-10 14:42:34.854223] [Backward][start]
[2026-09-10 14:42:59.078600] [Backward][time spent]:24.224356412887573
[2026-09-10 14:42:59.078806] [Update][Start]
[2026-09-10 14:43:29.068661] [Update][time spent]:29.989817142486572
[2026-09-10 14:43:29.068804] [PHISON END] Iteration: 7

[2026-09-10 14:43:29.068830] [INFO] Training efficiency: 1482.8460771480886 (tokens/s)

[2026-09-10 14:43:29.107483] [PHISON START] Epoch: 0, Iteration: 8
[2026-09-10 14:43:29.107789] [Forward][start]
[2026-09-10 14:43:36.436228] [Forward][time spent]:7.328420400619507
[2026-09-10 14:43:39.337423] [Loss]:3.218916177749634
[2026-09-10 14:43:39.337476] [Backward][start]
[2026-09-10 14:43:59.711875] [Backward][time spent]:20.374378442764282
[2026-09-10 14:43:59.712072] [Update][Start]
[2026-09-10 14:44:00.273260] [Update][time spent]:0.5611474514007568
[2026-09-10 14:44:00.273396] [PHISON END] Iteration: 8

[2026-09-10 14:44:00.310832] [PHISON START] Epoch: 0, Iteration: 9
[2026-09-10 14:44:00.311145] [Forward][start]
[2026-09-10 14:44:07.634080] [Forward][time spent]:7.322917461395264
[2026-09-10 14:44:10.535213] [Loss]:3.12567138671875
[2026-09-10 14:44:10.535265] [Backward][start]
[2026-09-10 14:44:34.767583] [Backward][time spent]:24.232296466827393
[2026-09-10 14:44:34.767808] [Update][Start]
[2026-09-10 14:44:35.335742] [Update][time spent]:0.5678989887237549
[2026-09-10 14:44:35.335878] [PHISON END] Iteration: 9

[2026-09-10 14:44:35.374410] [PHISON START] Epoch: 0, Iteration: 10
[2026-09-10 14:44:35.374711] [Forward][start]
[2026-09-10 14:44:42.701837] [Forward][time spent]:7.327108860015869
[2026-09-10 14:44:45.603289] [Loss]:2.9160754680633545
[2026-09-10 14:44:45.603344] [Backward][start]
[2026-09-10 14:45:09.720924] [Backward][time spent]:24.1175594329834
[2026-09-10 14:45:09.721118] [Update][Start]
[2026-09-10 14:45:10.275708] [Update][time spent]:0.5545525550842285
[2026-09-10 14:45:10.275837] [PHISON END] Iteration: 10

[2026-09-10 14:45:10.314698] [PHISON START] Epoch: 0, Iteration: 11
[2026-09-10 14:45:10.315005] [Forward][start]
[2026-09-10 14:45:17.647342] [Forward][time spent]:7.332318305969238
[2026-09-10 14:45:20.548264] [Loss]:2.9365944862365723
[2026-09-10 14:45:20.548342] [Backward][start]
[2026-09-10 14:45:44.781084] [Backward][time spent]:24.23272180557251
[2026-09-10 14:45:44.781310] [Update][Start]
[2026-09-10 14:46:14.817365] [Update][time spent]:30.036015510559082
[2026-09-10 14:46:14.817497] [PHISON END] Iteration: 11

[2026-09-10 14:46:14.817520] [INFO] Training efficiency: 1482.7267818968762 (tokens/s)

[2026-09-10 14:46:14.817621] [INFO] training complete!
Process 18998 exits successfully.
[INFO] remove current swap data path: /mnt/nvme0/phison_18997
