[INFO] [runner.py:579:main] cmd=/usr/bin/python3 -u -m phisonlib.launcher.launch --world_info=eyJsb2NhbGhvc3QiOiBbMF19 --master_addr=127.0.0.1 --master_port=8299 /home/root/aiDAPTIV2/text-generation/train.py --model_name_or_path /app/gemma-3-12b-it --optimizer_path  --max_seq_len 2048 --nvme_path /mnt/nvme0 --beta1 0.9 --beta2 0.95 --eps 1e-08 --weight_decay 0.01 --precision_mode 1 --learning_rate 7e-06 --num_train_epochs 1 --max_iter 12 --lr_scheduler_mode -1 --train_dataset_config_path /workspace/finetune/toolkit/toolkit_v2.3.1_python312/Log/Max_batchsize_gemma-3-12b-it_2026-09-10_095521/qa_dataset_config_0.yaml --per_device_train_batch_size 11 --gradient_accumulation_steps 4 --triton --num_of_iteration_to_save_model 4 --max_num_of_saved_model_on_epoch_end -1 --max_num_of_saved_model_on_iteration 2
nnodes=1, num_local_procs=1, node_rank=0
global_rank_mapping=defaultdict(<class 'list'>, {'localhost': [0]})
dist_world_size=1
Setting CUDA_VISIBLE_DEVICES=0
#### ======== [INITIALIZE Tokenizer] ======== ####
#### ======== [INITIALIZE Dataloader] ======== ####
[INFO] get dataset name:  ../../products/aiDAPTIVLink/toolkit_dataset_10k.json  training_strategy:  QA
#### ======== [INITIALIZE Model] ======== ####
[INFO] [create_hf_model] init from pretrained
[INFO] You are loading [Gemma3ForConditionalGeneration] with FlashAttention2
[INFO] You are setting [Gemma3ForConditionalGeneration] with Gradient Checkpointing
[INFO] create current swap data path: /mnt/nvme0/phison_10207
[INFO] You are accelerating [Gemma3ForConditionalGeneration] VisionEncoder with FusedEmbedding kernel
[INFO] You are accelerating [Gemma3ForConditionalGeneration] VisionEncoder with FusedGateMLP kernel
[INFO] You are accelerating [Gemma3ForConditionalGeneration] VisionEncoder with FusedQKVOLinear kernel
[INFO] You are accelerating [Gemma3ForConditionalGeneration] VisionEncoder with FusedRoPE kernel
[INFO] You are accelerating [Gemma3ForConditionalGeneration] TextDecoder with FusedEmbedding kernel
[INFO] You are accelerating [Gemma3ForConditionalGeneration] TextDecoder with FusedGateMLP kernel
[INFO] You are accelerating [Gemma3ForConditionalGeneration] TextDecoder with FusedQKVOLinear kernel
[INFO] You are accelerating [Gemma3ForConditionalGeneration] TextDecoder with FusedRoPE kernel
[INFO] You are accelerating [Gemma3ForConditionalGeneration] TextDecoder with FusedLinearXentropy kernel
[2026-09-10 11:18:36.773577] [INFO] Enable Early-stopping: False
[INFO] The current training schedule consists of 1 epochs with 12 iterations each.
[INFO] The accumulated time is set to 4 so the training will be updated 3 times during each epoch.
[INFO] If the trained model does not show significant improvement, you may consider increasing the number of update cycles.
[INFO] If the trained model shows signs of overfitting, you should decrease the number of update cycles.
[2026-09-10 11:18:36.773708] [INFO] Beginning of Epoch 1/1, Total Micro Batches 910
[2026-09-10 11:18:36.822087] [PHISON START] Epoch: 0, Iteration: 0
[2026-09-10 11:18:36.823129] [Forward][start]
[2026-09-10 11:18:42.980731] [Forward][time spent]:6.157532691955566
[2026-09-10 11:18:44.064382] [Loss]:13.850346565246582
[2026-09-10 11:18:44.064445] [Backward][start]
[2026-09-10 11:18:55.544503] [Backward][time spent]:11.480024576187134
[2026-09-10 11:18:55.544729] [Update][Start]
[2026-09-10 11:18:56.128303] [Update][time spent]:0.5835349559783936
[2026-09-10 11:18:56.128423] [PHISON END] Iteration: 0

[2026-09-10 11:18:56.144601] [PHISON START] Epoch: 0, Iteration: 1
[2026-09-10 11:18:56.144827] [Forward][start]
[2026-09-10 11:18:59.850775] [Forward][time spent]:3.7059195041656494
[2026-09-10 11:19:00.956301] [Loss]:14.53207015991211
[2026-09-10 11:19:00.956344] [Backward][start]
[2026-09-10 11:19:13.512978] [Backward][time spent]:12.556604385375977
[2026-09-10 11:19:13.513236] [Update][Start]
[2026-09-10 11:19:14.096535] [Update][time spent]:0.5832357406616211
[2026-09-10 11:19:14.096673] [PHISON END] Iteration: 1

[2026-09-10 11:19:14.114219] [PHISON START] Epoch: 0, Iteration: 2
[2026-09-10 11:19:14.114475] [Forward][start]
[2026-09-10 11:19:17.812176] [Forward][time spent]:3.6976613998413086
[2026-09-10 11:19:18.918455] [Loss]:13.8892822265625
[2026-09-10 11:19:18.918500] [Backward][start]
[2026-09-10 11:19:31.351135] [Backward][time spent]:12.4326012134552
[2026-09-10 11:19:31.351426] [Update][Start]
[2026-09-10 11:19:31.931671] [Update][time spent]:0.5802075862884521
[2026-09-10 11:19:31.931798] [PHISON END] Iteration: 2

[2026-09-10 11:19:31.949402] [PHISON START] Epoch: 0, Iteration: 3
[2026-09-10 11:19:31.949641] [Forward][start]
[2026-09-10 11:19:35.651220] [Forward][time spent]:3.7015645503997803
[2026-09-10 11:19:36.757344] [Loss]:15.794994354248047
[2026-09-10 11:19:36.757414] [Backward][start]
[2026-09-10 11:19:49.332195] [Backward][time spent]:12.574746370315552
[2026-09-10 11:19:49.332491] [Update][Start]
using avx512bf16
max_compute_thread = 62
[2026-09-10 11:20:20.022070] [Update][time spent]:30.689537286758423
[2026-09-10 11:20:20.022217] [PHISON END] Iteration: 3

[2026-09-10 11:20:20.022247] [INFO] Training efficiency: 872.7678080343258 (tokens/s)

[2026-09-10 11:20:20.039182] [PHISON START] Epoch: 0, Iteration: 4
[2026-09-10 11:20:20.039457] [Forward][start]
[2026-09-10 11:20:23.747165] [Forward][time spent]:3.707688093185425
[2026-09-10 11:20:24.853365] [Loss]:6.3362531661987305
[2026-09-10 11:20:24.853423] [Backward][start]
[2026-09-10 11:20:34.146551] [Backward][time spent]:9.293107748031616
[2026-09-10 11:20:34.146755] [Update][Start]
[2026-09-10 11:20:34.700726] [Update][time spent]:0.5539340972900391
[2026-09-10 11:20:34.700851] [PHISON END] Iteration: 4

[2026-09-10 11:20:34.717447] [PHISON START] Epoch: 0, Iteration: 5
[2026-09-10 11:20:34.717684] [Forward][start]
[2026-09-10 11:20:38.446933] [Forward][time spent]:3.729233503341675
[2026-09-10 11:20:39.553307] [Loss]:6.028759002685547
[2026-09-10 11:20:39.553366] [Backward][start]
[2026-09-10 11:20:52.088058] [Backward][time spent]:12.534674167633057
[2026-09-10 11:20:52.088290] [Update][Start]
[2026-09-10 11:20:52.646340] [Update][time spent]:0.5580117702484131
[2026-09-10 11:20:52.646465] [PHISON END] Iteration: 5

[2026-09-10 11:20:52.661361] [PHISON START] Epoch: 0, Iteration: 6
[2026-09-10 11:20:52.661636] [Forward][start]
[2026-09-10 11:20:56.383307] [Forward][time spent]:3.7216575145721436
[2026-09-10 11:20:57.490078] [Loss]:5.889177322387695
[2026-09-10 11:20:57.490153] [Backward][start]
[2026-09-10 11:21:09.975461] [Backward][time spent]:12.485288381576538
[2026-09-10 11:21:09.975658] [Update][Start]
[2026-09-10 11:21:10.538280] [Update][time spent]:0.5625841617584229
[2026-09-10 11:21:10.538401] [PHISON END] Iteration: 6

[2026-09-10 11:21:10.553515] [PHISON START] Epoch: 0, Iteration: 7
[2026-09-10 11:21:10.553753] [Forward][start]
[2026-09-10 11:21:14.288890] [Forward][time spent]:3.735121488571167
[2026-09-10 11:21:15.395757] [Loss]:6.5585479736328125
[2026-09-10 11:21:15.395799] [Backward][start]
[2026-09-10 11:21:27.907321] [Backward][time spent]:12.511503458023071
[2026-09-10 11:21:27.907522] [Update][Start]
[2026-09-10 11:21:58.400346] [Update][time spent]:30.49278736114502
[2026-09-10 11:21:58.400480] [PHISON END] Iteration: 7

[2026-09-10 11:21:58.400507] [INFO] Training efficiency: 915.9749182074894 (tokens/s)

[2026-09-10 11:21:58.415223] [PHISON START] Epoch: 0, Iteration: 8
[2026-09-10 11:21:58.415475] [Forward][start]
[2026-09-10 11:22:02.134309] [Forward][time spent]:3.7188172340393066
[2026-09-10 11:22:03.241025] [Loss]:2.6672210693359375
[2026-09-10 11:22:03.241076] [Backward][start]
[2026-09-10 11:22:12.507793] [Backward][time spent]:9.26669692993164
[2026-09-10 11:22:12.508006] [Update][Start]
[2026-09-10 11:22:13.077106] [Update][time spent]:0.5690577030181885
[2026-09-10 11:22:13.077232] [PHISON END] Iteration: 8

[2026-09-10 11:22:13.092227] [PHISON START] Epoch: 0, Iteration: 9
[2026-09-10 11:22:13.092470] [Forward][start]
[2026-09-10 11:22:16.817328] [Forward][time spent]:3.7248427867889404
[2026-09-10 11:22:17.923648] [Loss]:2.6951005458831787
[2026-09-10 11:22:17.923694] [Backward][start]
[2026-09-10 11:22:30.451047] [Backward][time spent]:12.527334690093994
[2026-09-10 11:22:30.451303] [Update][Start]
[2026-09-10 11:22:31.011800] [Update][time spent]:0.5604581832885742
[2026-09-10 11:22:31.011919] [PHISON END] Iteration: 9

[2026-09-10 11:22:31.026392] [PHISON START] Epoch: 0, Iteration: 10
[2026-09-10 11:22:31.026633] [Forward][start]
[2026-09-10 11:22:34.764276] [Forward][time spent]:3.737628698348999
[2026-09-10 11:22:35.871673] [Loss]:2.923513412475586
[2026-09-10 11:22:35.871710] [Backward][start]
[2026-09-10 11:22:48.370339] [Backward][time spent]:12.49860954284668
[2026-09-10 11:22:48.370539] [Update][Start]
[2026-09-10 11:22:48.931440] [Update][time spent]:0.5608673095703125
[2026-09-10 11:22:48.931553] [PHISON END] Iteration: 10

[2026-09-10 11:22:48.946403] [PHISON START] Epoch: 0, Iteration: 11
[2026-09-10 11:22:48.946632] [Forward][start]
[2026-09-10 11:22:52.671376] [Forward][time spent]:3.724729061126709
[2026-09-10 11:22:53.778278] [Loss]:2.7594900131225586
[2026-09-10 11:22:53.778319] [Backward][start]
[2026-09-10 11:23:06.264406] [Backward][time spent]:12.486068725585938
[2026-09-10 11:23:06.264618] [Update][Start]
[2026-09-10 11:23:36.500814] [Update][time spent]:30.236157178878784
[2026-09-10 11:23:36.500948] [PHISON END] Iteration: 11

[2026-09-10 11:23:36.500972] [INFO] Training efficiency: 918.5686485048769 (tokens/s)

[2026-09-10 11:23:36.501073] [INFO] training complete!
Process 10208 exits successfully.
[INFO] remove current swap data path: /mnt/nvme0/phison_10207
