[INFO] [runner.py:579:main] cmd=/usr/bin/python3 -u -m phisonlib.launcher.launch --world_info=eyJsb2NhbGhvc3QiOiBbMF19 --master_addr=127.0.0.1 --master_port=8299 /home/root/aiDAPTIV2/text-generation/train.py --model_name_or_path /app/gemma-3-12b-it --optimizer_path  --max_seq_len 2048 --nvme_path /mnt/nvme0 --beta1 0.9 --beta2 0.95 --eps 1e-08 --weight_decay 0.01 --precision_mode 1 --learning_rate 7e-06 --num_train_epochs 1 --max_iter 12 --lr_scheduler_mode -1 --train_dataset_config_path /workspace/finetune/toolkit/toolkit_v2.3.1_python312/Log/Max_batchsize_gemma-3-12b-it_2026-09-10_095521/qa_dataset_config_0.yaml --per_device_train_batch_size 63 --gradient_accumulation_steps 4 --triton --num_of_iteration_to_save_model 4 --max_num_of_saved_model_on_epoch_end -1 --max_num_of_saved_model_on_iteration 2
nnodes=1, num_local_procs=1, node_rank=0
global_rank_mapping=defaultdict(<class 'list'>, {'localhost': [0]})
dist_world_size=1
Setting CUDA_VISIBLE_DEVICES=0
#### ======== [INITIALIZE Tokenizer] ======== ####
#### ======== [INITIALIZE Dataloader] ======== ####
[INFO] get dataset name:  ../../products/aiDAPTIVLink/toolkit_dataset_10k.json  training_strategy:  QA
#### ======== [INITIALIZE Model] ======== ####
[INFO] [create_hf_model] init from pretrained
[INFO] You are loading [Gemma3ForConditionalGeneration] with FlashAttention2
[INFO] You are setting [Gemma3ForConditionalGeneration] with Gradient Checkpointing
[INFO] create current swap data path: /mnt/nvme0/phison_34330
[INFO] You are accelerating [Gemma3ForConditionalGeneration] VisionEncoder with FusedEmbedding kernel
[INFO] You are accelerating [Gemma3ForConditionalGeneration] VisionEncoder with FusedGateMLP kernel
[INFO] You are accelerating [Gemma3ForConditionalGeneration] VisionEncoder with FusedQKVOLinear kernel
[INFO] You are accelerating [Gemma3ForConditionalGeneration] VisionEncoder with FusedRoPE kernel
[INFO] You are accelerating [Gemma3ForConditionalGeneration] TextDecoder with FusedEmbedding kernel
[INFO] You are accelerating [Gemma3ForConditionalGeneration] TextDecoder with FusedGateMLP kernel
[INFO] You are accelerating [Gemma3ForConditionalGeneration] TextDecoder with FusedQKVOLinear kernel
[INFO] You are accelerating [Gemma3ForConditionalGeneration] TextDecoder with FusedRoPE kernel
[INFO] You are accelerating [Gemma3ForConditionalGeneration] TextDecoder with FusedLinearXentropy kernel
[2026-09-10 23:00:21.872728] [INFO] Enable Early-stopping: False
[INFO] The current training schedule consists of 1 epochs with 12 iterations each.
[INFO] The accumulated time is set to 4 so the training will be updated 3 times during each epoch.
[INFO] If the trained model does not show significant improvement, you may consider increasing the number of update cycles.
[INFO] If the trained model shows signs of overfitting, you should decrease the number of update cycles.
[2026-09-10 23:00:21.872872] [INFO] Beginning of Epoch 1/1, Total Micro Batches 159
[2026-09-10 23:00:21.995488] [PHISON START] Epoch: 0, Iteration: 0
[2026-09-10 23:00:21.996924] [Forward][start]
[2026-09-10 23:00:42.274893] [Forward][time spent]:20.27793025970459
[2026-09-10 23:00:48.124620] [Loss]:14.492363929748535
[2026-09-10 23:00:48.124713] [Backward][start]
[2026-09-10 23:01:31.286774] [Backward][time spent]:43.16202664375305
[2026-09-10 23:01:31.287092] [Update][Start]
[2026-09-10 23:01:31.909756] [Update][time spent]:0.6226260662078857
[2026-09-10 23:01:31.909881] [PHISON END] Iteration: 0

[2026-09-10 23:01:31.991765] [PHISON START] Epoch: 0, Iteration: 1
[2026-09-10 23:01:31.992271] [Forward][start]
[2026-09-10 23:01:46.025953] [Forward][time spent]:14.033665657043457
[2026-09-10 23:01:51.963648] [Loss]:14.76904582977295
[2026-09-10 23:01:51.963773] [Backward][start]
[2026-09-10 23:02:36.194911] [Backward][time spent]:44.23110580444336
[2026-09-10 23:02:36.195179] [Update][Start]
[2026-09-10 23:02:36.789702] [Update][time spent]:0.5944840908050537
[2026-09-10 23:02:36.789829] [PHISON END] Iteration: 1

[2026-09-10 23:02:36.870109] [PHISON START] Epoch: 0, Iteration: 2
[2026-09-10 23:02:36.870596] [Forward][start]
[2026-09-10 23:02:50.914168] [Forward][time spent]:14.043529987335205
[2026-09-10 23:02:56.846251] [Loss]:14.677999496459961
[2026-09-10 23:02:56.846342] [Backward][start]
[2026-09-10 23:03:40.731893] [Backward][time spent]:43.8855299949646
[2026-09-10 23:03:40.732099] [Update][Start]
[2026-09-10 23:03:41.309156] [Update][time spent]:0.577019214630127
[2026-09-10 23:03:41.309294] [PHISON END] Iteration: 2

[2026-09-10 23:03:41.388684] [PHISON START] Epoch: 0, Iteration: 3
[2026-09-10 23:03:41.389191] [Forward][start]
[2026-09-10 23:03:55.430218] [Forward][time spent]:14.041010856628418
[2026-09-10 23:04:01.359703] [Loss]:15.131760597229004
[2026-09-10 23:04:01.359821] [Backward][start]
[2026-09-10 23:04:45.276814] [Backward][time spent]:43.91695499420166
[2026-09-10 23:04:45.277085] [Update][Start]
using avx512bf16
max_compute_thread = 62
[2026-09-10 23:05:15.995863] [Update][time spent]:30.718738794326782
[2026-09-10 23:05:15.996000] [PHISON END] Iteration: 3

[2026-09-10 23:05:15.996027] [INFO] Training efficiency: 1754.69354626771 (tokens/s)

[2026-09-10 23:05:16.076597] [PHISON START] Epoch: 0, Iteration: 4
[2026-09-10 23:05:16.076989] [Forward][start]
[2026-09-10 23:05:30.121177] [Forward][time spent]:14.04416823387146
[2026-09-10 23:05:36.058102] [Loss]:6.012672424316406
[2026-09-10 23:05:36.058195] [Backward][start]
[2026-09-10 23:06:15.799578] [Backward][time spent]:39.741349935531616
[2026-09-10 23:06:15.799836] [Update][Start]
[2026-09-10 23:06:16.390689] [Update][time spent]:0.5908172130584717
[2026-09-10 23:06:16.390816] [PHISON END] Iteration: 4

[2026-09-10 23:06:16.472487] [PHISON START] Epoch: 0, Iteration: 5
[2026-09-10 23:06:16.472861] [Forward][start]
[2026-09-10 23:06:30.522222] [Forward][time spent]:14.049339771270752
[2026-09-10 23:06:36.458663] [Loss]:5.732326507568359
[2026-09-10 23:06:36.458751] [Backward][start]
[2026-09-10 23:07:20.335935] [Backward][time spent]:43.87716221809387
[2026-09-10 23:07:20.336138] [Update][Start]
[2026-09-10 23:07:20.907577] [Update][time spent]:0.5713999271392822
[2026-09-10 23:07:20.907700] [PHISON END] Iteration: 5

[2026-09-10 23:07:20.989595] [PHISON START] Epoch: 0, Iteration: 6
[2026-09-10 23:07:20.990051] [Forward][start]
[2026-09-10 23:07:35.013274] [Forward][time spent]:14.023201942443848
[2026-09-10 23:07:40.947092] [Loss]:6.094925403594971
[2026-09-10 23:07:40.947203] [Backward][start]
[2026-09-10 23:08:24.848518] [Backward][time spent]:43.90127921104431
[2026-09-10 23:08:24.848781] [Update][Start]
[2026-09-10 23:08:25.448308] [Update][time spent]:0.5994887351989746
[2026-09-10 23:08:25.448441] [PHISON END] Iteration: 6

[2026-09-10 23:08:25.530370] [PHISON START] Epoch: 0, Iteration: 7
[2026-09-10 23:08:25.530747] [Forward][start]
[2026-09-10 23:08:39.581084] [Forward][time spent]:14.050316333770752
[2026-09-10 23:08:45.514824] [Loss]:5.969435691833496
[2026-09-10 23:08:45.514909] [Backward][start]
[2026-09-10 23:09:29.450489] [Backward][time spent]:43.93554615974426
[2026-09-10 23:09:29.450749] [Update][Start]
[2026-09-10 23:09:59.941470] [Update][time spent]:30.490684747695923
[2026-09-10 23:09:59.941600] [PHISON END] Iteration: 7

[2026-09-10 23:09:59.941627] [INFO] Training efficiency: 1817.5876871292198 (tokens/s)

[2026-09-10 23:10:00.024024] [PHISON START] Epoch: 0, Iteration: 8
[2026-09-10 23:10:00.024417] [Forward][start]
[2026-09-10 23:10:14.060913] [Forward][time spent]:14.036477088928223
[2026-09-10 23:10:19.992949] [Loss]:2.8575382232666016
[2026-09-10 23:10:19.993060] [Backward][start]
[2026-09-10 23:10:59.681830] [Backward][time spent]:39.688735246658325
[2026-09-10 23:10:59.682086] [Update][Start]
[2026-09-10 23:11:00.278122] [Update][time spent]:0.5960001945495605
[2026-09-10 23:11:00.278252] [PHISON END] Iteration: 8

[2026-09-10 23:11:00.359837] [PHISON START] Epoch: 0, Iteration: 9
[2026-09-10 23:11:00.360202] [Forward][start]
[2026-09-10 23:11:14.396724] [Forward][time spent]:14.03650188446045
[2026-09-10 23:11:20.332288] [Loss]:2.9628524780273438
[2026-09-10 23:11:20.332404] [Backward][start]
[2026-09-10 23:12:04.170612] [Backward][time spent]:43.838173151016235
[2026-09-10 23:12:04.170896] [Update][Start]
[2026-09-10 23:12:04.771641] [Update][time spent]:0.6007111072540283
[2026-09-10 23:12:04.771750] [PHISON END] Iteration: 9

[2026-09-10 23:12:04.852896] [PHISON START] Epoch: 0, Iteration: 10
[2026-09-10 23:12:04.853273] [Forward][start]
[2026-09-10 23:12:18.902127] [Forward][time spent]:14.048834323883057
[2026-09-10 23:12:24.831100] [Loss]:2.9091427326202393
[2026-09-10 23:12:24.831205] [Backward][start]
[2026-09-10 23:13:08.736797] [Backward][time spent]:43.905555963516235
[2026-09-10 23:13:08.737058] [Update][Start]
[2026-09-10 23:13:09.330963] [Update][time spent]:0.5938694477081299
[2026-09-10 23:13:09.331085] [PHISON END] Iteration: 10

[2026-09-10 23:13:09.412222] [PHISON START] Epoch: 0, Iteration: 11
[2026-09-10 23:13:09.412642] [Forward][start]
[2026-09-10 23:13:23.443804] [Forward][time spent]:14.031141996383667
[2026-09-10 23:13:29.372838] [Loss]:3.107980728149414
[2026-09-10 23:13:29.372941] [Backward][start]
[2026-09-10 23:14:13.281447] [Backward][time spent]:43.90847086906433
[2026-09-10 23:14:13.281713] [Update][Start]
[2026-09-10 23:14:43.611801] [Update][time spent]:30.330050468444824
[2026-09-10 23:14:43.611957] [PHISON END] Iteration: 11

[2026-09-10 23:14:43.611986] [INFO] Training efficiency: 1819.3512640309955 (tokens/s)

[2026-09-10 23:14:43.612096] [INFO] training complete!
Process 34331 exits successfully.
