[INFO] [runner.py:579:main] cmd=/usr/bin/python3 -u -m phisonlib.launcher.launch --world_info=eyJsb2NhbGhvc3QiOiBbMF19 --master_addr=127.0.0.1 --master_port=8299 /home/root/aiDAPTIV2/text-generation/train.py --model_name_or_path /app/gemma-3-12b-it --optimizer_path  --max_seq_len 2048 --nvme_path /mnt/nvme0 --beta1 0.9 --beta2 0.95 --eps 1e-08 --weight_decay 0.01 --precision_mode 1 --learning_rate 7e-06 --num_train_epochs 1 --max_iter 12 --lr_scheduler_mode -1 --train_dataset_config_path /workspace/finetune/toolkit/toolkit_v2.3.1_python312/Log/Max_batchsize_gemma-3-12b-it_2026-09-10_095521/qa_dataset_config_0.yaml --per_device_train_batch_size 2 --gradient_accumulation_steps 4 --triton --num_of_iteration_to_save_model 4 --max_num_of_saved_model_on_epoch_end -1 --max_num_of_saved_model_on_iteration 2
nnodes=1, num_local_procs=1, node_rank=0
global_rank_mapping=defaultdict(<class 'list'>, {'localhost': [0]})
dist_world_size=1
Setting CUDA_VISIBLE_DEVICES=0
#### ======== [INITIALIZE Tokenizer] ======== ####
#### ======== [INITIALIZE Dataloader] ======== ####
[INFO] get dataset name:  ../../products/aiDAPTIVLink/toolkit_dataset_10k.json  training_strategy:  QA
#### ======== [INITIALIZE Model] ======== ####
[INFO] [create_hf_model] init from pretrained
[INFO] You are loading [Gemma3ForConditionalGeneration] with FlashAttention2
[INFO] You are setting [Gemma3ForConditionalGeneration] with Gradient Checkpointing
[INFO] create current swap data path: /mnt/nvme0/phison_6122
[INFO] You are accelerating [Gemma3ForConditionalGeneration] VisionEncoder with FusedEmbedding kernel
[INFO] You are accelerating [Gemma3ForConditionalGeneration] VisionEncoder with FusedGateMLP kernel
[INFO] You are accelerating [Gemma3ForConditionalGeneration] VisionEncoder with FusedQKVOLinear kernel
[INFO] You are accelerating [Gemma3ForConditionalGeneration] VisionEncoder with FusedRoPE kernel
[INFO] You are accelerating [Gemma3ForConditionalGeneration] TextDecoder with FusedEmbedding kernel
[INFO] You are accelerating [Gemma3ForConditionalGeneration] TextDecoder with FusedGateMLP kernel
[INFO] You are accelerating [Gemma3ForConditionalGeneration] TextDecoder with FusedQKVOLinear kernel
[INFO] You are accelerating [Gemma3ForConditionalGeneration] TextDecoder with FusedRoPE kernel
[INFO] You are accelerating [Gemma3ForConditionalGeneration] TextDecoder with FusedLinearXentropy kernel
[2026-09-10 10:06:02.178268] [INFO] Enable Early-stopping: False
[INFO] The current training schedule consists of 1 epochs with 12 iterations each.
[INFO] The accumulated time is set to 4 so the training will be updated 3 times during each epoch.
[INFO] If the trained model does not show significant improvement, you may consider increasing the number of update cycles.
[INFO] If the trained model shows signs of overfitting, you should decrease the number of update cycles.
[2026-09-10 10:06:02.178420] [INFO] Beginning of Epoch 1/1, Total Micro Batches 5000
[2026-09-10 10:06:02.211172] [PHISON START] Epoch: 0, Iteration: 0
[2026-09-10 10:06:02.211894] [Forward][start]
[2026-09-10 10:06:06.758527] [Forward][time spent]:4.546607255935669
[2026-09-10 10:06:07.240467] [Loss]:15.85305404663086
[2026-09-10 10:06:07.240503] [Backward][start]
[2026-09-10 10:06:14.221039] [Backward][time spent]:6.9805028438568115
[2026-09-10 10:06:14.221356] [Update][Start]
[2026-09-10 10:06:14.801802] [Update][time spent]:0.5804071426391602
[2026-09-10 10:06:14.801918] [PHISON END] Iteration: 0

[2026-09-10 10:06:14.807960] [PHISON START] Epoch: 0, Iteration: 1
[2026-09-10 10:06:14.808142] [Forward][start]
[2026-09-10 10:06:16.836708] [Forward][time spent]:2.028550148010254
[2026-09-10 10:06:17.326187] [Loss]:13.136331558227539
[2026-09-10 10:06:17.326215] [Backward][start]
[2026-09-10 10:06:25.984914] [Backward][time spent]:8.658671617507935
[2026-09-10 10:06:25.985165] [Update][Start]
[2026-09-10 10:06:26.534192] [Update][time spent]:0.5489869117736816
[2026-09-10 10:06:26.534315] [PHISON END] Iteration: 1

[2026-09-10 10:06:26.538493] [PHISON START] Epoch: 0, Iteration: 2
[2026-09-10 10:06:26.538670] [Forward][start]
[2026-09-10 10:06:28.563089] [Forward][time spent]:2.0243828296661377
[2026-09-10 10:06:29.051772] [Loss]:12.833879470825195
[2026-09-10 10:06:29.051805] [Backward][start]
[2026-09-10 10:06:37.680221] [Backward][time spent]:8.628397703170776
[2026-09-10 10:06:37.680459] [Update][Start]
[2026-09-10 10:06:38.246525] [Update][time spent]:0.5660278797149658
[2026-09-10 10:06:38.246642] [PHISON END] Iteration: 2

[2026-09-10 10:06:38.251912] [PHISON START] Epoch: 0, Iteration: 3
[2026-09-10 10:06:38.252102] [Forward][start]
[2026-09-10 10:06:40.275920] [Forward][time spent]:2.0238037109375
[2026-09-10 10:06:40.765309] [Loss]:12.952129364013672
[2026-09-10 10:06:40.765339] [Backward][start]
[2026-09-10 10:06:49.460249] [Backward][time spent]:8.694891929626465
[2026-09-10 10:06:49.460499] [Update][Start]
using avx512bf16
max_compute_thread = 62
[2026-09-10 10:07:20.723494] [Update][time spent]:31.262956619262695
[2026-09-10 10:07:20.723639] [PHISON END] Iteration: 3

[2026-09-10 10:07:20.723664] [INFO] Training efficiency: 208.59315496107052 (tokens/s)

[2026-09-10 10:07:20.728731] [PHISON START] Epoch: 0, Iteration: 4
[2026-09-10 10:07:20.728930] [Forward][start]
[2026-09-10 10:07:22.740036] [Forward][time spent]:2.0110909938812256
[2026-09-10 10:07:23.229232] [Loss]:8.554449081420898
[2026-09-10 10:07:23.229276] [Backward][start]
[2026-09-10 10:07:28.237550] [Backward][time spent]:5.0082550048828125
[2026-09-10 10:07:28.237780] [Update][Start]
[2026-09-10 10:07:28.783143] [Update][time spent]:0.545325517654419
[2026-09-10 10:07:28.783273] [PHISON END] Iteration: 4

[2026-09-10 10:07:28.787553] [PHISON START] Epoch: 0, Iteration: 5
[2026-09-10 10:07:28.787730] [Forward][start]
[2026-09-10 10:07:30.818882] [Forward][time spent]:2.031137466430664
[2026-09-10 10:07:31.308105] [Loss]:7.257199287414551
[2026-09-10 10:07:31.308158] [Backward][start]
[2026-09-10 10:07:39.984905] [Backward][time spent]:8.6767258644104
[2026-09-10 10:07:39.985116] [Update][Start]
[2026-09-10 10:07:40.544743] [Update][time spent]:0.5595908164978027
[2026-09-10 10:07:40.544863] [PHISON END] Iteration: 5

[2026-09-10 10:07:40.548902] [PHISON START] Epoch: 0, Iteration: 6
[2026-09-10 10:07:40.549082] [Forward][start]
[2026-09-10 10:07:42.582672] [Forward][time spent]:2.0335755348205566
[2026-09-10 10:07:43.072070] [Loss]:8.197315216064453
[2026-09-10 10:07:43.072101] [Backward][start]
[2026-09-10 10:07:51.682045] [Backward][time spent]:8.609926223754883
[2026-09-10 10:07:51.682250] [Update][Start]
[2026-09-10 10:07:52.239851] [Update][time spent]:0.5575358867645264
[2026-09-10 10:07:52.239967] [PHISON END] Iteration: 6

[2026-09-10 10:07:52.244097] [PHISON START] Epoch: 0, Iteration: 7
[2026-09-10 10:07:52.244286] [Forward][start]
[2026-09-10 10:07:54.271578] [Forward][time spent]:2.0272743701934814
[2026-09-10 10:07:54.760937] [Loss]:8.230619430541992
[2026-09-10 10:07:54.760978] [Backward][start]
[2026-09-10 10:08:03.446204] [Backward][time spent]:8.685206890106201
[2026-09-10 10:08:03.446414] [Update][Start]
[2026-09-10 10:08:33.718200] [Update][time spent]:30.27174949645996
[2026-09-10 10:08:33.718350] [PHISON END] Iteration: 7

[2026-09-10 10:08:33.718377] [INFO] Training efficiency: 224.4546567242339 (tokens/s)

[2026-09-10 10:08:33.722462] [PHISON START] Epoch: 0, Iteration: 8
[2026-09-10 10:08:33.722652] [Forward][start]
[2026-09-10 10:08:35.730992] [Forward][time spent]:2.0083258152008057
[2026-09-10 10:08:36.220378] [Loss]:3.621518850326538
[2026-09-10 10:08:36.220421] [Backward][start]
[2026-09-10 10:08:41.219118] [Backward][time spent]:4.998678207397461
[2026-09-10 10:08:41.219337] [Update][Start]
[2026-09-10 10:08:41.762819] [Update][time spent]:0.5434417724609375
[2026-09-10 10:08:41.762937] [PHISON END] Iteration: 8

[2026-09-10 10:08:41.767137] [PHISON START] Epoch: 0, Iteration: 9
[2026-09-10 10:08:41.767319] [Forward][start]
[2026-09-10 10:08:43.787298] [Forward][time spent]:2.0199623107910156
[2026-09-10 10:08:44.276603] [Loss]:2.894918203353882
[2026-09-10 10:08:44.276631] [Backward][start]
[2026-09-10 10:08:52.997829] [Backward][time spent]:8.721178531646729
[2026-09-10 10:08:52.998057] [Update][Start]
[2026-09-10 10:08:53.556960] [Update][time spent]:0.5588681697845459
[2026-09-10 10:08:53.557082] [PHISON END] Iteration: 9

[2026-09-10 10:08:53.561214] [PHISON START] Epoch: 0, Iteration: 10
[2026-09-10 10:08:53.561408] [Forward][start]
[2026-09-10 10:08:55.587653] [Forward][time spent]:2.0262303352355957
[2026-09-10 10:08:56.076905] [Loss]:2.8475990295410156
[2026-09-10 10:08:56.076945] [Backward][start]
[2026-09-10 10:09:04.724556] [Backward][time spent]:8.647589683532715
[2026-09-10 10:09:04.724757] [Update][Start]
[2026-09-10 10:09:05.296346] [Update][time spent]:0.5715548992156982
[2026-09-10 10:09:05.296467] [PHISON END] Iteration: 10

[2026-09-10 10:09:05.300554] [PHISON START] Epoch: 0, Iteration: 11
[2026-09-10 10:09:05.300735] [Forward][start]
[2026-09-10 10:09:07.319584] [Forward][time spent]:2.018833875656128
[2026-09-10 10:09:07.808903] [Loss]:3.083298921585083
[2026-09-10 10:09:07.808921] [Backward][start]
[2026-09-10 10:09:16.447368] [Backward][time spent]:8.638428688049316
[2026-09-10 10:09:16.447565] [Update][Start]
[2026-09-10 10:09:46.813606] [Update][time spent]:30.36600422859192
[2026-09-10 10:09:46.813759] [PHISON END] Iteration: 11

[2026-09-10 10:09:46.813785] [INFO] Training efficiency: 224.14545350217037 (tokens/s)

[2026-09-10 10:09:46.813881] [INFO] training complete!
Process 6123 exits successfully.
[INFO] remove current swap data path: /mnt/nvme0/phison_6122
