[INFO] [runner.py:579:main] cmd=/usr/bin/python3 -u -m phisonlib.launcher.launch --world_info=eyJsb2NhbGhvc3QiOiBbMF19 --master_addr=127.0.0.1 --master_port=8299 /home/root/aiDAPTIV2/text-generation/train.py --model_name_or_path /app/gemma-3-12b-it --optimizer_path  --max_seq_len 2048 --nvme_path /mnt/nvme0 --beta1 0.9 --beta2 0.95 --eps 1e-08 --weight_decay 0.01 --precision_mode 1 --learning_rate 7e-06 --num_train_epochs 1 --max_iter 12 --lr_scheduler_mode -1 --train_dataset_config_path /workspace/finetune/toolkit/toolkit_v2.3.1_python312/Log/Max_batchsize_gemma-3-12b-it_2026-09-10_095521/qa_dataset_config_0.yaml --per_device_train_batch_size 45 --gradient_accumulation_steps 4 --triton --num_of_iteration_to_save_model 4 --max_num_of_saved_model_on_epoch_end -1 --max_num_of_saved_model_on_iteration 2
nnodes=1, num_local_procs=1, node_rank=0
global_rank_mapping=defaultdict(<class 'list'>, {'localhost': [0]})
dist_world_size=1
Setting CUDA_VISIBLE_DEVICES=0
#### ======== [INITIALIZE Tokenizer] ======== ####
#### ======== [INITIALIZE Dataloader] ======== ####
[INFO] get dataset name:  ../../products/aiDAPTIVLink/toolkit_dataset_10k.json  training_strategy:  QA
#### ======== [INITIALIZE Model] ======== ####
[INFO] [create_hf_model] init from pretrained
[INFO] You are loading [Gemma3ForConditionalGeneration] with FlashAttention2
[INFO] You are setting [Gemma3ForConditionalGeneration] with Gradient Checkpointing
[INFO] create current swap data path: /mnt/nvme0/phison_25958
[INFO] You are accelerating [Gemma3ForConditionalGeneration] VisionEncoder with FusedEmbedding kernel
[INFO] You are accelerating [Gemma3ForConditionalGeneration] VisionEncoder with FusedGateMLP kernel
[INFO] You are accelerating [Gemma3ForConditionalGeneration] VisionEncoder with FusedQKVOLinear kernel
[INFO] You are accelerating [Gemma3ForConditionalGeneration] VisionEncoder with FusedRoPE kernel
[INFO] You are accelerating [Gemma3ForConditionalGeneration] TextDecoder with FusedEmbedding kernel
[INFO] You are accelerating [Gemma3ForConditionalGeneration] TextDecoder with FusedGateMLP kernel
[INFO] You are accelerating [Gemma3ForConditionalGeneration] TextDecoder with FusedQKVOLinear kernel
[INFO] You are accelerating [Gemma3ForConditionalGeneration] TextDecoder with FusedRoPE kernel
[INFO] You are accelerating [Gemma3ForConditionalGeneration] TextDecoder with FusedLinearXentropy kernel
[2026-09-10 18:02:03.879464] [INFO] Enable Early-stopping: False
[INFO] The current training schedule consists of 1 epochs with 12 iterations each.
[INFO] The accumulated time is set to 4 so the training will be updated 3 times during each epoch.
[INFO] If the trained model does not show significant improvement, you may consider increasing the number of update cycles.
[INFO] If the trained model shows signs of overfitting, you should decrease the number of update cycles.
[2026-09-10 18:02:03.879626] [INFO] Beginning of Epoch 1/1, Total Micro Batches 223
[2026-09-10 18:02:03.982548] [PHISON START] Epoch: 0, Iteration: 0
[2026-09-10 18:02:03.984124] [Forward][start]
[2026-09-10 18:02:19.072675] [Forward][time spent]:15.088515043258667
[2026-09-10 18:02:23.226483] [Loss]:14.422470092773438
[2026-09-10 18:02:23.226557] [Backward][start]
[2026-09-10 18:02:54.878080] [Backward][time spent]:31.651490211486816
[2026-09-10 18:02:54.878442] [Update][Start]
[2026-09-10 18:02:55.490861] [Update][time spent]:0.6123795509338379
[2026-09-10 18:02:55.490971] [PHISON END] Iteration: 0

[2026-09-10 18:02:55.551108] [PHISON START] Epoch: 0, Iteration: 1
[2026-09-10 18:02:55.551500] [Forward][start]
[2026-09-10 18:03:05.941889] [Forward][time spent]:10.390371561050415
[2026-09-10 18:03:10.181042] [Loss]:14.651420593261719
[2026-09-10 18:03:10.181153] [Backward][start]
[2026-09-10 18:03:43.430243] [Backward][time spent]:33.24906659126282
[2026-09-10 18:03:43.430491] [Update][Start]
[2026-09-10 18:03:44.001772] [Update][time spent]:0.5712416172027588
[2026-09-10 18:03:44.001913] [PHISON END] Iteration: 1

[2026-09-10 18:03:44.059496] [PHISON START] Epoch: 0, Iteration: 2
[2026-09-10 18:03:44.059873] [Forward][start]
[2026-09-10 18:03:54.463113] [Forward][time spent]:10.403203248977661
[2026-09-10 18:03:58.701919] [Loss]:14.704521179199219
[2026-09-10 18:03:58.702031] [Backward][start]
[2026-09-10 18:04:31.944394] [Backward][time spent]:33.24233675003052
[2026-09-10 18:04:31.944601] [Update][Start]
[2026-09-10 18:04:32.518814] [Update][time spent]:0.5741746425628662
[2026-09-10 18:04:32.518944] [PHISON END] Iteration: 2

[2026-09-10 18:04:32.576911] [PHISON START] Epoch: 0, Iteration: 3
[2026-09-10 18:04:32.577298] [Forward][start]
[2026-09-10 18:04:42.966867] [Forward][time spent]:10.389553785324097
[2026-09-10 18:04:47.206345] [Loss]:14.79159164428711
[2026-09-10 18:04:47.206416] [Backward][start]
[2026-09-10 18:05:20.466789] [Backward][time spent]:33.260319232940674
[2026-09-10 18:05:20.467088] [Update][Start]
using avx512bf16
max_compute_thread = 62
[2026-09-10 18:05:51.566023] [Update][time spent]:31.09889316558838
[2026-09-10 18:05:51.566162] [PHISON END] Iteration: 3

[2026-09-10 18:05:51.566187] [INFO] Training efficiency: 1619.0679015431301 (tokens/s)

[2026-09-10 18:05:51.624863] [PHISON START] Epoch: 0, Iteration: 4
[2026-09-10 18:05:51.625218] [Forward][start]
[2026-09-10 18:06:02.009656] [Forward][time spent]:10.384420394897461
[2026-09-10 18:06:06.250117] [Loss]:5.9920477867126465
[2026-09-10 18:06:06.250250] [Backward][start]
[2026-09-10 18:06:35.472529] [Backward][time spent]:29.222223043441772
[2026-09-10 18:06:35.472839] [Update][Start]
[2026-09-10 18:06:36.079529] [Update][time spent]:0.6066510677337646
[2026-09-10 18:06:36.079656] [PHISON END] Iteration: 4

[2026-09-10 18:06:36.139181] [PHISON START] Epoch: 0, Iteration: 5
[2026-09-10 18:06:36.139531] [Forward][start]
[2026-09-10 18:06:46.525458] [Forward][time spent]:10.385899782180786
[2026-09-10 18:06:50.763824] [Loss]:6.265670299530029
[2026-09-10 18:06:50.763930] [Backward][start]
[2026-09-10 18:07:24.090499] [Backward][time spent]:33.326512813568115
[2026-09-10 18:07:24.090789] [Update][Start]
[2026-09-10 18:07:24.694373] [Update][time spent]:0.6035459041595459
[2026-09-10 18:07:24.694494] [PHISON END] Iteration: 5

[2026-09-10 18:07:24.754547] [PHISON START] Epoch: 0, Iteration: 6
[2026-09-10 18:07:24.754879] [Forward][start]
[2026-09-10 18:07:35.148374] [Forward][time spent]:10.393474817276001
[2026-09-10 18:07:39.387249] [Loss]:6.144951343536377
[2026-09-10 18:07:39.387330] [Backward][start]
[2026-09-10 18:08:12.742628] [Backward][time spent]:33.35525965690613
[2026-09-10 18:08:12.742896] [Update][Start]
[2026-09-10 18:08:13.329584] [Update][time spent]:0.5866520404815674
[2026-09-10 18:08:13.329723] [PHISON END] Iteration: 6

[2026-09-10 18:08:13.388776] [PHISON START] Epoch: 0, Iteration: 7
[2026-09-10 18:08:13.389123] [Forward][start]
[2026-09-10 18:08:23.775545] [Forward][time spent]:10.38639760017395
[2026-09-10 18:08:28.015273] [Loss]:5.912851333618164
[2026-09-10 18:08:28.015346] [Backward][start]
[2026-09-10 18:09:01.284390] [Backward][time spent]:33.269004583358765
[2026-09-10 18:09:01.284648] [Update][Start]
[2026-09-10 18:09:32.191721] [Update][time spent]:30.907034397125244
[2026-09-10 18:09:32.191860] [PHISON END] Iteration: 7

[2026-09-10 18:09:32.191884] [INFO] Training efficiency: 1670.8843452479018 (tokens/s)

[2026-09-10 18:09:32.249444] [PHISON START] Epoch: 0, Iteration: 8
[2026-09-10 18:09:32.249772] [Forward][start]
[2026-09-10 18:09:42.633273] [Forward][time spent]:10.383465051651001
[2026-09-10 18:09:46.873879] [Loss]:2.9597246646881104
[2026-09-10 18:09:46.873974] [Backward][start]
[2026-09-10 18:10:16.045675] [Backward][time spent]:29.17166566848755
[2026-09-10 18:10:16.045939] [Update][Start]
[2026-09-10 18:10:16.632569] [Update][time spent]:0.5865912437438965
[2026-09-10 18:10:16.632699] [PHISON END] Iteration: 8

[2026-09-10 18:10:16.691312] [PHISON START] Epoch: 0, Iteration: 9
[2026-09-10 18:10:16.691653] [Forward][start]
[2026-09-10 18:10:27.095960] [Forward][time spent]:10.404256343841553
[2026-09-10 18:10:31.335517] [Loss]:2.882110834121704
[2026-09-10 18:10:31.335613] [Backward][start]
[2026-09-10 18:11:04.610786] [Backward][time spent]:33.27512192726135
[2026-09-10 18:11:04.611107] [Update][Start]
[2026-09-10 18:11:05.208616] [Update][time spent]:0.5974721908569336
[2026-09-10 18:11:05.208749] [PHISON END] Iteration: 9

[2026-09-10 18:11:05.268316] [PHISON START] Epoch: 0, Iteration: 10
[2026-09-10 18:11:05.268636] [Forward][start]
[2026-09-10 18:11:15.652416] [Forward][time spent]:10.383760690689087
[2026-09-10 18:11:19.892151] [Loss]:2.9131903648376465
[2026-09-10 18:11:19.892279] [Backward][start]
[2026-09-10 18:11:53.243142] [Backward][time spent]:33.35080575942993
[2026-09-10 18:11:53.243461] [Update][Start]
[2026-09-10 18:11:53.838332] [Update][time spent]:0.5948326587677002
[2026-09-10 18:11:53.838464] [PHISON END] Iteration: 10

[2026-09-10 18:11:53.899541] [PHISON START] Epoch: 0, Iteration: 11
[2026-09-10 18:11:53.899885] [Forward][start]
[2026-09-10 18:12:04.296073] [Forward][time spent]:10.396162986755371
[2026-09-10 18:12:08.535326] [Loss]:2.8796658515930176
[2026-09-10 18:12:08.535427] [Backward][start]
[2026-09-10 18:12:41.854281] [Backward][time spent]:33.318772077560425
[2026-09-10 18:12:41.854573] [Update][Start]
[2026-09-10 18:13:12.237213] [Update][time spent]:30.382601737976074
[2026-09-10 18:13:12.237362] [PHISON END] Iteration: 11

[2026-09-10 18:13:12.237388] [INFO] Training efficiency: 1675.289971867136 (tokens/s)

[2026-09-10 18:13:12.237501] [INFO] training complete!
Process 25959 exits successfully.
[INFO] remove current swap data path: /mnt/nvme0/phison_25958
