[INFO] [runner.py:579:main] cmd=/usr/bin/python3 -u -m phisonlib.launcher.launch --world_info=eyJsb2NhbGhvc3QiOiBbMF19 --master_addr=127.0.0.1 --master_port=8299 /home/root/aiDAPTIV2/text-generation/train.py --model_name_or_path /app/gemma-3-12b-it --optimizer_path  --max_seq_len 2048 --nvme_path /mnt/nvme0 --beta1 0.9 --beta2 0.95 --eps 1e-08 --weight_decay 0.01 --precision_mode 1 --learning_rate 7e-06 --num_train_epochs 1 --max_iter 12 --lr_scheduler_mode -1 --train_dataset_config_path /workspace/finetune/toolkit/toolkit_v2.3.1_python312/Log/Max_batchsize_gemma-3-12b-it_2026-09-10_095521/qa_dataset_config_0.yaml --per_device_train_batch_size 17 --gradient_accumulation_steps 4 --triton --num_of_iteration_to_save_model 4 --max_num_of_saved_model_on_epoch_end -1 --max_num_of_saved_model_on_iteration 2
nnodes=1, num_local_procs=1, node_rank=0
global_rank_mapping=defaultdict(<class 'list'>, {'localhost': [0]})
dist_world_size=1
Setting CUDA_VISIBLE_DEVICES=0
#### ======== [INITIALIZE Tokenizer] ======== ####
#### ======== [INITIALIZE Dataloader] ======== ####
[INFO] get dataset name:  ../../products/aiDAPTIVLink/toolkit_dataset_10k.json  training_strategy:  QA
#### ======== [INITIALIZE Model] ======== ####
[INFO] [create_hf_model] init from pretrained
[INFO] You are loading [Gemma3ForConditionalGeneration] with FlashAttention2
[INFO] You are setting [Gemma3ForConditionalGeneration] with Gradient Checkpointing
[INFO] create current swap data path: /mnt/nvme0/phison_12977
[INFO] You are accelerating [Gemma3ForConditionalGeneration] VisionEncoder with FusedEmbedding kernel
[INFO] You are accelerating [Gemma3ForConditionalGeneration] VisionEncoder with FusedGateMLP kernel
[INFO] You are accelerating [Gemma3ForConditionalGeneration] VisionEncoder with FusedQKVOLinear kernel
[INFO] You are accelerating [Gemma3ForConditionalGeneration] VisionEncoder with FusedRoPE kernel
[INFO] You are accelerating [Gemma3ForConditionalGeneration] TextDecoder with FusedEmbedding kernel
[INFO] You are accelerating [Gemma3ForConditionalGeneration] TextDecoder with FusedGateMLP kernel
[INFO] You are accelerating [Gemma3ForConditionalGeneration] TextDecoder with FusedQKVOLinear kernel
[INFO] You are accelerating [Gemma3ForConditionalGeneration] TextDecoder with FusedRoPE kernel
[INFO] You are accelerating [Gemma3ForConditionalGeneration] TextDecoder with FusedLinearXentropy kernel
[2026-09-10 12:14:58.643681] [INFO] Enable Early-stopping: False
[INFO] The current training schedule consists of 1 epochs with 12 iterations each.
[INFO] The accumulated time is set to 4 so the training will be updated 3 times during each epoch.
[INFO] If the trained model does not show significant improvement, you may consider increasing the number of update cycles.
[INFO] If the trained model shows signs of overfitting, you should decrease the number of update cycles.
[2026-09-10 12:14:58.643811] [INFO] Beginning of Epoch 1/1, Total Micro Batches 589
[2026-09-10 12:14:58.702064] [PHISON START] Epoch: 0, Iteration: 0
[2026-09-10 12:14:58.703134] [Forward][start]
[2026-09-10 12:15:06.284470] [Forward][time spent]:7.581256628036499
[2026-09-10 12:15:07.974014] [Loss]:13.936199188232422
[2026-09-10 12:15:07.974109] [Backward][start]
[2026-09-10 12:15:22.827620] [Backward][time spent]:14.853477478027344
[2026-09-10 12:15:22.827860] [Update][Start]
[2026-09-10 12:15:23.430805] [Update][time spent]:0.6029067039489746
[2026-09-10 12:15:23.430921] [PHISON END] Iteration: 0

[2026-09-10 12:15:23.457711] [PHISON START] Epoch: 0, Iteration: 1
[2026-09-10 12:15:23.458027] [Forward][start]
[2026-09-10 12:15:28.321520] [Forward][time spent]:4.863476037979126
[2026-09-10 12:15:30.029906] [Loss]:14.131509780883789
[2026-09-10 12:15:30.029941] [Backward][start]
[2026-09-10 12:15:46.195434] [Backward][time spent]:16.165443420410156
[2026-09-10 12:15:46.195716] [Update][Start]
[2026-09-10 12:15:46.787032] [Update][time spent]:0.5912744998931885
[2026-09-10 12:15:46.787156] [PHISON END] Iteration: 1

[2026-09-10 12:15:46.810500] [PHISON START] Epoch: 0, Iteration: 2
[2026-09-10 12:15:46.810802] [Forward][start]
[2026-09-10 12:15:51.658774] [Forward][time spent]:4.847914457321167
[2026-09-10 12:15:53.366933] [Loss]:15.546762466430664
[2026-09-10 12:15:53.366972] [Backward][start]
[2026-09-10 12:16:09.340758] [Backward][time spent]:15.973730087280273
[2026-09-10 12:16:09.341053] [Update][Start]
[2026-09-10 12:16:09.940976] [Update][time spent]:0.5998854637145996
[2026-09-10 12:16:09.941099] [PHISON END] Iteration: 2

[2026-09-10 12:16:09.966682] [PHISON START] Epoch: 0, Iteration: 3
[2026-09-10 12:16:09.966953] [Forward][start]
[2026-09-10 12:16:14.827702] [Forward][time spent]:4.860728740692139
[2026-09-10 12:16:16.536248] [Loss]:14.567596435546875
[2026-09-10 12:16:16.536319] [Backward][start]
[2026-09-10 12:16:32.838591] [Backward][time spent]:16.302248001098633
[2026-09-10 12:16:32.838777] [Update][Start]
using avx512bf16
max_compute_thread = 62
[2026-09-10 12:17:04.068192] [Update][time spent]:31.229377269744873
[2026-09-10 12:17:04.068339] [PHISON END] Iteration: 3

[2026-09-10 12:17:04.068364] [INFO] Training efficiency: 1110.3408231022695 (tokens/s)

[2026-09-10 12:17:04.094839] [PHISON START] Epoch: 0, Iteration: 4
[2026-09-10 12:17:04.095132] [Forward][start]
[2026-09-10 12:17:08.939252] [Forward][time spent]:4.8441002368927
[2026-09-10 12:17:10.648199] [Loss]:5.958051681518555
[2026-09-10 12:17:10.648261] [Backward][start]
[2026-09-10 12:17:23.481510] [Backward][time spent]:12.833227634429932
[2026-09-10 12:17:23.481752] [Update][Start]
[2026-09-10 12:17:24.033966] [Update][time spent]:0.552175760269165
[2026-09-10 12:17:24.034091] [PHISON END] Iteration: 4

[2026-09-10 12:17:24.057681] [PHISON START] Epoch: 0, Iteration: 5
[2026-09-10 12:17:24.057950] [Forward][start]
[2026-09-10 12:17:28.877909] [Forward][time spent]:4.819941520690918
[2026-09-10 12:17:30.586768] [Loss]:6.361614227294922
[2026-09-10 12:17:30.586825] [Backward][start]
[2026-09-10 12:17:46.794676] [Backward][time spent]:16.207831621170044
[2026-09-10 12:17:46.794884] [Update][Start]
[2026-09-10 12:17:47.363095] [Update][time spent]:0.5681734085083008
[2026-09-10 12:17:47.363232] [PHISON END] Iteration: 5

[2026-09-10 12:17:47.386725] [PHISON START] Epoch: 0, Iteration: 6
[2026-09-10 12:17:47.386995] [Forward][start]
[2026-09-10 12:17:52.230403] [Forward][time spent]:4.843389987945557
[2026-09-10 12:17:53.940066] [Loss]:5.611443042755127
[2026-09-10 12:17:53.940126] [Backward][start]
[2026-09-10 12:18:10.012668] [Backward][time spent]:16.07252287864685
[2026-09-10 12:18:10.012858] [Update][Start]
[2026-09-10 12:18:10.575690] [Update][time spent]:0.5627954006195068
[2026-09-10 12:18:10.575811] [PHISON END] Iteration: 6

[2026-09-10 12:18:10.599105] [PHISON START] Epoch: 0, Iteration: 7
[2026-09-10 12:18:10.599381] [Forward][start]
[2026-09-10 12:18:15.444518] [Forward][time spent]:4.845120429992676
[2026-09-10 12:18:17.153181] [Loss]:6.282210350036621
[2026-09-10 12:18:17.153226] [Backward][start]
[2026-09-10 12:18:33.337587] [Backward][time spent]:16.1843421459198
[2026-09-10 12:18:33.337780] [Update][Start]
[2026-09-10 12:19:03.895968] [Update][time spent]:30.558151245117188
[2026-09-10 12:19:03.896117] [PHISON END] Iteration: 7

[2026-09-10 12:19:03.896143] [INFO] Training efficiency: 1162.201449978918 (tokens/s)

[2026-09-10 12:19:03.919198] [PHISON START] Epoch: 0, Iteration: 8
[2026-09-10 12:19:03.919483] [Forward][start]
[2026-09-10 12:19:08.754447] [Forward][time spent]:4.8349456787109375
[2026-09-10 12:19:10.462965] [Loss]:3.1394128799438477
[2026-09-10 12:19:10.463012] [Backward][start]
[2026-09-10 12:19:23.216157] [Backward][time spent]:12.753125190734863
[2026-09-10 12:19:23.216385] [Update][Start]
[2026-09-10 12:19:23.783872] [Update][time spent]:0.5674481391906738
[2026-09-10 12:19:23.783951] [PHISON END] Iteration: 8

[2026-09-10 12:19:23.807394] [PHISON START] Epoch: 0, Iteration: 9
[2026-09-10 12:19:23.807657] [Forward][start]
[2026-09-10 12:19:28.675369] [Forward][time spent]:4.867694854736328
[2026-09-10 12:19:30.384432] [Loss]:2.7791671752929688
[2026-09-10 12:19:30.384491] [Backward][start]
[2026-09-10 12:19:46.518686] [Backward][time spent]:16.134177684783936
[2026-09-10 12:19:46.518908] [Update][Start]
[2026-09-10 12:19:47.086533] [Update][time spent]:0.5675890445709229
[2026-09-10 12:19:47.086662] [PHISON END] Iteration: 9

[2026-09-10 12:19:47.110099] [PHISON START] Epoch: 0, Iteration: 10
[2026-09-10 12:19:47.110641] [Forward][start]
[2026-09-10 12:19:51.948633] [Forward][time spent]:4.837947607040405
[2026-09-10 12:19:53.657418] [Loss]:2.759536027908325
[2026-09-10 12:19:53.657457] [Backward][start]
[2026-09-10 12:20:09.878124] [Backward][time spent]:16.220649242401123
[2026-09-10 12:20:09.878354] [Update][Start]
[2026-09-10 12:20:10.447661] [Update][time spent]:0.5692706108093262
[2026-09-10 12:20:10.447792] [PHISON END] Iteration: 10

[2026-09-10 12:20:10.470856] [PHISON START] Epoch: 0, Iteration: 11
[2026-09-10 12:20:10.471126] [Forward][start]
[2026-09-10 12:20:15.292521] [Forward][time spent]:4.821378469467163
[2026-09-10 12:20:17.001755] [Loss]:2.812497854232788
[2026-09-10 12:20:17.001794] [Backward][start]
[2026-09-10 12:20:33.195929] [Backward][time spent]:16.194117307662964
[2026-09-10 12:20:33.196127] [Update][Start]
[2026-09-10 12:21:03.532133] [Update][time spent]:30.33596968650818
[2026-09-10 12:21:03.532285] [PHISON END] Iteration: 11

[2026-09-10 12:21:03.532309] [INFO] Training efficiency: 1164.0628515344824 (tokens/s)

[2026-09-10 12:21:03.532419] [INFO] training complete!
Process 12978 exits successfully.
[INFO] remove current swap data path: /mnt/nvme0/phison_12977
