[INFO] [runner.py:579:main] cmd=/usr/bin/python3 -u -m phisonlib.launcher.launch --world_info=eyJsb2NhbGhvc3QiOiBbMF19 --master_addr=127.0.0.1 --master_port=8299 /home/root/aiDAPTIV2/text-generation/train.py --model_name_or_path /app/gemma-3-12b-it --optimizer_path  --max_seq_len 2048 --nvme_path /mnt/nvme0 --beta1 0.9 --beta2 0.95 --eps 1e-08 --weight_decay 0.01 --precision_mode 1 --learning_rate 7e-06 --num_train_epochs 1 --max_iter 12 --lr_scheduler_mode -1 --train_dataset_config_path /workspace/finetune/toolkit/toolkit_v2.3.1_python312/Log/Max_batchsize_gemma-3-12b-it_2026-09-10_095521/qa_dataset_config_0.yaml --per_device_train_batch_size 77 --gradient_accumulation_steps 4 --triton --num_of_iteration_to_save_model 4 --max_num_of_saved_model_on_epoch_end -1 --max_num_of_saved_model_on_iteration 2
nnodes=1, num_local_procs=1, node_rank=0
global_rank_mapping=defaultdict(<class 'list'>, {'localhost': [0]})
dist_world_size=1
Setting CUDA_VISIBLE_DEVICES=0
#### ======== [INITIALIZE Tokenizer] ======== ####
#### ======== [INITIALIZE Dataloader] ======== ####
[INFO] get dataset name:  ../../products/aiDAPTIVLink/toolkit_dataset_10k.json  training_strategy:  QA
#### ======== [INITIALIZE Model] ======== ####
[INFO] [create_hf_model] init from pretrained
[INFO] You are loading [Gemma3ForConditionalGeneration] with FlashAttention2
[INFO] You are setting [Gemma3ForConditionalGeneration] with Gradient Checkpointing
[INFO] create current swap data path: /mnt/nvme0/phison_40871
[INFO] You are accelerating [Gemma3ForConditionalGeneration] VisionEncoder with FusedEmbedding kernel
[INFO] You are accelerating [Gemma3ForConditionalGeneration] VisionEncoder with FusedGateMLP kernel
[INFO] You are accelerating [Gemma3ForConditionalGeneration] VisionEncoder with FusedQKVOLinear kernel
[INFO] You are accelerating [Gemma3ForConditionalGeneration] VisionEncoder with FusedRoPE kernel
[INFO] You are accelerating [Gemma3ForConditionalGeneration] TextDecoder with FusedEmbedding kernel
[INFO] You are accelerating [Gemma3ForConditionalGeneration] TextDecoder with FusedGateMLP kernel
[INFO] You are accelerating [Gemma3ForConditionalGeneration] TextDecoder with FusedQKVOLinear kernel
[INFO] You are accelerating [Gemma3ForConditionalGeneration] TextDecoder with FusedRoPE kernel
[INFO] You are accelerating [Gemma3ForConditionalGeneration] TextDecoder with FusedLinearXentropy kernel
[2026-09-11 03:39:05.976126] [INFO] Enable Early-stopping: False
[INFO] The current training schedule consists of 1 epochs with 12 iterations each.
[INFO] The accumulated time is set to 4 so the training will be updated 3 times during each epoch.
[INFO] If the trained model does not show significant improvement, you may consider increasing the number of update cycles.
[INFO] If the trained model shows signs of overfitting, you should decrease the number of update cycles.
[2026-09-11 03:39:05.976268] [INFO] Beginning of Epoch 1/1, Total Micro Batches 130
[2026-09-11 03:39:06.122024] [PHISON START] Epoch: 0, Iteration: 0
[2026-09-11 03:39:06.123519] [Forward][start]
[2026-09-11 03:39:31.138843] [Forward][time spent]:25.015286445617676
[2026-09-11 03:39:38.165710] [Loss]:14.495482444763184
[2026-09-11 03:39:38.165819] [Backward][start]
[2026-09-11 03:40:29.969204] [Backward][time spent]:51.803367614746094
[2026-09-11 03:40:29.969329] [Update][Start]
[2026-09-11 03:40:30.589697] [Update][time spent]:0.6203577518463135
[2026-09-11 03:40:30.589812] [PHISON END] Iteration: 0

[2026-09-11 03:40:30.689546] [PHISON START] Epoch: 0, Iteration: 1
[2026-09-11 03:40:30.690113] [Forward][start]
[2026-09-11 03:40:52.539932] [Forward][time spent]:21.849798917770386
[2026-09-11 03:40:59.731307] [Loss]:14.72247314453125
[2026-09-11 03:40:59.731377] [Backward][start]
[2026-09-11 03:41:52.401108] [Backward][time spent]:52.6697142124176
[2026-09-11 03:41:52.401227] [Update][Start]
[2026-09-11 03:41:52.992635] [Update][time spent]:0.5913949012756348
[2026-09-11 03:41:52.992759] [PHISON END] Iteration: 1

[2026-09-11 03:41:53.087816] [PHISON START] Epoch: 0, Iteration: 2
[2026-09-11 03:41:53.088396] [Forward][start]
[2026-09-11 03:42:14.957761] [Forward][time spent]:21.869324207305908
[2026-09-11 03:42:22.151356] [Loss]:14.901589393615723
[2026-09-11 03:42:22.151441] [Backward][start]
[2026-09-11 03:43:14.365906] [Backward][time spent]:52.21443009376526
[2026-09-11 03:43:14.366167] [Update][Start]
[2026-09-11 03:43:14.962954] [Update][time spent]:0.596750020980835
[2026-09-11 03:43:14.963071] [PHISON END] Iteration: 2

[2026-09-11 03:43:15.058834] [PHISON START] Epoch: 0, Iteration: 3
[2026-09-11 03:43:15.059356] [Forward][start]
[2026-09-11 03:43:36.929116] [Forward][time spent]:21.869741916656494
[2026-09-11 03:43:44.119930] [Loss]:15.325868606567383
[2026-09-11 03:43:44.120047] [Backward][start]
[2026-09-11 03:44:36.123299] [Backward][time spent]:52.003183126449585
[2026-09-11 03:44:36.123551] [Update][Start]
using avx512bf16
max_compute_thread = 62
[2026-09-11 03:45:07.424927] [Update][time spent]:31.301337003707886
[2026-09-11 03:45:07.425080] [PHISON END] Iteration: 3

[2026-09-11 03:45:07.425108] [INFO] Training efficiency: 1745.1543158418594 (tokens/s)

[2026-09-11 03:45:07.523182] [PHISON START] Epoch: 0, Iteration: 4
[2026-09-11 03:45:07.523616] [Forward][start]
[2026-09-11 03:45:29.481902] [Forward][time spent]:21.958266496658325
[2026-09-11 03:45:36.679221] [Loss]:5.768515110015869
[2026-09-11 03:45:36.679350] [Backward][start]
[2026-09-11 03:46:24.604484] [Backward][time spent]:47.92509865760803
[2026-09-11 03:46:24.604740] [Update][Start]
[2026-09-11 03:46:25.204577] [Update][time spent]:0.5997989177703857
[2026-09-11 03:46:25.204699] [PHISON END] Iteration: 4

[2026-09-11 03:46:25.303740] [PHISON START] Epoch: 0, Iteration: 5
[2026-09-11 03:46:25.304154] [Forward][start]
[2026-09-11 03:46:47.170582] [Forward][time spent]:21.866405725479126
[2026-09-11 03:46:54.363119] [Loss]:6.089864253997803
[2026-09-11 03:46:54.363236] [Backward][start]
[2026-09-11 03:47:46.201539] [Backward][time spent]:51.83826518058777
[2026-09-11 03:47:46.201812] [Update][Start]
[2026-09-11 03:47:46.807052] [Update][time spent]:0.6052021980285645
[2026-09-11 03:47:46.807193] [PHISON END] Iteration: 5

[2026-09-11 03:47:46.906942] [PHISON START] Epoch: 0, Iteration: 6
[2026-09-11 03:47:46.907349] [Forward][start]
[2026-09-11 03:48:08.779170] [Forward][time spent]:21.871800184249878
[2026-09-11 03:48:15.974880] [Loss]:5.850956439971924
[2026-09-11 03:48:15.975001] [Backward][start]
[2026-09-11 03:49:07.702183] [Backward][time spent]:51.72714710235596
[2026-09-11 03:49:07.702471] [Update][Start]
[2026-09-11 03:49:08.312611] [Update][time spent]:0.610102653503418
[2026-09-11 03:49:08.312736] [PHISON END] Iteration: 6

[2026-09-11 03:49:08.413218] [PHISON START] Epoch: 0, Iteration: 7
[2026-09-11 03:49:08.413647] [Forward][start]
[2026-09-11 03:49:30.265064] [Forward][time spent]:21.85139226913452
[2026-09-11 03:49:37.455689] [Loss]:5.7964324951171875
[2026-09-11 03:49:37.455809] [Backward][start]
[2026-09-11 03:50:29.721877] [Backward][time spent]:52.266029357910156
[2026-09-11 03:50:29.722140] [Update][Start]
[2026-09-11 03:50:59.310642] [Update][time spent]:29.58846426010132
[2026-09-11 03:50:59.310786] [PHISON END] Iteration: 7

[2026-09-11 03:50:59.310811] [INFO] Training efficiency: 1792.5821443552977 (tokens/s)

[2026-09-11 03:50:59.411316] [PHISON START] Epoch: 0, Iteration: 8
[2026-09-11 03:50:59.411762] [Forward][start]
[2026-09-11 03:51:21.223900] [Forward][time spent]:21.81211566925049
[2026-09-11 03:51:28.419771] [Loss]:2.8586864471435547
[2026-09-11 03:51:28.419867] [Backward][start]
[2026-09-11 03:52:16.365341] [Backward][time spent]:47.945438623428345
[2026-09-11 03:52:16.365609] [Update][Start]
[2026-09-11 03:52:16.974326] [Update][time spent]:0.6086792945861816
[2026-09-11 03:52:16.974456] [PHISON END] Iteration: 8

[2026-09-11 03:52:17.073678] [PHISON START] Epoch: 0, Iteration: 9
[2026-09-11 03:52:17.074081] [Forward][start]
[2026-09-11 03:52:38.909087] [Forward][time spent]:21.834983825683594
[2026-09-11 03:52:46.100929] [Loss]:3.052492618560791
[2026-09-11 03:52:46.101046] [Backward][start]
[2026-09-11 03:53:38.197284] [Backward][time spent]:52.09618139266968
[2026-09-11 03:53:38.197574] [Update][Start]
[2026-09-11 03:53:38.810674] [Update][time spent]:0.6130635738372803
[2026-09-11 03:53:38.810805] [PHISON END] Iteration: 9

[2026-09-11 03:53:38.909475] [PHISON START] Epoch: 0, Iteration: 10
[2026-09-11 03:53:38.909876] [Forward][start]
[2026-09-11 03:54:00.786162] [Forward][time spent]:21.876264333724976
[2026-09-11 03:54:07.980883] [Loss]:2.9667789936065674
[2026-09-11 03:54:07.980996] [Backward][start]
[2026-09-11 03:55:00.107391] [Backward][time spent]:52.12635827064514
[2026-09-11 03:55:00.107650] [Update][Start]
[2026-09-11 03:55:00.712439] [Update][time spent]:0.6047518253326416
[2026-09-11 03:55:00.712567] [PHISON END] Iteration: 10

[2026-09-11 03:55:00.811701] [PHISON START] Epoch: 0, Iteration: 11
[2026-09-11 03:55:00.812105] [Forward][start]
[2026-09-11 03:55:22.651652] [Forward][time spent]:21.839524269104004
[2026-09-11 03:55:29.847729] [Loss]:2.925597906112671
[2026-09-11 03:55:29.847840] [Backward][start]
[2026-09-11 03:56:21.790256] [Backward][time spent]:51.94237565994263
[2026-09-11 03:56:21.790564] [Update][Start]
[2026-09-11 03:56:51.631854] [Update][time spent]:29.841252326965332
[2026-09-11 03:56:51.632007] [PHISON END] Iteration: 11

[2026-09-11 03:56:51.632035] [INFO] Training efficiency: 1790.3662428363743 (tokens/s)

[2026-09-11 03:56:51.632204] [INFO] training complete!
Process 40872 exits successfully.
[INFO] remove current swap data path: /mnt/nvme0/phison_40871
