[INFO] [runner.py:579:main] cmd=/usr/bin/python3 -u -m phisonlib.launcher.launch --world_info=eyJsb2NhbGhvc3QiOiBbMF19 --master_addr=127.0.0.1 --master_port=8299 /home/root/aiDAPTIV2/text-generation/train.py --model_name_or_path /app/gemma-3-12b-it --optimizer_path  --max_seq_len 2048 --nvme_path /mnt/nvme0 --beta1 0.9 --beta2 0.95 --eps 1e-08 --weight_decay 0.01 --precision_mode 1 --learning_rate 7e-06 --num_train_epochs 1 --max_iter 12 --lr_scheduler_mode -1 --train_dataset_config_path /workspace/finetune/toolkit/toolkit_v2.3.1_python312/Log/Max_batchsize_gemma-3-12b-it_2026-09-10_095521/qa_dataset_config_0.yaml --per_device_train_batch_size 38 --gradient_accumulation_steps 4 --triton --num_of_iteration_to_save_model 4 --max_num_of_saved_model_on_epoch_end -1 --max_num_of_saved_model_on_iteration 2
nnodes=1, num_local_procs=1, node_rank=0
global_rank_mapping=defaultdict(<class 'list'>, {'localhost': [0]})
dist_world_size=1
Setting CUDA_VISIBLE_DEVICES=0
#### ======== [INITIALIZE Tokenizer] ======== ####
#### ======== [INITIALIZE Dataloader] ======== ####
[INFO] get dataset name:  ../../products/aiDAPTIVLink/toolkit_dataset_10k.json  training_strategy:  QA
#### ======== [INITIALIZE Model] ======== ####
[INFO] [create_hf_model] init from pretrained
[INFO] You are loading [Gemma3ForConditionalGeneration] with FlashAttention2
[INFO] You are setting [Gemma3ForConditionalGeneration] with Gradient Checkpointing
[INFO] create current swap data path: /mnt/nvme0/phison_22709
[INFO] You are accelerating [Gemma3ForConditionalGeneration] VisionEncoder with FusedEmbedding kernel
[INFO] You are accelerating [Gemma3ForConditionalGeneration] VisionEncoder with FusedGateMLP kernel
[INFO] You are accelerating [Gemma3ForConditionalGeneration] VisionEncoder with FusedQKVOLinear kernel
[INFO] You are accelerating [Gemma3ForConditionalGeneration] VisionEncoder with FusedRoPE kernel
[INFO] You are accelerating [Gemma3ForConditionalGeneration] TextDecoder with FusedEmbedding kernel
[INFO] You are accelerating [Gemma3ForConditionalGeneration] TextDecoder with FusedGateMLP kernel
[INFO] You are accelerating [Gemma3ForConditionalGeneration] TextDecoder with FusedQKVOLinear kernel
[INFO] You are accelerating [Gemma3ForConditionalGeneration] TextDecoder with FusedRoPE kernel
[INFO] You are accelerating [Gemma3ForConditionalGeneration] TextDecoder with FusedLinearXentropy kernel
[2026-09-10 16:22:09.834995] [INFO] Enable Early-stopping: False
[INFO] The current training schedule consists of 1 epochs with 12 iterations each.
[INFO] The accumulated time is set to 4 so the training will be updated 3 times during each epoch.
[INFO] If the trained model does not show significant improvement, you may consider increasing the number of update cycles.
[INFO] If the trained model shows signs of overfitting, you should decrease the number of update cycles.
[2026-09-10 16:22:09.835153] [INFO] Beginning of Epoch 1/1, Total Micro Batches 264
[2026-09-10 16:22:09.927979] [PHISON START] Epoch: 0, Iteration: 0
[2026-09-10 16:22:09.929517] [Forward][start]
[2026-09-10 16:22:23.341378] [Forward][time spent]:13.411784648895264
[2026-09-10 16:22:26.840846] [Loss]:14.118364334106445
[2026-09-10 16:22:26.840943] [Backward][start]
[2026-09-10 16:22:54.307210] [Backward][time spent]:27.466230630874634
[2026-09-10 16:22:54.307627] [Update][Start]
[2026-09-10 16:22:54.929500] [Update][time spent]:0.6218225955963135
[2026-09-10 16:22:54.929635] [PHISON END] Iteration: 0

[2026-09-10 16:22:54.980719] [PHISON START] Epoch: 0, Iteration: 1
[2026-09-10 16:22:54.981076] [Forward][start]
[2026-09-10 16:23:03.962373] [Forward][time spent]:8.981281042098999
[2026-09-10 16:23:07.546315] [Loss]:14.849663734436035
[2026-09-10 16:23:07.546390] [Backward][start]
[2026-09-10 16:23:36.615355] [Backward][time spent]:29.068906545639038
[2026-09-10 16:23:36.615640] [Update][Start]
[2026-09-10 16:23:37.205525] [Update][time spent]:0.5898463726043701
[2026-09-10 16:23:37.205654] [PHISON END] Iteration: 1

[2026-09-10 16:23:37.255847] [PHISON START] Epoch: 0, Iteration: 2
[2026-09-10 16:23:37.256223] [Forward][start]
[2026-09-10 16:23:46.236760] [Forward][time spent]:8.980466604232788
[2026-09-10 16:23:49.820233] [Loss]:14.96912670135498
[2026-09-10 16:23:49.820325] [Backward][start]
[2026-09-10 16:24:18.900757] [Backward][time spent]:29.080395460128784
[2026-09-10 16:24:18.901025] [Update][Start]
[2026-09-10 16:24:19.487287] [Update][time spent]:0.5862236022949219
[2026-09-10 16:24:19.487411] [PHISON END] Iteration: 2

[2026-09-10 16:24:19.538253] [PHISON START] Epoch: 0, Iteration: 3
[2026-09-10 16:24:19.538580] [Forward][start]
[2026-09-10 16:24:28.521814] [Forward][time spent]:8.983217000961304
[2026-09-10 16:24:32.105362] [Loss]:14.614301681518555
[2026-09-10 16:24:32.105451] [Backward][start]
[2026-09-10 16:25:01.585632] [Backward][time spent]:29.480147123336792
[2026-09-10 16:25:01.585885] [Update][Start]
using avx512bf16
max_compute_thread = 62
[2026-09-10 16:25:33.113942] [Update][time spent]:31.52801823616028
[2026-09-10 16:25:33.114077] [PHISON END] Iteration: 3

[2026-09-10 16:25:33.114104] [INFO] Training efficiency: 1531.3735106688964 (tokens/s)

[2026-09-10 16:25:33.166395] [PHISON START] Epoch: 0, Iteration: 4
[2026-09-10 16:25:33.166725] [Forward][start]
[2026-09-10 16:25:42.131970] [Forward][time spent]:8.965225219726562
[2026-09-10 16:25:45.714370] [Loss]:5.7917022705078125
[2026-09-10 16:25:45.714435] [Backward][start]
[2026-09-10 16:26:10.820445] [Backward][time spent]:25.10599112510681
[2026-09-10 16:26:10.820649] [Update][Start]
[2026-09-10 16:26:11.383742] [Update][time spent]:0.5630555152893066
[2026-09-10 16:26:11.383875] [PHISON END] Iteration: 4

[2026-09-10 16:26:11.434569] [PHISON START] Epoch: 0, Iteration: 5
[2026-09-10 16:26:11.434884] [Forward][start]
[2026-09-10 16:26:20.412275] [Forward][time spent]:8.977372407913208
[2026-09-10 16:26:23.995638] [Loss]:6.0778937339782715
[2026-09-10 16:26:23.995694] [Backward][start]
[2026-09-10 16:26:53.129054] [Backward][time spent]:29.13334059715271
[2026-09-10 16:26:53.129255] [Update][Start]
[2026-09-10 16:26:53.696853] [Update][time spent]:0.5675163269042969
[2026-09-10 16:26:53.696986] [PHISON END] Iteration: 5

[2026-09-10 16:26:53.745083] [PHISON START] Epoch: 0, Iteration: 6
[2026-09-10 16:26:53.745425] [Forward][start]
[2026-09-10 16:27:02.697024] [Forward][time spent]:8.951577425003052
[2026-09-10 16:27:06.279996] [Loss]:6.3108415603637695
[2026-09-10 16:27:06.280054] [Backward][start]
[2026-09-10 16:27:35.386346] [Backward][time spent]:29.106271982192993
[2026-09-10 16:27:35.386541] [Update][Start]
[2026-09-10 16:27:35.960569] [Update][time spent]:0.5739903450012207
[2026-09-10 16:27:35.960691] [PHISON END] Iteration: 6

[2026-09-10 16:27:36.008205] [PHISON START] Epoch: 0, Iteration: 7
[2026-09-10 16:27:36.008534] [Forward][start]
[2026-09-10 16:27:44.956668] [Forward][time spent]:8.948115587234497
[2026-09-10 16:27:48.539408] [Loss]:6.10192346572876
[2026-09-10 16:27:48.539464] [Backward][start]
[2026-09-10 16:28:17.835025] [Backward][time spent]:29.295542240142822
[2026-09-10 16:28:17.835220] [Update][Start]
[2026-09-10 16:28:47.952895] [Update][time spent]:30.11763644218445
[2026-09-10 16:28:47.953025] [PHISON END] Iteration: 7

[2026-09-10 16:28:47.953049] [INFO] Training efficiency: 1597.7094681263266 (tokens/s)

[2026-09-10 16:28:48.001311] [PHISON START] Epoch: 0, Iteration: 8
[2026-09-10 16:28:48.001609] [Forward][start]
[2026-09-10 16:28:56.989764] [Forward][time spent]:8.988134145736694
[2026-09-10 16:29:00.572109] [Loss]:2.9265599250793457
[2026-09-10 16:29:00.572231] [Backward][start]
[2026-09-10 16:29:25.738910] [Backward][time spent]:25.166625499725342
[2026-09-10 16:29:25.739329] [Update][Start]
[2026-09-10 16:29:26.335070] [Update][time spent]:0.595696210861206
[2026-09-10 16:29:26.335194] [PHISON END] Iteration: 8

[2026-09-10 16:29:26.388083] [PHISON START] Epoch: 0, Iteration: 9
[2026-09-10 16:29:26.388414] [Forward][start]
[2026-09-10 16:29:35.372944] [Forward][time spent]:8.984505653381348
[2026-09-10 16:29:38.956064] [Loss]:2.7903695106506348
[2026-09-10 16:29:38.956206] [Backward][start]
[2026-09-10 16:30:08.109046] [Backward][time spent]:29.152785062789917
[2026-09-10 16:30:08.109455] [Update][Start]
[2026-09-10 16:30:08.716175] [Update][time spent]:0.6066834926605225
[2026-09-10 16:30:08.716316] [PHISON END] Iteration: 9

[2026-09-10 16:30:08.768418] [PHISON START] Epoch: 0, Iteration: 10
[2026-09-10 16:30:08.768745] [Forward][start]
[2026-09-10 16:30:17.752888] [Forward][time spent]:8.984119415283203
[2026-09-10 16:30:21.333829] [Loss]:3.1848535537719727
[2026-09-10 16:30:21.333911] [Backward][start]
[2026-09-10 16:30:50.444741] [Backward][time spent]:29.11077332496643
[2026-09-10 16:30:50.445100] [Update][Start]
[2026-09-10 16:30:51.051231] [Update][time spent]:0.6060938835144043
[2026-09-10 16:30:51.051356] [PHISON END] Iteration: 10

[2026-09-10 16:30:51.103365] [PHISON START] Epoch: 0, Iteration: 11
[2026-09-10 16:30:51.103670] [Forward][start]
[2026-09-10 16:31:00.088446] [Forward][time spent]:8.984758138656616
[2026-09-10 16:31:03.670929] [Loss]:2.9186153411865234
[2026-09-10 16:31:03.670984] [Backward][start]
[2026-09-10 16:31:32.797047] [Backward][time spent]:29.12602972984314
[2026-09-10 16:31:32.797401] [Update][Start]
[2026-09-10 16:32:03.185082] [Update][time spent]:30.387637853622437
[2026-09-10 16:32:03.185220] [PHISON END] Iteration: 11

[2026-09-10 16:32:03.185244] [INFO] Training efficiency: 1594.4912311620103 (tokens/s)

[2026-09-10 16:32:03.185338] [INFO] training complete!
Process 22710 exits successfully.
