[INFO] [runner.py:579:main] cmd=/usr/bin/python3 -u -m phisonlib.launcher.launch --world_info=eyJsb2NhbGhvc3QiOiBbMF19 --master_addr=127.0.0.1 --master_port=8299 /home/root/aiDAPTIV2/text-generation/train.py --model_name_or_path /app/gemma-3-12b-it --optimizer_path  --max_seq_len 2048 --nvme_path /mnt/nvme0 --beta1 0.9 --beta2 0.95 --eps 1e-08 --weight_decay 0.01 --precision_mode 1 --learning_rate 7e-06 --num_train_epochs 1 --max_iter 12 --lr_scheduler_mode -1 --train_dataset_config_path /workspace/finetune/toolkit/toolkit_v2.3.1_python312/Log/Max_batchsize_gemma-3-12b-it_2026-09-10_095521/qa_dataset_config_0.yaml --per_device_train_batch_size 81 --gradient_accumulation_steps 4 --triton --num_of_iteration_to_save_model 4 --max_num_of_saved_model_on_epoch_end -1 --max_num_of_saved_model_on_iteration 2
nnodes=1, num_local_procs=1, node_rank=0
global_rank_mapping=defaultdict(<class 'list'>, {'localhost': [0]})
dist_world_size=1
Setting CUDA_VISIBLE_DEVICES=0
#### ======== [INITIALIZE Tokenizer] ======== ####
#### ======== [INITIALIZE Dataloader] ======== ####
[INFO] get dataset name:  ../../products/aiDAPTIVLink/toolkit_dataset_10k.json  training_strategy:  QA
#### ======== [INITIALIZE Model] ======== ####
[INFO] [create_hf_model] init from pretrained
[INFO] You are loading [Gemma3ForConditionalGeneration] with FlashAttention2
[INFO] You are setting [Gemma3ForConditionalGeneration] with Gradient Checkpointing
[INFO] create current swap data path: /mnt/nvme0/phison_42745
[INFO] You are accelerating [Gemma3ForConditionalGeneration] VisionEncoder with FusedEmbedding kernel
[INFO] You are accelerating [Gemma3ForConditionalGeneration] VisionEncoder with FusedGateMLP kernel
[INFO] You are accelerating [Gemma3ForConditionalGeneration] VisionEncoder with FusedQKVOLinear kernel
[INFO] You are accelerating [Gemma3ForConditionalGeneration] VisionEncoder with FusedRoPE kernel
[INFO] You are accelerating [Gemma3ForConditionalGeneration] TextDecoder with FusedEmbedding kernel
[INFO] You are accelerating [Gemma3ForConditionalGeneration] TextDecoder with FusedGateMLP kernel
[INFO] You are accelerating [Gemma3ForConditionalGeneration] TextDecoder with FusedQKVOLinear kernel
[INFO] You are accelerating [Gemma3ForConditionalGeneration] TextDecoder with FusedRoPE kernel
[INFO] You are accelerating [Gemma3ForConditionalGeneration] TextDecoder with FusedLinearXentropy kernel
[2026-09-11 05:06:51.142854] [INFO] Enable Early-stopping: False
[INFO] The current training schedule consists of 1 epochs with 12 iterations each.
[INFO] The accumulated time is set to 4 so the training will be updated 3 times during each epoch.
[INFO] If the trained model does not show significant improvement, you may consider increasing the number of update cycles.
[INFO] If the trained model shows signs of overfitting, you should decrease the number of update cycles.
[2026-09-11 05:06:51.142993] [INFO] Beginning of Epoch 1/1, Total Micro Batches 124
[2026-09-11 05:06:51.292874] [PHISON START] Epoch: 0, Iteration: 0
[2026-09-11 05:06:51.294555] [Forward][start]
[2026-09-11 05:07:17.203951] [Forward][time spent]:25.909350872039795
[2026-09-11 05:07:24.593163] [Loss]:14.437232971191406
[2026-09-11 05:07:24.593294] [Backward][start]
[2026-09-11 05:08:18.811549] [Backward][time spent]:54.21821713447571
[2026-09-11 05:08:18.811793] [Update][Start]
[2026-09-11 05:08:19.440790] [Update][time spent]:0.6289591789245605
[2026-09-11 05:08:19.440918] [PHISON END] Iteration: 0

[2026-09-11 05:08:19.545549] [PHISON START] Epoch: 0, Iteration: 1
[2026-09-11 05:08:19.546154] [Forward][start]
[2026-09-11 05:08:42.458538] [Forward][time spent]:22.91235899925232
[2026-09-11 05:08:50.005625] [Loss]:14.838748931884766
[2026-09-11 05:08:50.005733] [Backward][start]
[2026-09-11 05:09:45.116982] [Backward][time spent]:55.111191511154175
[2026-09-11 05:09:45.117364] [Update][Start]
[2026-09-11 05:09:45.733157] [Update][time spent]:0.6157481670379639
[2026-09-11 05:09:45.733296] [PHISON END] Iteration: 1

[2026-09-11 05:09:45.833639] [PHISON START] Epoch: 0, Iteration: 2
[2026-09-11 05:09:45.834231] [Forward][start]
[2026-09-11 05:10:08.706695] [Forward][time spent]:22.872403383255005
[2026-09-11 05:10:16.256987] [Loss]:14.889944076538086
[2026-09-11 05:10:16.257088] [Backward][start]
[2026-09-11 05:11:10.702448] [Backward][time spent]:54.44530439376831
[2026-09-11 05:11:10.702733] [Update][Start]
[2026-09-11 05:11:11.327736] [Update][time spent]:0.624964714050293
[2026-09-11 05:11:11.327862] [PHISON END] Iteration: 2

[2026-09-11 05:11:11.427680] [PHISON START] Epoch: 0, Iteration: 3
[2026-09-11 05:11:11.428286] [Forward][start]
[2026-09-11 05:11:34.422641] [Forward][time spent]:22.994329929351807
[2026-09-11 05:11:41.971418] [Loss]:15.325737953186035
[2026-09-11 05:11:41.971554] [Backward][start]
[2026-09-11 05:12:36.509988] [Backward][time spent]:54.53837823867798
[2026-09-11 05:12:36.510337] [Update][Start]
using avx512bf16
max_compute_thread = 62
[2026-09-11 05:13:07.545085] [Update][time spent]:31.034704208374023
[2026-09-11 05:13:07.545226] [PHISON END] Iteration: 3

[2026-09-11 05:13:07.545253] [INFO] Training efficiency: 1762.8799602483364 (tokens/s)

[2026-09-11 05:13:07.646925] [PHISON START] Epoch: 0, Iteration: 4
[2026-09-11 05:13:07.647368] [Forward][start]
[2026-09-11 05:13:30.623639] [Forward][time spent]:22.97624158859253
[2026-09-11 05:13:38.176435] [Loss]:5.921858787536621
[2026-09-11 05:13:38.176564] [Backward][start]
[2026-09-11 05:14:28.506690] [Backward][time spent]:50.33006834983826
[2026-09-11 05:14:28.506974] [Update][Start]
[2026-09-11 05:14:29.131303] [Update][time spent]:0.6242926120758057
[2026-09-11 05:14:29.131437] [PHISON END] Iteration: 4

[2026-09-11 05:14:29.233330] [PHISON START] Epoch: 0, Iteration: 5
[2026-09-11 05:14:29.233738] [Forward][start]
[2026-09-11 05:14:52.202864] [Forward][time spent]:22.969099521636963
[2026-09-11 05:14:59.754043] [Loss]:5.9501953125
[2026-09-11 05:14:59.754166] [Backward][start]
[2026-09-11 05:15:54.222048] [Backward][time spent]:54.46782636642456
[2026-09-11 05:15:54.222367] [Update][Start]
[2026-09-11 05:15:54.864769] [Update][time spent]:0.6423604488372803
[2026-09-11 05:15:54.864902] [PHISON END] Iteration: 5

[2026-09-11 05:15:54.968118] [PHISON START] Epoch: 0, Iteration: 6
[2026-09-11 05:15:54.968543] [Forward][start]
[2026-09-11 05:16:17.862472] [Forward][time spent]:22.89389967918396
[2026-09-11 05:16:25.411082] [Loss]:5.835341453552246
[2026-09-11 05:16:25.411186] [Backward][start]
[2026-09-11 05:17:19.972652] [Backward][time spent]:54.56141233444214
[2026-09-11 05:17:19.972926] [Update][Start]
[2026-09-11 05:17:20.587519] [Update][time spent]:0.6145567893981934
[2026-09-11 05:17:20.587656] [PHISON END] Iteration: 6

[2026-09-11 05:17:20.689141] [PHISON START] Epoch: 0, Iteration: 7
[2026-09-11 05:17:20.689581] [Forward][start]
[2026-09-11 05:17:43.668176] [Forward][time spent]:22.978564977645874
[2026-09-11 05:17:51.224330] [Loss]:5.755319595336914
[2026-09-11 05:17:51.224438] [Backward][start]
[2026-09-11 05:18:45.787959] [Backward][time spent]:54.563464879989624
[2026-09-11 05:18:45.788242] [Update][Start]
[2026-09-11 05:19:16.467306] [Update][time spent]:30.67900013923645
[2026-09-11 05:19:16.467451] [PHISON END] Iteration: 7

[2026-09-11 05:19:16.467475] [INFO] Training efficiency: 1798.6231221817468 (tokens/s)

[2026-09-11 05:19:16.570738] [PHISON START] Epoch: 0, Iteration: 8
[2026-09-11 05:19:16.571208] [Forward][start]
[2026-09-11 05:19:39.480239] [Forward][time spent]:22.909003019332886
[2026-09-11 05:19:47.034367] [Loss]:2.8947348594665527
[2026-09-11 05:19:47.034488] [Backward][start]
[2026-09-11 05:20:37.346410] [Backward][time spent]:50.311885595321655
[2026-09-11 05:20:37.346670] [Update][Start]
[2026-09-11 05:20:37.953594] [Update][time spent]:0.6068878173828125
[2026-09-11 05:20:37.953726] [PHISON END] Iteration: 8

[2026-09-11 05:20:38.055214] [PHISON START] Epoch: 0, Iteration: 9
[2026-09-11 05:20:38.055636] [Forward][start]
[2026-09-11 05:21:01.033510] [Forward][time spent]:22.97784686088562
[2026-09-11 05:21:08.590299] [Loss]:2.93162202835083
[2026-09-11 05:21:08.590396] [Backward][start]
[2026-09-11 05:22:03.069381] [Backward][time spent]:54.47893047332764
[2026-09-11 05:22:03.069709] [Update][Start]
[2026-09-11 05:22:03.671717] [Update][time spent]:0.6019725799560547
[2026-09-11 05:22:03.671861] [PHISON END] Iteration: 9

[2026-09-11 05:22:03.774669] [PHISON START] Epoch: 0, Iteration: 10
[2026-09-11 05:22:03.775286] [Forward][start]
[2026-09-11 05:22:26.727557] [Forward][time spent]:22.952215909957886
[2026-09-11 05:22:34.282642] [Loss]:2.9128241539001465
[2026-09-11 05:22:34.282754] [Backward][start]
[2026-09-11 05:23:28.740625] [Backward][time spent]:54.45781397819519
[2026-09-11 05:23:28.740900] [Update][Start]
[2026-09-11 05:23:29.340963] [Update][time spent]:0.6000258922576904
[2026-09-11 05:23:29.341093] [PHISON END] Iteration: 10

[2026-09-11 05:23:29.442890] [PHISON START] Epoch: 0, Iteration: 11
[2026-09-11 05:23:29.443312] [Forward][start]
[2026-09-11 05:23:52.402895] [Forward][time spent]:22.95955538749695
[2026-09-11 05:23:59.957108] [Loss]:2.757248878479004
[2026-09-11 05:23:59.957229] [Backward][start]
[2026-09-11 05:24:54.521910] [Backward][time spent]:54.5646231174469
[2026-09-11 05:24:54.522189] [Update][Start]
[2026-09-11 05:25:24.656703] [Update][time spent]:30.134477376937866
[2026-09-11 05:25:24.656813] [PHISON END] Iteration: 11

[2026-09-11 05:25:24.656836] [INFO] Training efficiency: 1802.2031519204531 (tokens/s)

[2026-09-11 05:25:24.656932] [INFO] training complete!
