[INFO] [runner.py:579:main] cmd=/usr/bin/python3 -u -m phisonlib.launcher.launch --world_info=eyJsb2NhbGhvc3QiOiBbMF19 --master_addr=127.0.0.1 --master_port=8299 /home/root/aiDAPTIV2/text-generation/train.py --model_name_or_path /app/gemma-3-12b-it --optimizer_path  --max_seq_len 2048 --nvme_path /mnt/nvme0 --beta1 0.9 --beta2 0.95 --eps 1e-08 --weight_decay 0.01 --precision_mode 1 --learning_rate 7e-06 --num_train_epochs 1 --max_iter 12 --lr_scheduler_mode -1 --train_dataset_config_path /workspace/finetune/toolkit/toolkit_v2.3.1_python312/Log/Max_batchsize_gemma-3-12b-it_2026-09-10_095521/qa_dataset_config_0.yaml --per_device_train_batch_size 12 --gradient_accumulation_steps 4 --triton --num_of_iteration_to_save_model 4 --max_num_of_saved_model_on_epoch_end -1 --max_num_of_saved_model_on_iteration 2
nnodes=1, num_local_procs=1, node_rank=0
global_rank_mapping=defaultdict(<class 'list'>, {'localhost': [0]})
dist_world_size=1
Setting CUDA_VISIBLE_DEVICES=0
#### ======== [INITIALIZE Tokenizer] ======== ####
#### ======== [INITIALIZE Dataloader] ======== ####
[INFO] get dataset name:  ../../products/aiDAPTIVLink/toolkit_dataset_10k.json  training_strategy:  QA
#### ======== [INITIALIZE Model] ======== ####
[INFO] [create_hf_model] init from pretrained
[INFO] You are loading [Gemma3ForConditionalGeneration] with FlashAttention2
[INFO] You are setting [Gemma3ForConditionalGeneration] with Gradient Checkpointing
[INFO] create current swap data path: /mnt/nvme0/phison_10662
[INFO] You are accelerating [Gemma3ForConditionalGeneration] VisionEncoder with FusedEmbedding kernel
[INFO] You are accelerating [Gemma3ForConditionalGeneration] VisionEncoder with FusedGateMLP kernel
[INFO] You are accelerating [Gemma3ForConditionalGeneration] VisionEncoder with FusedQKVOLinear kernel
[INFO] You are accelerating [Gemma3ForConditionalGeneration] VisionEncoder with FusedRoPE kernel
[INFO] You are accelerating [Gemma3ForConditionalGeneration] TextDecoder with FusedEmbedding kernel
[INFO] You are accelerating [Gemma3ForConditionalGeneration] TextDecoder with FusedGateMLP kernel
[INFO] You are accelerating [Gemma3ForConditionalGeneration] TextDecoder with FusedQKVOLinear kernel
[INFO] You are accelerating [Gemma3ForConditionalGeneration] TextDecoder with FusedRoPE kernel
[INFO] You are accelerating [Gemma3ForConditionalGeneration] TextDecoder with FusedLinearXentropy kernel
[2026-09-10 11:28:03.756497] [INFO] Enable Early-stopping: False
[INFO] The current training schedule consists of 1 epochs with 12 iterations each.
[INFO] The accumulated time is set to 4 so the training will be updated 3 times during each epoch.
[INFO] If the trained model does not show significant improvement, you may consider increasing the number of update cycles.
[INFO] If the trained model shows signs of overfitting, you should decrease the number of update cycles.
[2026-09-10 11:28:03.756689] [INFO] Beginning of Epoch 1/1, Total Micro Batches 834
[2026-09-10 11:28:03.834106] [PHISON START] Epoch: 0, Iteration: 0
[2026-09-10 11:28:03.835023] [Forward][start]
[2026-09-10 11:28:10.884212] [Forward][time spent]:7.049158573150635
[2026-09-10 11:28:12.068765] [Loss]:13.748699188232422
[2026-09-10 11:28:12.068891] [Backward][start]
[2026-09-10 11:28:24.175843] [Backward][time spent]:12.106924057006836
[2026-09-10 11:28:24.176024] [Update][Start]
[2026-09-10 11:28:24.773234] [Update][time spent]:0.5971853733062744
[2026-09-10 11:28:24.773361] [PHISON END] Iteration: 0

[2026-09-10 11:28:24.795956] [PHISON START] Epoch: 0, Iteration: 1
[2026-09-10 11:28:24.796193] [Forward][start]
[2026-09-10 11:28:28.733174] [Forward][time spent]:3.936958074569702
[2026-09-10 11:28:29.939644] [Loss]:14.638216972351074
[2026-09-10 11:28:29.939679] [Backward][start]
[2026-09-10 11:28:43.075507] [Backward][time spent]:13.135780334472656
[2026-09-10 11:28:43.075829] [Update][Start]
[2026-09-10 11:28:43.655529] [Update][time spent]:0.5796501636505127
[2026-09-10 11:28:43.655647] [PHISON END] Iteration: 1

[2026-09-10 11:28:43.679220] [PHISON START] Epoch: 0, Iteration: 2
[2026-09-10 11:28:43.679475] [Forward][start]
[2026-09-10 11:28:47.577964] [Forward][time spent]:3.898449659347534
[2026-09-10 11:28:48.784071] [Loss]:13.754447937011719
[2026-09-10 11:28:48.784116] [Backward][start]
[2026-09-10 11:29:01.938950] [Backward][time spent]:13.154802083969116
[2026-09-10 11:29:01.939191] [Update][Start]
[2026-09-10 11:29:02.534971] [Update][time spent]:0.5957446098327637
[2026-09-10 11:29:02.535098] [PHISON END] Iteration: 2

[2026-09-10 11:29:02.555030] [PHISON START] Epoch: 0, Iteration: 3
[2026-09-10 11:29:02.555276] [Forward][start]
[2026-09-10 11:29:06.463618] [Forward][time spent]:3.908322334289551
[2026-09-10 11:29:07.669541] [Loss]:16.042818069458008
[2026-09-10 11:29:07.669590] [Backward][start]
[2026-09-10 11:29:20.905688] [Backward][time spent]:13.236078262329102
[2026-09-10 11:29:20.905888] [Update][Start]
using avx512bf16
max_compute_thread = 62
[2026-09-10 11:29:51.992709] [Update][time spent]:31.086782693862915
[2026-09-10 11:29:51.992854] [PHISON END] Iteration: 3

[2026-09-10 11:29:51.992879] [INFO] Training efficiency: 908.235959957177 (tokens/s)

[2026-09-10 11:29:52.012241] [PHISON START] Epoch: 0, Iteration: 4
[2026-09-10 11:29:52.012512] [Forward][start]
[2026-09-10 11:29:55.955195] [Forward][time spent]:3.942664861679077
[2026-09-10 11:29:57.160657] [Loss]:6.250807762145996
[2026-09-10 11:29:57.160714] [Backward][start]
[2026-09-10 11:30:07.055021] [Backward][time spent]:9.894285202026367
[2026-09-10 11:30:07.055320] [Update][Start]
[2026-09-10 11:30:07.612694] [Update][time spent]:0.5573148727416992
[2026-09-10 11:30:07.612821] [PHISON END] Iteration: 4

[2026-09-10 11:30:07.629146] [PHISON START] Epoch: 0, Iteration: 5
[2026-09-10 11:30:07.629386] [Forward][start]
[2026-09-10 11:30:11.564058] [Forward][time spent]:3.934654951095581
[2026-09-10 11:30:12.770293] [Loss]:5.826251029968262
[2026-09-10 11:30:12.770342] [Backward][start]
[2026-09-10 11:30:25.776985] [Backward][time spent]:13.006623029708862
[2026-09-10 11:30:25.777183] [Update][Start]
[2026-09-10 11:30:26.330053] [Update][time spent]:0.5528316497802734
[2026-09-10 11:30:26.330176] [PHISON END] Iteration: 5

[2026-09-10 11:30:26.346613] [PHISON START] Epoch: 0, Iteration: 6
[2026-09-10 11:30:26.346847] [Forward][start]
[2026-09-10 11:30:30.290440] [Forward][time spent]:3.9435770511627197
[2026-09-10 11:30:31.497069] [Loss]:6.091534614562988
[2026-09-10 11:30:31.497124] [Backward][start]
[2026-09-10 11:30:44.549517] [Backward][time spent]:13.052372932434082
[2026-09-10 11:30:44.549713] [Update][Start]
[2026-09-10 11:30:45.115784] [Update][time spent]:0.5660326480865479
[2026-09-10 11:30:45.115908] [PHISON END] Iteration: 6

[2026-09-10 11:30:45.131934] [PHISON START] Epoch: 0, Iteration: 7
[2026-09-10 11:30:45.132218] [Forward][start]
[2026-09-10 11:30:49.068374] [Forward][time spent]:3.9361400604248047
[2026-09-10 11:30:50.274878] [Loss]:6.862790107727051
[2026-09-10 11:30:50.274933] [Backward][start]
[2026-09-10 11:31:03.314387] [Backward][time spent]:13.039434671401978
[2026-09-10 11:31:03.314589] [Update][Start]
[2026-09-10 11:31:33.917117] [Update][time spent]:30.602489471435547
[2026-09-10 11:31:33.917229] [PHISON END] Iteration: 7

[2026-09-10 11:31:33.917253] [INFO] Training efficiency: 964.4799381066392 (tokens/s)

[2026-09-10 11:31:33.933699] [PHISON START] Epoch: 0, Iteration: 8
[2026-09-10 11:31:33.933926] [Forward][start]
[2026-09-10 11:31:37.865491] [Forward][time spent]:3.931549310684204
[2026-09-10 11:31:39.071822] [Loss]:2.636038303375244
[2026-09-10 11:31:39.071873] [Backward][start]
[2026-09-10 11:31:48.973729] [Backward][time spent]:9.901835918426514
[2026-09-10 11:31:48.973946] [Update][Start]
[2026-09-10 11:31:49.530088] [Update][time spent]:0.5561020374298096
[2026-09-10 11:31:49.530217] [PHISON END] Iteration: 8

[2026-09-10 11:31:49.546047] [PHISON START] Epoch: 0, Iteration: 9
[2026-09-10 11:31:49.546278] [Forward][start]
[2026-09-10 11:31:53.469864] [Forward][time spent]:3.9235708713531494
[2026-09-10 11:31:54.676388] [Loss]:2.822594165802002
[2026-09-10 11:31:54.676422] [Backward][start]
[2026-09-10 11:32:07.715817] [Backward][time spent]:13.039376258850098
[2026-09-10 11:32:07.716050] [Update][Start]
[2026-09-10 11:32:08.270771] [Update][time spent]:0.5546839237213135
[2026-09-10 11:32:08.270899] [PHISON END] Iteration: 9

[2026-09-10 11:32:08.286850] [PHISON START] Epoch: 0, Iteration: 10
[2026-09-10 11:32:08.287088] [Forward][start]
[2026-09-10 11:32:12.222722] [Forward][time spent]:3.935619354248047
[2026-09-10 11:32:13.429400] [Loss]:2.8122737407684326
[2026-09-10 11:32:13.429434] [Backward][start]
[2026-09-10 11:32:26.466118] [Backward][time spent]:13.036665678024292
[2026-09-10 11:32:26.466352] [Update][Start]
[2026-09-10 11:32:27.021966] [Update][time spent]:0.5555777549743652
[2026-09-10 11:32:27.022086] [PHISON END] Iteration: 10

[2026-09-10 11:32:27.037945] [PHISON START] Epoch: 0, Iteration: 11
[2026-09-10 11:32:27.038184] [Forward][start]
[2026-09-10 11:32:30.970659] [Forward][time spent]:3.932455539703369
[2026-09-10 11:32:32.177217] [Loss]:2.952195405960083
[2026-09-10 11:32:32.177261] [Backward][start]
[2026-09-10 11:32:45.294446] [Backward][time spent]:13.117165803909302
[2026-09-10 11:32:45.294647] [Update][Start]
[2026-09-10 11:33:15.671791] [Update][time spent]:30.377105236053467
[2026-09-10 11:33:15.671925] [PHISON END] Iteration: 11

[2026-09-10 11:33:15.671951] [INFO] Training efficiency: 966.0882322785835 (tokens/s)

[2026-09-10 11:33:15.672097] [INFO] training complete!
Process 10663 exits successfully.
