[INFO] [runner.py:579:main] cmd=/usr/bin/python3 -u -m phisonlib.launcher.launch --world_info=eyJsb2NhbGhvc3QiOiBbMF19 --master_addr=127.0.0.1 --master_port=8299 /home/root/aiDAPTIV2/text-generation/train.py --model_name_or_path /app/gemma-3-12b-it --optimizer_path  --max_seq_len 2048 --nvme_path /mnt/nvme0 --beta1 0.9 --beta2 0.95 --eps 1e-08 --weight_decay 0.01 --precision_mode 1 --learning_rate 7e-06 --num_train_epochs 1 --max_iter 12 --lr_scheduler_mode -1 --train_dataset_config_path /workspace/finetune/toolkit/toolkit_v2.3.1_python312/Log/Max_batchsize_gemma-3-12b-it_2026-09-10_095521/qa_dataset_config_0.yaml --per_device_train_batch_size 27 --gradient_accumulation_steps 4 --triton --num_of_iteration_to_save_model 4 --max_num_of_saved_model_on_epoch_end -1 --max_num_of_saved_model_on_iteration 2
nnodes=1, num_local_procs=1, node_rank=0
global_rank_mapping=defaultdict(<class 'list'>, {'localhost': [0]})
dist_world_size=1
Setting CUDA_VISIBLE_DEVICES=0
#### ======== [INITIALIZE Tokenizer] ======== ####
#### ======== [INITIALIZE Dataloader] ======== ####
[INFO] get dataset name:  ../../products/aiDAPTIVLink/toolkit_dataset_10k.json  training_strategy:  QA
#### ======== [INITIALIZE Model] ======== ####
[INFO] [create_hf_model] init from pretrained
[INFO] You are loading [Gemma3ForConditionalGeneration] with FlashAttention2
[INFO] You are setting [Gemma3ForConditionalGeneration] with Gradient Checkpointing
[INFO] create current swap data path: /mnt/nvme0/phison_17612
[INFO] You are accelerating [Gemma3ForConditionalGeneration] VisionEncoder with FusedEmbedding kernel
[INFO] You are accelerating [Gemma3ForConditionalGeneration] VisionEncoder with FusedGateMLP kernel
[INFO] You are accelerating [Gemma3ForConditionalGeneration] VisionEncoder with FusedQKVOLinear kernel
[INFO] You are accelerating [Gemma3ForConditionalGeneration] VisionEncoder with FusedRoPE kernel
[INFO] You are accelerating [Gemma3ForConditionalGeneration] TextDecoder with FusedEmbedding kernel
[INFO] You are accelerating [Gemma3ForConditionalGeneration] TextDecoder with FusedGateMLP kernel
[INFO] You are accelerating [Gemma3ForConditionalGeneration] TextDecoder with FusedQKVOLinear kernel
[INFO] You are accelerating [Gemma3ForConditionalGeneration] TextDecoder with FusedRoPE kernel
[INFO] You are accelerating [Gemma3ForConditionalGeneration] TextDecoder with FusedLinearXentropy kernel
[2026-09-10 14:02:01.856285] [INFO] Enable Early-stopping: False
[INFO] The current training schedule consists of 1 epochs with 12 iterations each.
[INFO] The accumulated time is set to 4 so the training will be updated 3 times during each epoch.
[INFO] If the trained model does not show significant improvement, you may consider increasing the number of update cycles.
[INFO] If the trained model shows signs of overfitting, you should decrease the number of update cycles.
[2026-09-10 14:02:01.856411] [INFO] Beginning of Epoch 1/1, Total Micro Batches 371
[2026-09-10 14:02:01.930306] [PHISON START] Epoch: 0, Iteration: 0
[2026-09-10 14:02:01.931493] [Forward][start]
[2026-09-10 14:02:12.213482] [Forward][time spent]:10.28196120262146
[2026-09-10 14:02:14.778870] [Loss]:14.167428970336914
[2026-09-10 14:02:14.778982] [Backward][start]
[2026-09-10 14:02:35.607107] [Backward][time spent]:20.828108549118042
[2026-09-10 14:02:35.607204] [Update][Start]
[2026-09-10 14:02:36.219499] [Update][time spent]:0.6122841835021973
[2026-09-10 14:02:36.219604] [PHISON END] Iteration: 0

[2026-09-10 14:02:36.259209] [PHISON START] Epoch: 0, Iteration: 1
[2026-09-10 14:02:36.259559] [Forward][start]
[2026-09-10 14:02:42.997770] [Forward][time spent]:6.73818302154541
[2026-09-10 14:02:45.606706] [Loss]:14.69449520111084
[2026-09-10 14:02:45.606808] [Backward][start]
[2026-09-10 14:03:08.068514] [Backward][time spent]:22.461655855178833
[2026-09-10 14:03:08.068789] [Update][Start]
[2026-09-10 14:03:08.654788] [Update][time spent]:0.58595871925354
[2026-09-10 14:03:08.654922] [PHISON END] Iteration: 1

[2026-09-10 14:03:08.691691] [PHISON START] Epoch: 0, Iteration: 2
[2026-09-10 14:03:08.692022] [Forward][start]
[2026-09-10 14:03:15.416999] [Forward][time spent]:6.7249391078948975
[2026-09-10 14:03:18.025695] [Loss]:14.470151901245117
[2026-09-10 14:03:18.025740] [Backward][start]
[2026-09-10 14:03:40.480091] [Backward][time spent]:22.454301595687866
[2026-09-10 14:03:40.480386] [Update][Start]
[2026-09-10 14:03:41.054484] [Update][time spent]:0.5740602016448975
[2026-09-10 14:03:41.054614] [PHISON END] Iteration: 2

[2026-09-10 14:03:41.092044] [PHISON START] Epoch: 0, Iteration: 3
[2026-09-10 14:03:41.092339] [Forward][start]
[2026-09-10 14:03:47.816579] [Forward][time spent]:6.724214792251587
[2026-09-10 14:03:50.426336] [Loss]:14.969202041625977
[2026-09-10 14:03:50.426419] [Backward][start]
[2026-09-10 14:04:12.811176] [Backward][time spent]:22.384706020355225
[2026-09-10 14:04:12.811513] [Update][Start]
using avx512bf16
max_compute_thread = 62
[2026-09-10 14:04:43.439455] [Update][time spent]:30.627902507781982
[2026-09-10 14:04:43.439586] [PHISON END] Iteration: 3

[2026-09-10 14:04:43.439613] [INFO] Training efficiency: 1368.85517012192 (tokens/s)

[2026-09-10 14:04:43.475773] [PHISON START] Epoch: 0, Iteration: 4
[2026-09-10 14:04:43.476086] [Forward][start]
[2026-09-10 14:04:50.195196] [Forward][time spent]:6.719091415405273
[2026-09-10 14:04:52.804150] [Loss]:5.878866672515869
[2026-09-10 14:04:52.804221] [Backward][start]
[2026-09-10 14:05:11.462768] [Backward][time spent]:18.658527612686157
[2026-09-10 14:05:11.463012] [Update][Start]
[2026-09-10 14:05:12.018488] [Update][time spent]:0.5554380416870117
[2026-09-10 14:05:12.018607] [PHISON END] Iteration: 4

[2026-09-10 14:05:12.055124] [PHISON START] Epoch: 0, Iteration: 5
[2026-09-10 14:05:12.055434] [Forward][start]
[2026-09-10 14:05:18.772587] [Forward][time spent]:6.7171337604522705
[2026-09-10 14:05:21.381658] [Loss]:6.543055534362793
[2026-09-10 14:05:21.381761] [Backward][start]
[2026-09-10 14:05:43.736173] [Backward][time spent]:22.354376792907715
[2026-09-10 14:05:43.736457] [Update][Start]
[2026-09-10 14:05:44.324721] [Update][time spent]:0.5882272720336914
[2026-09-10 14:05:44.324844] [PHISON END] Iteration: 5

[2026-09-10 14:05:44.362675] [PHISON START] Epoch: 0, Iteration: 6
[2026-09-10 14:05:44.362961] [Forward][start]
[2026-09-10 14:05:51.081015] [Forward][time spent]:6.718034505844116
[2026-09-10 14:05:53.689528] [Loss]:5.898932456970215
[2026-09-10 14:05:53.689589] [Backward][start]
[2026-09-10 14:06:16.132686] [Backward][time spent]:22.44306445121765
[2026-09-10 14:06:16.132951] [Update][Start]
[2026-09-10 14:06:16.705858] [Update][time spent]:0.5728659629821777
[2026-09-10 14:06:16.705982] [PHISON END] Iteration: 6

[2026-09-10 14:06:16.743571] [PHISON START] Epoch: 0, Iteration: 7
[2026-09-10 14:06:16.743871] [Forward][start]
[2026-09-10 14:06:23.460521] [Forward][time spent]:6.716629505157471
[2026-09-10 14:06:26.069621] [Loss]:6.028942584991455
[2026-09-10 14:06:26.069682] [Backward][start]
[2026-09-10 14:06:48.519623] [Backward][time spent]:22.44990873336792
[2026-09-10 14:06:48.519868] [Update][Start]
[2026-09-10 14:07:18.465043] [Update][time spent]:29.945136785507202
[2026-09-10 14:07:18.465185] [PHISON END] Iteration: 7

[2026-09-10 14:07:18.465208] [INFO] Training efficiency: 1426.7581098709923 (tokens/s)

[2026-09-10 14:07:18.501183] [PHISON START] Epoch: 0, Iteration: 8
[2026-09-10 14:07:18.501487] [Forward][start]
[2026-09-10 14:07:25.224200] [Forward][time spent]:6.722691774368286
[2026-09-10 14:07:27.833570] [Loss]:3.115434169769287
[2026-09-10 14:07:27.833626] [Backward][start]
[2026-09-10 14:07:46.497090] [Backward][time spent]:18.66344428062439
[2026-09-10 14:07:46.497327] [Update][Start]
[2026-09-10 14:07:47.048624] [Update][time spent]:0.5512573719024658
[2026-09-10 14:07:47.048753] [PHISON END] Iteration: 8

[2026-09-10 14:07:47.085514] [PHISON START] Epoch: 0, Iteration: 9
[2026-09-10 14:07:47.085804] [Forward][start]
[2026-09-10 14:07:53.798764] [Forward][time spent]:6.712941408157349
[2026-09-10 14:07:56.408492] [Loss]:3.314699411392212
[2026-09-10 14:07:56.408546] [Backward][start]
[2026-09-10 14:08:18.777022] [Backward][time spent]:22.36845636367798
[2026-09-10 14:08:18.777250] [Update][Start]
[2026-09-10 14:08:19.333313] [Update][time spent]:0.5559990406036377
[2026-09-10 14:08:19.333441] [PHISON END] Iteration: 9

[2026-09-10 14:08:19.368085] [PHISON START] Epoch: 0, Iteration: 10
[2026-09-10 14:08:19.368402] [Forward][start]
[2026-09-10 14:08:26.077660] [Forward][time spent]:6.709239482879639
[2026-09-10 14:08:28.688476] [Loss]:3.2127389907836914
[2026-09-10 14:08:28.688531] [Backward][start]
[2026-09-10 14:08:51.036136] [Backward][time spent]:22.347584009170532
[2026-09-10 14:08:51.036359] [Update][Start]
[2026-09-10 14:08:51.592458] [Update][time spent]:0.556060791015625
[2026-09-10 14:08:51.592581] [PHISON END] Iteration: 10

[2026-09-10 14:08:51.626863] [PHISON START] Epoch: 0, Iteration: 11
[2026-09-10 14:08:51.627152] [Forward][start]
[2026-09-10 14:08:58.341932] [Forward][time spent]:6.71476411819458
[2026-09-10 14:09:00.949926] [Loss]:2.963604211807251
[2026-09-10 14:09:00.949983] [Backward][start]
[2026-09-10 14:09:23.417367] [Backward][time spent]:22.46736454963684
[2026-09-10 14:09:23.417548] [Update][Start]
[2026-09-10 14:09:53.364776] [Update][time spent]:29.947192430496216
[2026-09-10 14:09:53.364919] [PHISON END] Iteration: 11

[2026-09-10 14:09:53.364942] [INFO] Training efficiency: 1427.9173630908003 (tokens/s)

[2026-09-10 14:09:53.365054] [INFO] training complete!
Process 17613 exits successfully.
[INFO] remove current swap data path: /mnt/nvme0/phison_17612
