[INFO] [runner.py:579:main] cmd=/usr/bin/python3 -u -m phisonlib.launcher.launch --world_info=eyJsb2NhbGhvc3QiOiBbMF19 --master_addr=127.0.0.1 --master_port=8299 /home/root/aiDAPTIV2/text-generation/train.py --model_name_or_path /app/gemma-3-12b-it --optimizer_path  --max_seq_len 2048 --nvme_path /mnt/nvme0 --beta1 0.9 --beta2 0.95 --eps 1e-08 --weight_decay 0.01 --precision_mode 1 --learning_rate 7e-06 --num_train_epochs 1 --max_iter 12 --lr_scheduler_mode -1 --train_dataset_config_path /workspace/finetune/toolkit/toolkit_v2.3.1_python312/Log/Max_batchsize_gemma-3-12b-it_2026-09-10_095521/qa_dataset_config_0.yaml --per_device_train_batch_size 32 --gradient_accumulation_steps 4 --triton --num_of_iteration_to_save_model 4 --max_num_of_saved_model_on_epoch_end -1 --max_num_of_saved_model_on_iteration 2
nnodes=1, num_local_procs=1, node_rank=0
global_rank_mapping=defaultdict(<class 'list'>, {'localhost': [0]})
dist_world_size=1
Setting CUDA_VISIBLE_DEVICES=0
#### ======== [INITIALIZE Tokenizer] ======== ####
#### ======== [INITIALIZE Dataloader] ======== ####
[INFO] get dataset name:  ../../products/aiDAPTIVLink/toolkit_dataset_10k.json  training_strategy:  QA
#### ======== [INITIALIZE Model] ======== ####
[INFO] [create_hf_model] init from pretrained
[INFO] You are loading [Gemma3ForConditionalGeneration] with FlashAttention2
[INFO] You are setting [Gemma3ForConditionalGeneration] with Gradient Checkpointing
[INFO] create current swap data path: /mnt/nvme0/phison_19924
[INFO] You are accelerating [Gemma3ForConditionalGeneration] VisionEncoder with FusedEmbedding kernel
[INFO] You are accelerating [Gemma3ForConditionalGeneration] VisionEncoder with FusedGateMLP kernel
[INFO] You are accelerating [Gemma3ForConditionalGeneration] VisionEncoder with FusedQKVOLinear kernel
[INFO] You are accelerating [Gemma3ForConditionalGeneration] VisionEncoder with FusedRoPE kernel
[INFO] You are accelerating [Gemma3ForConditionalGeneration] TextDecoder with FusedEmbedding kernel
[INFO] You are accelerating [Gemma3ForConditionalGeneration] TextDecoder with FusedGateMLP kernel
[INFO] You are accelerating [Gemma3ForConditionalGeneration] TextDecoder with FusedQKVOLinear kernel
[INFO] You are accelerating [Gemma3ForConditionalGeneration] TextDecoder with FusedRoPE kernel
[INFO] You are accelerating [Gemma3ForConditionalGeneration] TextDecoder with FusedLinearXentropy kernel
[2026-09-10 15:02:27.778987] [INFO] Enable Early-stopping: False
[INFO] The current training schedule consists of 1 epochs with 12 iterations each.
[INFO] The accumulated time is set to 4 so the training will be updated 3 times during each epoch.
[INFO] If the trained model does not show significant improvement, you may consider increasing the number of update cycles.
[INFO] If the trained model shows signs of overfitting, you should decrease the number of update cycles.
[2026-09-10 15:02:27.779147] [INFO] Beginning of Epoch 1/1, Total Micro Batches 313
[2026-09-10 15:02:27.864751] [PHISON START] Epoch: 0, Iteration: 0
[2026-09-10 15:02:27.865673] [Forward][start]
[2026-09-10 15:02:39.543408] [Forward][time spent]:11.677706956863403
[2026-09-10 15:02:42.599290] [Loss]:14.094594955444336
[2026-09-10 15:02:42.599369] [Backward][start]
[2026-09-10 15:03:06.476499] [Backward][time spent]:23.87709927558899
[2026-09-10 15:03:06.476759] [Update][Start]
[2026-09-10 15:03:07.079918] [Update][time spent]:0.6031198501586914
[2026-09-10 15:03:07.080039] [PHISON END] Iteration: 0

[2026-09-10 15:03:07.124469] [PHISON START] Epoch: 0, Iteration: 1
[2026-09-10 15:03:07.124810] [Forward][start]
[2026-09-10 15:03:14.836079] [Forward][time spent]:7.711243629455566
[2026-09-10 15:03:17.934486] [Loss]:14.903268814086914
[2026-09-10 15:03:17.934551] [Backward][start]
[2026-09-10 15:03:43.485085] [Backward][time spent]:25.550487518310547
[2026-09-10 15:03:43.485504] [Update][Start]
[2026-09-10 15:03:44.104820] [Update][time spent]:0.6192739009857178
[2026-09-10 15:03:44.104937] [PHISON END] Iteration: 1

[2026-09-10 15:03:44.148266] [PHISON START] Epoch: 0, Iteration: 2
[2026-09-10 15:03:44.148585] [Forward][start]
[2026-09-10 15:03:51.866572] [Forward][time spent]:7.717928886413574
[2026-09-10 15:03:54.964864] [Loss]:14.788325309753418
[2026-09-10 15:03:54.964950] [Backward][start]
[2026-09-10 15:04:20.510435] [Backward][time spent]:25.54543709754944
[2026-09-10 15:04:20.510722] [Update][Start]
[2026-09-10 15:04:21.135763] [Update][time spent]:0.6250035762786865
[2026-09-10 15:04:21.135866] [PHISON END] Iteration: 2

[2026-09-10 15:04:21.179709] [PHISON START] Epoch: 0, Iteration: 3
[2026-09-10 15:04:21.180017] [Forward][start]
[2026-09-10 15:04:28.892450] [Forward][time spent]:7.712417840957642
[2026-09-10 15:04:31.991404] [Loss]:14.811054229736328
[2026-09-10 15:04:31.991470] [Backward][start]
[2026-09-10 15:04:57.570495] [Backward][time spent]:25.57900619506836
[2026-09-10 15:04:57.570700] [Update][Start]
using avx512bf16
max_compute_thread = 62
[2026-09-10 15:05:28.479215] [Update][time spent]:30.908477067947388
[2026-09-10 15:05:28.479355] [PHISON END] Iteration: 3

[2026-09-10 15:05:28.479380] [INFO] Training efficiency: 1450.712021888027 (tokens/s)

[2026-09-10 15:05:28.523556] [PHISON START] Epoch: 0, Iteration: 4
[2026-09-10 15:05:28.523896] [Forward][start]
[2026-09-10 15:05:36.209521] [Forward][time spent]:7.685601472854614
[2026-09-10 15:05:39.308227] [Loss]:6.4081130027771
[2026-09-10 15:05:39.308312] [Backward][start]
[2026-09-10 15:06:00.875490] [Backward][time spent]:21.56712579727173
[2026-09-10 15:06:00.875779] [Update][Start]
[2026-09-10 15:06:01.459312] [Update][time spent]:0.5834953784942627
[2026-09-10 15:06:01.459436] [PHISON END] Iteration: 4

[2026-09-10 15:06:01.504836] [PHISON START] Epoch: 0, Iteration: 5
[2026-09-10 15:06:01.505141] [Forward][start]
[2026-09-10 15:06:09.201311] [Forward][time spent]:7.696149587631226
[2026-09-10 15:06:12.300002] [Loss]:5.859078407287598
[2026-09-10 15:06:12.300071] [Backward][start]
[2026-09-10 15:06:37.829664] [Backward][time spent]:25.52955913543701
[2026-09-10 15:06:37.829942] [Update][Start]
[2026-09-10 15:06:38.429548] [Update][time spent]:0.5995700359344482
[2026-09-10 15:06:38.429676] [PHISON END] Iteration: 5

[2026-09-10 15:06:38.474107] [PHISON START] Epoch: 0, Iteration: 6
[2026-09-10 15:06:38.474481] [Forward][start]
[2026-09-10 15:06:46.234974] [Forward][time spent]:7.760468006134033
[2026-09-10 15:06:49.333644] [Loss]:6.124107360839844
[2026-09-10 15:06:49.333728] [Backward][start]
[2026-09-10 15:07:14.764036] [Backward][time spent]:25.430272817611694
[2026-09-10 15:07:14.764332] [Update][Start]
[2026-09-10 15:07:15.354968] [Update][time spent]:0.5905947685241699
[2026-09-10 15:07:15.355083] [PHISON END] Iteration: 6

[2026-09-10 15:07:15.399397] [PHISON START] Epoch: 0, Iteration: 7
[2026-09-10 15:07:15.399674] [Forward][start]
[2026-09-10 15:07:23.147388] [Forward][time spent]:7.747693300247192
[2026-09-10 15:07:26.242303] [Loss]:6.520888805389404
[2026-09-10 15:07:26.242406] [Backward][start]
[2026-09-10 15:07:51.740622] [Backward][time spent]:25.498196125030518
[2026-09-10 15:07:51.740833] [Update][Start]
[2026-09-10 15:08:21.687193] [Update][time spent]:29.94632124900818
[2026-09-10 15:08:21.687342] [PHISON END] Iteration: 7

[2026-09-10 15:08:21.687367] [INFO] Training efficiency: 1513.463823500705 (tokens/s)

[2026-09-10 15:08:21.730541] [PHISON START] Epoch: 0, Iteration: 8
[2026-09-10 15:08:21.730859] [Forward][start]
[2026-09-10 15:08:29.468357] [Forward][time spent]:7.737476348876953
[2026-09-10 15:08:32.566782] [Loss]:3.1661741733551025
[2026-09-10 15:08:32.566888] [Backward][start]
[2026-09-10 15:08:54.165389] [Backward][time spent]:21.598466396331787
[2026-09-10 15:08:54.165640] [Update][Start]
[2026-09-10 15:08:54.764397] [Update][time spent]:0.598719596862793
[2026-09-10 15:08:54.764526] [PHISON END] Iteration: 8

[2026-09-10 15:08:54.809423] [PHISON START] Epoch: 0, Iteration: 9
[2026-09-10 15:08:54.809722] [Forward][start]
[2026-09-10 15:09:02.556853] [Forward][time spent]:7.747107267379761
[2026-09-10 15:09:05.656136] [Loss]:2.9497172832489014
[2026-09-10 15:09:05.656244] [Backward][start]
[2026-09-10 15:09:31.144816] [Backward][time spent]:25.488536834716797
[2026-09-10 15:09:31.145090] [Update][Start]
[2026-09-10 15:09:31.751381] [Update][time spent]:0.6062564849853516
[2026-09-10 15:09:31.751515] [PHISON END] Iteration: 9

[2026-09-10 15:09:31.795855] [PHISON START] Epoch: 0, Iteration: 10
[2026-09-10 15:09:31.796156] [Forward][start]
[2026-09-10 15:09:39.539847] [Forward][time spent]:7.743671655654907
[2026-09-10 15:09:42.635137] [Loss]:2.990783452987671
[2026-09-10 15:09:42.635244] [Backward][start]
[2026-09-10 15:10:08.074876] [Backward][time spent]:25.43960952758789
[2026-09-10 15:10:08.075086] [Update][Start]
[2026-09-10 15:10:08.641873] [Update][time spent]:0.5667493343353271
[2026-09-10 15:10:08.642006] [PHISON END] Iteration: 10

[2026-09-10 15:10:08.686037] [PHISON START] Epoch: 0, Iteration: 11
[2026-09-10 15:10:08.686354] [Forward][start]
[2026-09-10 15:10:16.426195] [Forward][time spent]:7.739819288253784
[2026-09-10 15:10:19.521644] [Loss]:2.9289698600769043
[2026-09-10 15:10:19.521708] [Backward][start]
[2026-09-10 15:10:44.932127] [Backward][time spent]:25.410399913787842
[2026-09-10 15:10:44.932349] [Update][Start]
[2026-09-10 15:11:14.635807] [Update][time spent]:29.703418254852295
[2026-09-10 15:11:14.635951] [PHISON END] Iteration: 11

[2026-09-10 15:11:14.635977] [INFO] Training efficiency: 1515.7336176531871 (tokens/s)

[2026-09-10 15:11:14.636062] [INFO] training complete!
Process 19925 exits successfully.
[INFO] remove current swap data path: /mnt/nvme0/phison_19924
