[INFO] [runner.py:579:main] cmd=/usr/bin/python3 -u -m phisonlib.launcher.launch --world_info=eyJsb2NhbGhvc3QiOiBbMF19 --master_addr=127.0.0.1 --master_port=8299 /home/root/aiDAPTIV2/text-generation/train.py --model_name_or_path /app/gemma-3-12b-it --optimizer_path  --max_seq_len 2048 --nvme_path /mnt/nvme0 --beta1 0.9 --beta2 0.95 --eps 1e-08 --weight_decay 0.01 --precision_mode 1 --learning_rate 7e-06 --num_train_epochs 1 --max_iter 12 --lr_scheduler_mode -1 --train_dataset_config_path /workspace/finetune/toolkit/toolkit_v2.3.1_python312/Log/Max_batchsize_gemma-3-12b-it_2026-09-10_095521/qa_dataset_config_0.yaml --per_device_train_batch_size 59 --gradient_accumulation_steps 4 --triton --num_of_iteration_to_save_model 4 --max_num_of_saved_model_on_epoch_end -1 --max_num_of_saved_model_on_iteration 2
nnodes=1, num_local_procs=1, node_rank=0
global_rank_mapping=defaultdict(<class 'list'>, {'localhost': [0]})
dist_world_size=1
Setting CUDA_VISIBLE_DEVICES=0
#### ======== [INITIALIZE Tokenizer] ======== ####
#### ======== [INITIALIZE Dataloader] ======== ####
[INFO] get dataset name:  ../../products/aiDAPTIVLink/toolkit_dataset_10k.json  training_strategy:  QA
#### ======== [INITIALIZE Model] ======== ####
[INFO] [create_hf_model] init from pretrained
[INFO] You are loading [Gemma3ForConditionalGeneration] with FlashAttention2
[INFO] You are setting [Gemma3ForConditionalGeneration] with Gradient Checkpointing
[INFO] create current swap data path: /mnt/nvme0/phison_32469
[INFO] You are accelerating [Gemma3ForConditionalGeneration] VisionEncoder with FusedEmbedding kernel
[INFO] You are accelerating [Gemma3ForConditionalGeneration] VisionEncoder with FusedGateMLP kernel
[INFO] You are accelerating [Gemma3ForConditionalGeneration] VisionEncoder with FusedQKVOLinear kernel
[INFO] You are accelerating [Gemma3ForConditionalGeneration] VisionEncoder with FusedRoPE kernel
[INFO] You are accelerating [Gemma3ForConditionalGeneration] TextDecoder with FusedEmbedding kernel
[INFO] You are accelerating [Gemma3ForConditionalGeneration] TextDecoder with FusedGateMLP kernel
[INFO] You are accelerating [Gemma3ForConditionalGeneration] TextDecoder with FusedQKVOLinear kernel
[INFO] You are accelerating [Gemma3ForConditionalGeneration] TextDecoder with FusedRoPE kernel
[INFO] You are accelerating [Gemma3ForConditionalGeneration] TextDecoder with FusedLinearXentropy kernel
[2026-09-10 21:49:08.321788] [INFO] Enable Early-stopping: False
[INFO] The current training schedule consists of 1 epochs with 12 iterations each.
[INFO] The accumulated time is set to 4 so the training will be updated 3 times during each epoch.
[INFO] If the trained model does not show significant improvement, you may consider increasing the number of update cycles.
[INFO] If the trained model shows signs of overfitting, you should decrease the number of update cycles.
[2026-09-10 21:49:08.321912] [INFO] Beginning of Epoch 1/1, Total Micro Batches 170
[2026-09-10 21:49:08.442919] [PHISON START] Epoch: 0, Iteration: 0
[2026-09-10 21:49:08.444793] [Forward][start]
[2026-09-10 21:49:27.377635] [Forward][time spent]:18.93276882171631
[2026-09-10 21:49:32.845197] [Loss]:14.545652389526367
[2026-09-10 21:49:32.845301] [Backward][start]
[2026-09-10 21:50:13.381692] [Backward][time spent]:40.53635764122009
[2026-09-10 21:50:13.381930] [Update][Start]
[2026-09-10 21:50:14.006493] [Update][time spent]:0.6245253086090088
[2026-09-10 21:50:14.006618] [PHISON END] Iteration: 0

[2026-09-10 21:50:14.083509] [PHISON START] Epoch: 0, Iteration: 1
[2026-09-10 21:50:14.084043] [Forward][start]
[2026-09-10 21:50:27.290211] [Forward][time spent]:13.206148147583008
[2026-09-10 21:50:32.843499] [Loss]:14.66752815246582
[2026-09-10 21:50:32.843591] [Backward][start]
[2026-09-10 21:51:14.568087] [Backward][time spent]:41.72444486618042
[2026-09-10 21:51:14.568409] [Update][Start]
[2026-09-10 21:51:15.191131] [Update][time spent]:0.6226801872253418
[2026-09-10 21:51:15.191267] [PHISON END] Iteration: 1

[2026-09-10 21:51:15.266433] [PHISON START] Epoch: 0, Iteration: 2
[2026-09-10 21:51:15.266896] [Forward][start]
[2026-09-10 21:51:28.493144] [Forward][time spent]:13.226207971572876
[2026-09-10 21:51:34.046825] [Loss]:14.749011039733887
[2026-09-10 21:51:34.046931] [Backward][start]
[2026-09-10 21:52:15.639320] [Backward][time spent]:41.59228563308716
[2026-09-10 21:52:15.639686] [Update][Start]
[2026-09-10 21:52:16.264589] [Update][time spent]:0.6248435974121094
[2026-09-10 21:52:16.264725] [PHISON END] Iteration: 2

[2026-09-10 21:52:16.339991] [PHISON START] Epoch: 0, Iteration: 3
[2026-09-10 21:52:16.340467] [Forward][start]
[2026-09-10 21:52:29.571204] [Forward][time spent]:13.230720281600952
[2026-09-10 21:52:35.124309] [Loss]:14.932930946350098
[2026-09-10 21:52:35.124391] [Backward][start]
[2026-09-10 21:53:16.711033] [Backward][time spent]:41.58658766746521
[2026-09-10 21:53:16.711344] [Update][Start]
using avx512bf16
max_compute_thread = 62
[2026-09-10 21:53:49.258180] [Update][time spent]:32.54679489135742
[2026-09-10 21:53:49.258328] [PHISON END] Iteration: 3

[2026-09-10 21:53:49.258354] [INFO] Training efficiency: 1720.417603120664 (tokens/s)

[2026-09-10 21:53:49.334469] [PHISON START] Epoch: 0, Iteration: 4
[2026-09-10 21:53:49.334846] [Forward][start]
[2026-09-10 21:54:02.564919] [Forward][time spent]:13.230047225952148
[2026-09-10 21:54:08.120523] [Loss]:6.121255874633789
[2026-09-10 21:54:08.120650] [Backward][start]
[2026-09-10 21:54:45.483350] [Backward][time spent]:37.362645626068115
[2026-09-10 21:54:45.483632] [Update][Start]
[2026-09-10 21:54:46.098509] [Update][time spent]:0.6148402690887451
[2026-09-10 21:54:46.098637] [PHISON END] Iteration: 4

[2026-09-10 21:54:46.175770] [PHISON START] Epoch: 0, Iteration: 5
[2026-09-10 21:54:46.176125] [Forward][start]
[2026-09-10 21:54:59.397396] [Forward][time spent]:13.22124457359314
[2026-09-10 21:55:04.951004] [Loss]:5.849642276763916
[2026-09-10 21:55:04.951143] [Backward][start]
[2026-09-10 21:55:46.493201] [Backward][time spent]:41.54203391075134
[2026-09-10 21:55:46.493436] [Update][Start]
[2026-09-10 21:55:47.060164] [Update][time spent]:0.5666909217834473
[2026-09-10 21:55:47.060303] [PHISON END] Iteration: 5

[2026-09-10 21:55:47.136025] [PHISON START] Epoch: 0, Iteration: 6
[2026-09-10 21:55:47.136386] [Forward][start]
[2026-09-10 21:56:00.351448] [Forward][time spent]:13.215034246444702
[2026-09-10 21:56:05.900040] [Loss]:6.165958404541016
[2026-09-10 21:56:05.900175] [Backward][start]
[2026-09-10 21:56:47.281708] [Backward][time spent]:41.38147854804993
[2026-09-10 21:56:47.281983] [Update][Start]
[2026-09-10 21:56:47.876677] [Update][time spent]:0.5946559906005859
[2026-09-10 21:56:47.876803] [PHISON END] Iteration: 6

[2026-09-10 21:56:47.954213] [PHISON START] Epoch: 0, Iteration: 7
[2026-09-10 21:56:47.954623] [Forward][start]
[2026-09-10 21:57:01.171195] [Forward][time spent]:13.216543912887573
[2026-09-10 21:57:06.719849] [Loss]:5.965741157531738
[2026-09-10 21:57:06.719957] [Backward][start]
[2026-09-10 21:57:48.341601] [Backward][time spent]:41.62158751487732
[2026-09-10 21:57:48.341887] [Update][Start]
[2026-09-10 21:58:18.753780] [Update][time spent]:30.411853075027466
[2026-09-10 21:58:18.753927] [PHISON END] Iteration: 7

[2026-09-10 21:58:18.753951] [INFO] Training efficiency: 1793.4542592478326 (tokens/s)

[2026-09-10 21:58:18.830670] [PHISON START] Epoch: 0, Iteration: 8
[2026-09-10 21:58:18.831091] [Forward][start]
[2026-09-10 21:58:32.043652] [Forward][time spent]:13.212543487548828
[2026-09-10 21:58:37.596935] [Loss]:2.920051097869873
[2026-09-10 21:58:37.597000] [Backward][start]
[2026-09-10 21:59:14.923233] [Backward][time spent]:37.326213359832764
[2026-09-10 21:59:14.923478] [Update][Start]
[2026-09-10 21:59:15.492024] [Update][time spent]:0.5685067176818848
[2026-09-10 21:59:15.492140] [PHISON END] Iteration: 8

[2026-09-10 21:59:15.566705] [PHISON START] Epoch: 0, Iteration: 9
[2026-09-10 21:59:15.567242] [Forward][start]
[2026-09-10 21:59:28.746787] [Forward][time spent]:13.179463386535645
[2026-09-10 21:59:34.303866] [Loss]:2.8689398765563965
[2026-09-10 21:59:34.303918] [Backward][start]
[2026-09-10 22:00:15.944365] [Backward][time spent]:41.64042949676514
[2026-09-10 22:00:15.944596] [Update][Start]
[2026-09-10 22:00:16.524414] [Update][time spent]:0.579780101776123
[2026-09-10 22:00:16.524531] [PHISON END] Iteration: 9

[2026-09-10 22:00:16.595464] [PHISON START] Epoch: 0, Iteration: 10
[2026-09-10 22:00:16.595805] [Forward][start]
[2026-09-10 22:00:29.775572] [Forward][time spent]:13.179750204086304
[2026-09-10 22:00:35.323124] [Loss]:2.918271064758301
[2026-09-10 22:00:35.323190] [Backward][start]
[2026-09-10 22:01:16.894306] [Backward][time spent]:41.57109594345093
[2026-09-10 22:01:16.894501] [Update][Start]
[2026-09-10 22:01:17.472298] [Update][time spent]:0.5777609348297119
[2026-09-10 22:01:17.472424] [PHISON END] Iteration: 10

[2026-09-10 22:01:17.542545] [PHISON START] Epoch: 0, Iteration: 11
[2026-09-10 22:01:17.542867] [Forward][start]
[2026-09-10 22:01:30.722495] [Forward][time spent]:13.179615020751953
[2026-09-10 22:01:36.271745] [Loss]:2.9186453819274902
[2026-09-10 22:01:36.271799] [Backward][start]
[2026-09-10 22:02:17.887303] [Backward][time spent]:41.61548590660095
[2026-09-10 22:02:17.887581] [Update][Start]
[2026-09-10 22:02:47.893790] [Update][time spent]:30.00617265701294
[2026-09-10 22:02:47.893934] [PHISON END] Iteration: 11

[2026-09-10 22:02:47.893966] [INFO] Training efficiency: 1795.8237389317226 (tokens/s)

[2026-09-10 22:02:47.894070] [INFO] training complete!
Process 32470 exits successfully.
[INFO] remove current swap data path: /mnt/nvme0/phison_32469
