[INFO] [runner.py:579:main] cmd=/usr/bin/python3 -u -m phisonlib.launcher.launch --world_info=eyJsb2NhbGhvc3QiOiBbMF19 --master_addr=127.0.0.1 --master_port=8299 /home/root/aiDAPTIV2/text-generation/train.py --model_name_or_path /app/gemma-3-12b-it --optimizer_path  --max_seq_len 2048 --nvme_path /mnt/nvme0 --beta1 0.9 --beta2 0.95 --eps 1e-08 --weight_decay 0.01 --precision_mode 1 --learning_rate 7e-06 --num_train_epochs 1 --max_iter 12 --lr_scheduler_mode -1 --train_dataset_config_path /workspace/finetune/toolkit/toolkit_v2.3.1_python312/Log/Max_batchsize_gemma-3-12b-it_2026-09-10_095521/qa_dataset_config_0.yaml --per_device_train_batch_size 25 --gradient_accumulation_steps 4 --triton --num_of_iteration_to_save_model 4 --max_num_of_saved_model_on_epoch_end -1 --max_num_of_saved_model_on_iteration 2
nnodes=1, num_local_procs=1, node_rank=0
global_rank_mapping=defaultdict(<class 'list'>, {'localhost': [0]})
dist_world_size=1
Setting CUDA_VISIBLE_DEVICES=0
#### ======== [INITIALIZE Tokenizer] ======== ####
#### ======== [INITIALIZE Dataloader] ======== ####
[INFO] get dataset name:  ../../products/aiDAPTIVLink/toolkit_dataset_10k.json  training_strategy:  QA
#### ======== [INITIALIZE Model] ======== ####
[INFO] [create_hf_model] init from pretrained
[INFO] You are loading [Gemma3ForConditionalGeneration] with FlashAttention2
[INFO] You are setting [Gemma3ForConditionalGeneration] with Gradient Checkpointing
[INFO] create current swap data path: /mnt/nvme0/phison_16690
[INFO] You are accelerating [Gemma3ForConditionalGeneration] VisionEncoder with FusedEmbedding kernel
[INFO] You are accelerating [Gemma3ForConditionalGeneration] VisionEncoder with FusedGateMLP kernel
[INFO] You are accelerating [Gemma3ForConditionalGeneration] VisionEncoder with FusedQKVOLinear kernel
[INFO] You are accelerating [Gemma3ForConditionalGeneration] VisionEncoder with FusedRoPE kernel
[INFO] You are accelerating [Gemma3ForConditionalGeneration] TextDecoder with FusedEmbedding kernel
[INFO] You are accelerating [Gemma3ForConditionalGeneration] TextDecoder with FusedGateMLP kernel
[INFO] You are accelerating [Gemma3ForConditionalGeneration] TextDecoder with FusedQKVOLinear kernel
[INFO] You are accelerating [Gemma3ForConditionalGeneration] TextDecoder with FusedRoPE kernel
[INFO] You are accelerating [Gemma3ForConditionalGeneration] TextDecoder with FusedLinearXentropy kernel
[2026-09-10 13:39:10.089727] [INFO] Enable Early-stopping: False
[INFO] The current training schedule consists of 1 epochs with 12 iterations each.
[INFO] The accumulated time is set to 4 so the training will be updated 3 times during each epoch.
[INFO] If the trained model does not show significant improvement, you may consider increasing the number of update cycles.
[INFO] If the trained model shows signs of overfitting, you should decrease the number of update cycles.
[2026-09-10 13:39:10.089901] [INFO] Beginning of Epoch 1/1, Total Micro Batches 400
[2026-09-10 13:39:10.162518] [PHISON START] Epoch: 0, Iteration: 0
[2026-09-10 13:39:10.163634] [Forward][start]
[2026-09-10 13:39:19.965827] [Forward][time spent]:9.80211877822876
[2026-09-10 13:39:22.344850] [Loss]:14.17068099975586
[2026-09-10 13:39:22.344963] [Backward][start]
[2026-09-10 13:39:41.999027] [Backward][time spent]:19.654030561447144
[2026-09-10 13:39:41.999395] [Update][Start]
[2026-09-10 13:39:42.619413] [Update][time spent]:0.6199772357940674
[2026-09-10 13:39:42.619540] [PHISON END] Iteration: 0

[2026-09-10 13:39:42.655420] [PHISON START] Epoch: 0, Iteration: 1
[2026-09-10 13:39:42.655769] [Forward][start]
[2026-09-10 13:39:48.943623] [Forward][time spent]:6.287836790084839
[2026-09-10 13:39:51.366554] [Loss]:14.833541870117188
[2026-09-10 13:39:51.366608] [Backward][start]
[2026-09-10 13:40:12.634977] [Backward][time spent]:21.26834726333618
[2026-09-10 13:40:12.635178] [Update][Start]
[2026-09-10 13:40:13.206935] [Update][time spent]:0.5717177391052246
[2026-09-10 13:40:13.207037] [PHISON END] Iteration: 1

[2026-09-10 13:40:13.240897] [PHISON START] Epoch: 0, Iteration: 2
[2026-09-10 13:40:13.241216] [Forward][start]
[2026-09-10 13:40:19.537207] [Forward][time spent]:6.295953750610352
[2026-09-10 13:40:21.959766] [Loss]:14.406657218933105
[2026-09-10 13:40:21.959828] [Backward][start]
[2026-09-10 13:40:43.181876] [Backward][time spent]:21.222029447555542
[2026-09-10 13:40:43.182072] [Update][Start]
[2026-09-10 13:40:43.761254] [Update][time spent]:0.5791432857513428
[2026-09-10 13:40:43.761386] [PHISON END] Iteration: 2

[2026-09-10 13:40:43.793035] [PHISON START] Epoch: 0, Iteration: 3
[2026-09-10 13:40:43.793363] [Forward][start]
[2026-09-10 13:40:50.082648] [Forward][time spent]:6.289269685745239
[2026-09-10 13:40:52.506116] [Loss]:14.718500137329102
[2026-09-10 13:40:52.506175] [Backward][start]
[2026-09-10 13:41:13.737748] [Backward][time spent]:21.23155450820923
[2026-09-10 13:41:13.737945] [Update][Start]
using avx512bf16
max_compute_thread = 62
[2026-09-10 13:41:44.984931] [Update][time spent]:31.24694585800171
[2026-09-10 13:41:44.985078] [PHISON END] Iteration: 3

[2026-09-10 13:41:44.985105] [INFO] Training efficiency: 1322.184263187661 (tokens/s)

[2026-09-10 13:41:45.019333] [PHISON START] Epoch: 0, Iteration: 4
[2026-09-10 13:41:45.019646] [Forward][start]
[2026-09-10 13:41:51.278340] [Forward][time spent]:6.2586774826049805
[2026-09-10 13:41:53.701046] [Loss]:5.637515068054199
[2026-09-10 13:41:53.701104] [Backward][start]
[2026-09-10 13:42:11.124357] [Backward][time spent]:17.42323327064514
[2026-09-10 13:42:11.124560] [Update][Start]
[2026-09-10 13:42:11.677915] [Update][time spent]:0.5533204078674316
[2026-09-10 13:42:11.678052] [PHISON END] Iteration: 4

[2026-09-10 13:42:11.710774] [PHISON START] Epoch: 0, Iteration: 5
[2026-09-10 13:42:11.711063] [Forward][start]
[2026-09-10 13:42:17.989525] [Forward][time spent]:6.278444528579712
[2026-09-10 13:42:20.411683] [Loss]:6.435275077819824
[2026-09-10 13:42:20.411732] [Backward][start]
[2026-09-10 13:42:41.595184] [Backward][time spent]:21.18343472480774
[2026-09-10 13:42:41.595404] [Update][Start]
[2026-09-10 13:42:42.162347] [Update][time spent]:0.5669033527374268
[2026-09-10 13:42:42.162474] [PHISON END] Iteration: 5

[2026-09-10 13:42:42.195065] [PHISON START] Epoch: 0, Iteration: 6
[2026-09-10 13:42:42.195360] [Forward][start]
[2026-09-10 13:42:48.462443] [Forward][time spent]:6.267062664031982
[2026-09-10 13:42:50.885146] [Loss]:6.06607723236084
[2026-09-10 13:42:50.885206] [Backward][start]
[2026-09-10 13:43:12.049201] [Backward][time spent]:21.163975477218628
[2026-09-10 13:43:12.049457] [Update][Start]
[2026-09-10 13:43:12.613050] [Update][time spent]:0.563554048538208
[2026-09-10 13:43:12.613161] [PHISON END] Iteration: 6

[2026-09-10 13:43:12.645409] [PHISON START] Epoch: 0, Iteration: 7
[2026-09-10 13:43:12.645692] [Forward][start]
[2026-09-10 13:43:18.925626] [Forward][time spent]:6.27992057800293
[2026-09-10 13:43:21.348079] [Loss]:6.086938381195068
[2026-09-10 13:43:21.348144] [Backward][start]
[2026-09-10 13:43:42.565612] [Backward][time spent]:21.217447996139526
[2026-09-10 13:43:42.565815] [Update][Start]
[2026-09-10 13:44:12.032811] [Update][time spent]:29.46695828437805
[2026-09-10 13:44:12.032955] [PHISON END] Iteration: 7

[2026-09-10 13:44:12.032982] [INFO] Training efficiency: 1392.7438259431174 (tokens/s)

[2026-09-10 13:44:12.064908] [PHISON START] Epoch: 0, Iteration: 8
[2026-09-10 13:44:12.065193] [Forward][start]
[2026-09-10 13:44:18.320319] [Forward][time spent]:6.255105972290039
[2026-09-10 13:44:20.743318] [Loss]:3.082601547241211
[2026-09-10 13:44:20.743369] [Backward][start]
[2026-09-10 13:44:38.161453] [Backward][time spent]:17.418065071105957
[2026-09-10 13:44:38.161641] [Update][Start]
[2026-09-10 13:44:38.706712] [Update][time spent]:0.5450332164764404
[2026-09-10 13:44:38.706812] [PHISON END] Iteration: 8

[2026-09-10 13:44:38.738571] [PHISON START] Epoch: 0, Iteration: 9
[2026-09-10 13:44:38.738850] [Forward][start]
[2026-09-10 13:44:45.007722] [Forward][time spent]:6.268854379653931
[2026-09-10 13:44:47.430178] [Loss]:3.152414321899414
[2026-09-10 13:44:47.430269] [Backward][start]
[2026-09-10 13:45:08.627296] [Backward][time spent]:21.196959733963013
[2026-09-10 13:45:08.627584] [Update][Start]
[2026-09-10 13:45:09.210761] [Update][time spent]:0.5831413269042969
[2026-09-10 13:45:09.210894] [PHISON END] Iteration: 9

[2026-09-10 13:45:09.245778] [PHISON START] Epoch: 0, Iteration: 10
[2026-09-10 13:45:09.246063] [Forward][start]
[2026-09-10 13:45:15.528720] [Forward][time spent]:6.282638788223267
[2026-09-10 13:45:17.950506] [Loss]:3.259537935256958
[2026-09-10 13:45:17.950571] [Backward][start]
[2026-09-10 13:45:39.173118] [Backward][time spent]:21.2225124835968
[2026-09-10 13:45:39.173407] [Update][Start]
[2026-09-10 13:45:39.762331] [Update][time spent]:0.5888850688934326
[2026-09-10 13:45:39.762449] [PHISON END] Iteration: 10

[2026-09-10 13:45:39.797948] [PHISON START] Epoch: 0, Iteration: 11
[2026-09-10 13:45:39.798298] [Forward][start]
[2026-09-10 13:45:46.071886] [Forward][time spent]:6.27356481552124
[2026-09-10 13:45:48.495755] [Loss]:3.081660747528076
[2026-09-10 13:45:48.495819] [Backward][start]
[2026-09-10 13:46:09.717114] [Backward][time spent]:21.221261978149414
[2026-09-10 13:46:09.717391] [Update][Start]
[2026-09-10 13:46:39.030333] [Update][time spent]:29.312901973724365
[2026-09-10 13:46:39.030473] [PHISON END] Iteration: 11

[2026-09-10 13:46:39.030496] [INFO] Training efficiency: 1393.2209895060062 (tokens/s)

[2026-09-10 13:46:39.030582] [INFO] training complete!
Process 16691 exits successfully.
[INFO] remove current swap data path: /mnt/nvme0/phison_16690
