[INFO] [runner.py:579:main] cmd=/usr/bin/python3 -u -m phisonlib.launcher.launch --world_info=eyJsb2NhbGhvc3QiOiBbMF19 --master_addr=127.0.0.1 --master_port=8299 /home/root/aiDAPTIV2/text-generation/train.py --model_name_or_path /app/gemma-3-12b-it --optimizer_path  --max_seq_len 2048 --nvme_path /mnt/nvme0 --beta1 0.9 --beta2 0.95 --eps 1e-08 --weight_decay 0.01 --precision_mode 1 --learning_rate 7e-06 --num_train_epochs 1 --max_iter 12 --lr_scheduler_mode -1 --train_dataset_config_path /workspace/finetune/toolkit/toolkit_v2.3.1_python312/Log/Max_batchsize_gemma-3-12b-it_2026-09-10_095521/qa_dataset_config_0.yaml --per_device_train_batch_size 28 --gradient_accumulation_steps 4 --triton --num_of_iteration_to_save_model 4 --max_num_of_saved_model_on_epoch_end -1 --max_num_of_saved_model_on_iteration 2
nnodes=1, num_local_procs=1, node_rank=0
global_rank_mapping=defaultdict(<class 'list'>, {'localhost': [0]})
dist_world_size=1
Setting CUDA_VISIBLE_DEVICES=0
#### ======== [INITIALIZE Tokenizer] ======== ####
#### ======== [INITIALIZE Dataloader] ======== ####
[INFO] get dataset name:  ../../products/aiDAPTIVLink/toolkit_dataset_10k.json  training_strategy:  QA
#### ======== [INITIALIZE Model] ======== ####
[INFO] [create_hf_model] init from pretrained
[INFO] You are loading [Gemma3ForConditionalGeneration] with FlashAttention2
[INFO] You are setting [Gemma3ForConditionalGeneration] with Gradient Checkpointing
[INFO] create current swap data path: /mnt/nvme0/phison_18078
[INFO] You are accelerating [Gemma3ForConditionalGeneration] VisionEncoder with FusedEmbedding kernel
[INFO] You are accelerating [Gemma3ForConditionalGeneration] VisionEncoder with FusedGateMLP kernel
[INFO] You are accelerating [Gemma3ForConditionalGeneration] VisionEncoder with FusedQKVOLinear kernel
[INFO] You are accelerating [Gemma3ForConditionalGeneration] VisionEncoder with FusedRoPE kernel
[INFO] You are accelerating [Gemma3ForConditionalGeneration] TextDecoder with FusedEmbedding kernel
[INFO] You are accelerating [Gemma3ForConditionalGeneration] TextDecoder with FusedGateMLP kernel
[INFO] You are accelerating [Gemma3ForConditionalGeneration] TextDecoder with FusedQKVOLinear kernel
[INFO] You are accelerating [Gemma3ForConditionalGeneration] TextDecoder with FusedRoPE kernel
[INFO] You are accelerating [Gemma3ForConditionalGeneration] TextDecoder with FusedLinearXentropy kernel
[2026-09-10 14:13:49.722032] [INFO] Enable Early-stopping: False
[INFO] The current training schedule consists of 1 epochs with 12 iterations each.
[INFO] The accumulated time is set to 4 so the training will be updated 3 times during each epoch.
[INFO] If the trained model does not show significant improvement, you may consider increasing the number of update cycles.
[INFO] If the trained model shows signs of overfitting, you should decrease the number of update cycles.
[2026-09-10 14:13:49.722201] [INFO] Beginning of Epoch 1/1, Total Micro Batches 358
[2026-09-10 14:13:49.803229] [PHISON START] Epoch: 0, Iteration: 0
[2026-09-10 14:13:49.804792] [Forward][start]
[2026-09-10 14:14:00.385674] [Forward][time spent]:10.580806255340576
[2026-09-10 14:14:03.046133] [Loss]:14.138396263122559
[2026-09-10 14:14:03.046229] [Backward][start]
[2026-09-10 14:14:24.544679] [Backward][time spent]:21.498417615890503
[2026-09-10 14:14:24.544996] [Update][Start]
[2026-09-10 14:14:25.154421] [Update][time spent]:0.6093873977661133
[2026-09-10 14:14:25.154547] [PHISON END] Iteration: 0

[2026-09-10 14:14:25.194449] [PHISON START] Epoch: 0, Iteration: 1
[2026-09-10 14:14:25.194766] [Forward][start]
[2026-09-10 14:14:32.144238] [Forward][time spent]:6.949451684951782
[2026-09-10 14:14:34.847807] [Loss]:14.922107696533203
[2026-09-10 14:14:34.847881] [Backward][start]
[2026-09-10 14:14:57.835294] [Backward][time spent]:22.98736572265625
[2026-09-10 14:14:57.835492] [Update][Start]
[2026-09-10 14:14:58.393690] [Update][time spent]:0.558157205581665
[2026-09-10 14:14:58.393828] [PHISON END] Iteration: 1

[2026-09-10 14:14:58.430940] [PHISON START] Epoch: 0, Iteration: 2
[2026-09-10 14:14:58.431250] [Forward][start]
[2026-09-10 14:15:05.355692] [Forward][time spent]:6.924392223358154
[2026-09-10 14:15:08.060475] [Loss]:14.4170560836792
[2026-09-10 14:15:08.060536] [Backward][start]
[2026-09-10 14:15:31.030539] [Backward][time spent]:22.96998429298401
[2026-09-10 14:15:31.030761] [Update][Start]
[2026-09-10 14:15:31.592542] [Update][time spent]:0.5617432594299316
[2026-09-10 14:15:31.592668] [PHISON END] Iteration: 2

[2026-09-10 14:15:31.628145] [PHISON START] Epoch: 0, Iteration: 3
[2026-09-10 14:15:31.628451] [Forward][start]
[2026-09-10 14:15:38.570041] [Forward][time spent]:6.941575288772583
[2026-09-10 14:15:41.273351] [Loss]:14.999231338500977
[2026-09-10 14:15:41.273417] [Backward][start]
[2026-09-10 14:16:04.295405] [Backward][time spent]:23.021968603134155
[2026-09-10 14:16:04.295604] [Update][Start]
using avx512bf16
max_compute_thread = 62
[2026-09-10 14:16:35.260325] [Update][time spent]:30.964682579040527
[2026-09-10 14:16:35.260464] [PHISON END] Iteration: 3

[2026-09-10 14:16:35.260490] [INFO] Training efficiency: 1385.6371373628915 (tokens/s)

[2026-09-10 14:16:35.300064] [PHISON START] Epoch: 0, Iteration: 4
[2026-09-10 14:16:35.300380] [Forward][start]
[2026-09-10 14:16:42.209368] [Forward][time spent]:6.90895414352417
[2026-09-10 14:16:44.911820] [Loss]:5.823176860809326
[2026-09-10 14:16:44.912200] [Backward][start]
[2026-09-10 14:17:04.200736] [Backward][time spent]:19.288450241088867
[2026-09-10 14:17:04.201115] [Update][Start]
[2026-09-10 14:17:04.790387] [Update][time spent]:0.5892338752746582
[2026-09-10 14:17:04.790519] [PHISON END] Iteration: 4

[2026-09-10 14:17:04.837893] [PHISON START] Epoch: 0, Iteration: 5
[2026-09-10 14:17:04.838201] [Forward][start]
[2026-09-10 14:17:11.769631] [Forward][time spent]:6.931407690048218
[2026-09-10 14:17:14.473606] [Loss]:6.347033977508545
[2026-09-10 14:17:14.473695] [Backward][start]
[2026-09-10 14:17:37.541806] [Backward][time spent]:23.06808876991272
[2026-09-10 14:17:37.542009] [Update][Start]
[2026-09-10 14:17:38.102175] [Update][time spent]:0.5601282119750977
[2026-09-10 14:17:38.102283] [PHISON END] Iteration: 5

[2026-09-10 14:17:38.143246] [PHISON START] Epoch: 0, Iteration: 6
[2026-09-10 14:17:38.143558] [Forward][start]
[2026-09-10 14:17:45.076919] [Forward][time spent]:6.933346748352051
[2026-09-10 14:17:47.781514] [Loss]:5.756750106811523
[2026-09-10 14:17:47.781571] [Backward][start]
[2026-09-10 14:18:10.743067] [Backward][time spent]:22.96147656440735
[2026-09-10 14:18:10.743293] [Update][Start]
[2026-09-10 14:18:11.298200] [Update][time spent]:0.5548667907714844
[2026-09-10 14:18:11.298330] [PHISON END] Iteration: 6

[2026-09-10 14:18:11.334875] [PHISON START] Epoch: 0, Iteration: 7
[2026-09-10 14:18:11.335177] [Forward][start]
[2026-09-10 14:18:18.261485] [Forward][time spent]:6.926290988922119
[2026-09-10 14:18:20.964991] [Loss]:6.217248439788818
[2026-09-10 14:18:20.965030] [Backward][start]
[2026-09-10 14:18:43.958452] [Backward][time spent]:22.993404150009155
[2026-09-10 14:18:43.958648] [Update][Start]
[2026-09-10 14:19:13.982863] [Update][time spent]:30.024178504943848
[2026-09-10 14:19:13.983012] [PHISON END] Iteration: 7

[2026-09-10 14:19:13.983040] [INFO] Training efficiency: 1445.138201539122 (tokens/s)

[2026-09-10 14:19:14.023320] [PHISON START] Epoch: 0, Iteration: 8
[2026-09-10 14:19:14.023639] [Forward][start]
[2026-09-10 14:19:20.961116] [Forward][time spent]:6.937452554702759
[2026-09-10 14:19:23.664663] [Loss]:3.1559977531433105
[2026-09-10 14:19:23.664764] [Backward][start]
[2026-09-10 14:19:42.933221] [Backward][time spent]:19.268399238586426
[2026-09-10 14:19:42.933556] [Update][Start]
[2026-09-10 14:19:43.511490] [Update][time spent]:0.5778956413269043
[2026-09-10 14:19:43.511608] [PHISON END] Iteration: 8

[2026-09-10 14:19:43.550926] [PHISON START] Epoch: 0, Iteration: 9
[2026-09-10 14:19:43.551220] [Forward][start]
[2026-09-10 14:19:50.480172] [Forward][time spent]:6.9289233684539795
[2026-09-10 14:19:53.183901] [Loss]:3.155211925506592
[2026-09-10 14:19:53.183986] [Backward][start]
[2026-09-10 14:20:16.161682] [Backward][time spent]:22.977641820907593
[2026-09-10 14:20:16.161989] [Update][Start]
[2026-09-10 14:20:16.735347] [Update][time spent]:0.5733222961425781
[2026-09-10 14:20:16.735467] [PHISON END] Iteration: 9

[2026-09-10 14:20:16.774971] [PHISON START] Epoch: 0, Iteration: 10
[2026-09-10 14:20:16.775234] [Forward][start]
[2026-09-10 14:20:23.708518] [Forward][time spent]:6.9332594871521
[2026-09-10 14:20:26.410375] [Loss]:3.0404272079467773
[2026-09-10 14:20:26.410440] [Backward][start]
[2026-09-10 14:20:49.396134] [Backward][time spent]:22.98565912246704
[2026-09-10 14:20:49.396420] [Update][Start]
[2026-09-10 14:20:49.985969] [Update][time spent]:0.589510440826416
[2026-09-10 14:20:49.986100] [PHISON END] Iteration: 10

[2026-09-10 14:20:50.026015] [PHISON START] Epoch: 0, Iteration: 11
[2026-09-10 14:20:50.026311] [Forward][start]
[2026-09-10 14:20:56.950534] [Forward][time spent]:6.924194097518921
[2026-09-10 14:20:59.654957] [Loss]:2.9610633850097656
[2026-09-10 14:20:59.655050] [Backward][start]
[2026-09-10 14:21:22.686865] [Backward][time spent]:23.031759023666382
[2026-09-10 14:21:22.687132] [Update][Start]
[2026-09-10 14:21:52.709209] [Update][time spent]:30.022037506103516
[2026-09-10 14:21:52.709356] [PHISON END] Iteration: 11

[2026-09-10 14:21:52.709381] [INFO] Training efficiency: 1445.1037090596187 (tokens/s)

[2026-09-10 14:21:52.709474] [INFO] training complete!
Process 18079 exits successfully.
