[INFO] [runner.py:579:main] cmd=/usr/bin/python3 -u -m phisonlib.launcher.launch --world_info=eyJsb2NhbGhvc3QiOiBbMF19 --master_addr=127.0.0.1 --master_port=8299 /home/root/aiDAPTIV2/text-generation/train.py --model_name_or_path /app/gemma-3-12b-it --optimizer_path  --max_seq_len 2048 --nvme_path /mnt/nvme0 --beta1 0.9 --beta2 0.95 --eps 1e-08 --weight_decay 0.01 --precision_mode 1 --learning_rate 7e-06 --num_train_epochs 1 --max_iter 12 --lr_scheduler_mode -1 --train_dataset_config_path /workspace/finetune/toolkit/toolkit_v2.3.1_python312/Log/Max_batchsize_gemma-3-12b-it_2026-09-10_095521/qa_dataset_config_0.yaml --per_device_train_batch_size 26 --gradient_accumulation_steps 4 --triton --num_of_iteration_to_save_model 4 --max_num_of_saved_model_on_epoch_end -1 --max_num_of_saved_model_on_iteration 2
nnodes=1, num_local_procs=1, node_rank=0
global_rank_mapping=defaultdict(<class 'list'>, {'localhost': [0]})
dist_world_size=1
Setting CUDA_VISIBLE_DEVICES=0
#### ======== [INITIALIZE Tokenizer] ======== ####
#### ======== [INITIALIZE Dataloader] ======== ####
[INFO] get dataset name:  ../../products/aiDAPTIVLink/toolkit_dataset_10k.json  training_strategy:  QA
#### ======== [INITIALIZE Model] ======== ####
[INFO] [create_hf_model] init from pretrained
[INFO] You are loading [Gemma3ForConditionalGeneration] with FlashAttention2
[INFO] You are setting [Gemma3ForConditionalGeneration] with Gradient Checkpointing
[INFO] create current swap data path: /mnt/nvme0/phison_17146
[INFO] You are accelerating [Gemma3ForConditionalGeneration] VisionEncoder with FusedEmbedding kernel
[INFO] You are accelerating [Gemma3ForConditionalGeneration] VisionEncoder with FusedGateMLP kernel
[INFO] You are accelerating [Gemma3ForConditionalGeneration] VisionEncoder with FusedQKVOLinear kernel
[INFO] You are accelerating [Gemma3ForConditionalGeneration] VisionEncoder with FusedRoPE kernel
[INFO] You are accelerating [Gemma3ForConditionalGeneration] TextDecoder with FusedEmbedding kernel
[INFO] You are accelerating [Gemma3ForConditionalGeneration] TextDecoder with FusedGateMLP kernel
[INFO] You are accelerating [Gemma3ForConditionalGeneration] TextDecoder with FusedQKVOLinear kernel
[INFO] You are accelerating [Gemma3ForConditionalGeneration] TextDecoder with FusedRoPE kernel
[INFO] You are accelerating [Gemma3ForConditionalGeneration] TextDecoder with FusedLinearXentropy kernel
[2026-09-10 13:50:31.506338] [INFO] Enable Early-stopping: False
[INFO] The current training schedule consists of 1 epochs with 12 iterations each.
[INFO] The accumulated time is set to 4 so the training will be updated 3 times during each epoch.
[INFO] If the trained model does not show significant improvement, you may consider increasing the number of update cycles.
[INFO] If the trained model shows signs of overfitting, you should decrease the number of update cycles.
[2026-09-10 13:50:31.506474] [INFO] Beginning of Epoch 1/1, Total Micro Batches 385
[2026-09-10 13:50:31.578113] [PHISON START] Epoch: 0, Iteration: 0
[2026-09-10 13:50:31.578986] [Forward][start]
[2026-09-10 13:50:41.504638] [Forward][time spent]:9.925624370574951
[2026-09-10 13:50:43.973407] [Loss]:14.191529273986816
[2026-09-10 13:50:43.973482] [Backward][start]
[2026-09-10 13:51:04.007484] [Backward][time spent]:20.03397274017334
[2026-09-10 13:51:04.007707] [Update][Start]
[2026-09-10 13:51:04.623099] [Update][time spent]:0.6153550148010254
[2026-09-10 13:51:04.623218] [PHISON END] Iteration: 0

[2026-09-10 13:51:04.660351] [PHISON START] Epoch: 0, Iteration: 1
[2026-09-10 13:51:04.660655] [Forward][start]
[2026-09-10 13:51:11.189880] [Forward][time spent]:6.5291993618011475
[2026-09-10 13:51:13.701819] [Loss]:14.754425048828125
[2026-09-10 13:51:13.701914] [Backward][start]
[2026-09-10 13:51:35.502214] [Backward][time spent]:21.800249338150024
[2026-09-10 13:51:35.502558] [Update][Start]
[2026-09-10 13:51:36.112162] [Update][time spent]:0.6095595359802246
[2026-09-10 13:51:36.112297] [PHISON END] Iteration: 1

[2026-09-10 13:51:36.147949] [PHISON START] Epoch: 0, Iteration: 2
[2026-09-10 13:51:36.148270] [Forward][start]
[2026-09-10 13:51:42.673906] [Forward][time spent]:6.525592803955078
[2026-09-10 13:51:45.187055] [Loss]:14.554665565490723
[2026-09-10 13:51:45.187136] [Backward][start]
[2026-09-10 13:52:07.085539] [Backward][time spent]:21.898351192474365
[2026-09-10 13:52:07.085814] [Update][Start]
[2026-09-10 13:52:07.689179] [Update][time spent]:0.603325605392456
[2026-09-10 13:52:07.689295] [PHISON END] Iteration: 2

[2026-09-10 13:52:07.728053] [PHISON START] Epoch: 0, Iteration: 3
[2026-09-10 13:52:07.728372] [Forward][start]
[2026-09-10 13:52:14.256795] [Forward][time spent]:6.528396844863892
[2026-09-10 13:52:16.769446] [Loss]:14.679582595825195
[2026-09-10 13:52:16.769508] [Backward][start]
[2026-09-10 13:52:38.640050] [Backward][time spent]:21.870522022247314
[2026-09-10 13:52:38.640241] [Update][Start]
using avx512bf16
max_compute_thread = 62
[2026-09-10 13:53:09.517221] [Update][time spent]:30.876908779144287
[2026-09-10 13:53:09.517392] [PHISON END] Iteration: 3

[2026-09-10 13:53:09.517425] [INFO] Training efficiency: 1347.9572258060136 (tokens/s)

[2026-09-10 13:53:09.554771] [PHISON START] Epoch: 0, Iteration: 4
[2026-09-10 13:53:09.555095] [Forward][start]
[2026-09-10 13:53:16.074414] [Forward][time spent]:6.51930046081543
[2026-09-10 13:53:18.588443] [Loss]:5.78323221206665
[2026-09-10 13:53:18.588483] [Backward][start]
[2026-09-10 13:53:36.651338] [Backward][time spent]:18.06282114982605
[2026-09-10 13:53:36.651625] [Update][Start]
[2026-09-10 13:53:37.225913] [Update][time spent]:0.5742480754852295
[2026-09-10 13:53:37.226037] [PHISON END] Iteration: 4

[2026-09-10 13:53:37.262324] [PHISON START] Epoch: 0, Iteration: 5
[2026-09-10 13:53:37.262577] [Forward][start]
[2026-09-10 13:53:43.781611] [Forward][time spent]:6.519017696380615
[2026-09-10 13:53:46.295183] [Loss]:6.577239513397217
[2026-09-10 13:53:46.295253] [Backward][start]
[2026-09-10 13:54:08.036827] [Backward][time spent]:21.74153780937195
[2026-09-10 13:54:08.037077] [Update][Start]
[2026-09-10 13:54:08.640825] [Update][time spent]:0.6037082672119141
[2026-09-10 13:54:08.640946] [PHISON END] Iteration: 5

[2026-09-10 13:54:08.678519] [PHISON START] Epoch: 0, Iteration: 6
[2026-09-10 13:54:08.678815] [Forward][start]
[2026-09-10 13:54:15.205146] [Forward][time spent]:6.5263073444366455
[2026-09-10 13:54:17.715439] [Loss]:5.992431163787842
[2026-09-10 13:54:17.715504] [Backward][start]
[2026-09-10 13:54:39.550200] [Backward][time spent]:21.83467674255371
[2026-09-10 13:54:39.550432] [Update][Start]
[2026-09-10 13:54:40.116391] [Update][time spent]:0.5659222602844238
[2026-09-10 13:54:40.116504] [PHISON END] Iteration: 6

[2026-09-10 13:54:40.152344] [PHISON START] Epoch: 0, Iteration: 7
[2026-09-10 13:54:40.152633] [Forward][start]
[2026-09-10 13:54:46.672844] [Forward][time spent]:6.520190954208374
[2026-09-10 13:54:49.185522] [Loss]:5.928902626037598
[2026-09-10 13:54:49.185582] [Backward][start]
[2026-09-10 13:55:10.993748] [Backward][time spent]:21.808147430419922
[2026-09-10 13:55:10.993944] [Update][Start]
[2026-09-10 13:55:41.053001] [Update][time spent]:30.059016704559326
[2026-09-10 13:55:41.053138] [PHISON END] Iteration: 7

[2026-09-10 13:55:41.053161] [INFO] Training efficiency: 1405.556414003123 (tokens/s)

[2026-09-10 13:55:41.087583] [PHISON START] Epoch: 0, Iteration: 8
[2026-09-10 13:55:41.087883] [Forward][start]
[2026-09-10 13:55:47.605184] [Forward][time spent]:6.517280578613281
[2026-09-10 13:55:50.118702] [Loss]:3.0496666431427
[2026-09-10 13:55:50.118772] [Backward][start]
[2026-09-10 13:56:08.178783] [Backward][time spent]:18.059990882873535
[2026-09-10 13:56:08.179005] [Update][Start]
[2026-09-10 13:56:08.732529] [Update][time spent]:0.5534837245941162
[2026-09-10 13:56:08.732655] [PHISON END] Iteration: 8

[2026-09-10 13:56:08.765874] [PHISON START] Epoch: 0, Iteration: 9
[2026-09-10 13:56:08.766164] [Forward][start]
[2026-09-10 13:56:15.291493] [Forward][time spent]:6.52531099319458
[2026-09-10 13:56:17.804261] [Loss]:3.187757968902588
[2026-09-10 13:56:17.804334] [Backward][start]
[2026-09-10 13:56:39.544207] [Backward][time spent]:21.739854335784912
[2026-09-10 13:56:39.544441] [Update][Start]
[2026-09-10 13:56:40.113669] [Update][time spent]:0.5691840648651123
[2026-09-10 13:56:40.113792] [PHISON END] Iteration: 9

[2026-09-10 13:56:40.147316] [PHISON START] Epoch: 0, Iteration: 10
[2026-09-10 13:56:40.147599] [Forward][start]
[2026-09-10 13:56:46.671172] [Forward][time spent]:6.523557662963867
[2026-09-10 13:56:49.183226] [Loss]:3.1577653884887695
[2026-09-10 13:56:49.183288] [Backward][start]
[2026-09-10 13:57:10.994098] [Backward][time spent]:21.810790538787842
[2026-09-10 13:57:10.994316] [Update][Start]
[2026-09-10 13:57:11.555618] [Update][time spent]:0.5612657070159912
[2026-09-10 13:57:11.555753] [PHISON END] Iteration: 10

[2026-09-10 13:57:11.588852] [PHISON START] Epoch: 0, Iteration: 11
[2026-09-10 13:57:11.589145] [Forward][start]
[2026-09-10 13:57:18.116487] [Forward][time spent]:6.52731990814209
[2026-09-10 13:57:20.626222] [Loss]:2.975018262863159
[2026-09-10 13:57:20.626278] [Backward][start]
[2026-09-10 13:57:42.467663] [Backward][time spent]:21.841364860534668
[2026-09-10 13:57:42.467854] [Update][Start]
[2026-09-10 13:58:12.397891] [Update][time spent]:29.929997205734253
[2026-09-10 13:58:12.398047] [PHISON END] Iteration: 11

[2026-09-10 13:58:12.398071] [INFO] Training efficiency: 1407.3286019283648 (tokens/s)

[2026-09-10 13:58:12.398182] [INFO] training complete!
Process 17147 exits successfully.
